[0.016s] Invoking command in '/root/ros2_ws/build/mg400_rviz_plugin': CMAKE_PREFIX_PATH=/root/ros2_ws/install/mg400_interface:/root/ros2_ws/install/mg400_msgs:/root/ros2_ws/install/mg400_common:/root/ros2_ws/install/p9n:/root/ros2_ws/install/p9n_test:/root/ros2_ws/install/p9n_node:/root/ros2_ws/install/p9n_example:/root/ros2_ws/install/mg400:/root/ros2_ws/install/mg400_joy:/root/ros2_ws/install/p9n_interface:/root/ros2_ws/install/mg400_tools:/root/ros2_ws/install/mg400_rviz_plugin:/root/ros2_ws/install/mg400_node:/root/ros2_ws/install/mg400_plugin:/root/ros2_ws/install/mg400_plugin_base:/root/ros2_ws/install/mg400_description:/root/ros2_ws/install/p9n_bringup:/root/ros2_ws/install/mg400_bringup:/opt/ros/humble LD_LIBRARY_PATH=/root/ros2_ws/install/mg400_msgs/lib:/root/ros2_ws/install/mg400_common/lib:/root/ros2_ws/install/p9n_test/lib:/root/ros2_ws/install/p9n_node/lib:/root/ros2_ws/install/p9n_example/lib:/root/ros2_ws/install/mg400_joy/lib:/root/ros2_ws/install/p9n_interface/lib:/root/ros2_ws/install/mg400_rviz_plugin/lib:/root/ros2_ws/install/mg400_node/lib:/root/ros2_ws/install/mg400_plugin/lib:/root/ros2_ws/install/mg400_interface/lib:/opt/ros/humble/opt/rviz_ogre_vendor/lib:/opt/ros/humble/lib/x86_64-linux-gnu:/opt/ros/humble/lib /usr/bin/cmake /root/ros2_ws/src/MG400_ROS2/mg400_rviz_plugin -DCMAKE_INSTALL_PREFIX=/root/ros2_ws/install/mg400_rviz_plugin
[0.028s] -- Found ament_cmake_auto: 1.3.14 (/opt/ros/humble/share/ament_cmake_auto/cmake)
[0.141s] -- Override CMake install command with custom implementation using symlinks instead of copying resources
[0.239s] -- Found rosidl_generator_c: 3.1.9 (/opt/ros/humble/share/rosidl_generator_c/cmake)
[0.241s] -- Found rosidl_adapter: 3.1.9 (/opt/ros/humble/share/rosidl_adapter/cmake)
[0.246s] -- Found rosidl_generator_cpp: 3.1.9 (/opt/ros/humble/share/rosidl_generator_cpp/cmake)
[0.254s] -- Using all available rosidl_typesupport_c: rosidl_typesupport_fastrtps_c;rosidl_typesupport_introspection_c
[0.263s] -- Using all available rosidl_typesupport_cpp: rosidl_typesupport_fastrtps_cpp;rosidl_typesupport_introspection_cpp
[0.343s] -- Found rmw_implementation_cmake: 6.1.3 (/opt/ros/humble/share/rmw_implementation_cmake/cmake)
[0.345s] -- Found rmw_fastrtps_cpp: 6.2.10 (/opt/ros/humble/share/rmw_fastrtps_cpp/cmake)
[0.450s] -- Using RMW implementation 'rmw_fastrtps_cpp' as default
[0.541s] -- Found eigen3_cmake_module: 0.1.1 (/opt/ros/humble/share/eigen3_cmake_module/cmake)
[0.542s] -- Ensuring Eigen3 include directory is part of orocos-kdl CMake target
[0.572s] -- Setting assimp_DIR to: '/opt/ros/humble/share/rviz_assimp_vendor/cmake/../../../opt/rviz_assimp_vendor/lib/cmake/assimp-4.1'
[0.580s] -- Setting OGRE_DIR to: '/opt/ros/humble/share/rviz_ogre_vendor/cmake/../../../opt/rviz_ogre_vendor/lib/OGRE/cmake'
[0.581s] -- Found OGRE
[0.581s] --   static     : OFF
[0.581s] --   components : HLMS;MeshLodGenerator;Overlay;Paging;Property;RTShaderSystem;Terrain;Volume
[0.581s] --   plugins    : Plugin_BSPSceneManager;Plugin_OctreeSceneManager;Plugin_PCZSceneManager;Plugin_ParticleFX;RenderSystem_GL;RenderSystem_GL3Plus;Codec_STBI
[0.582s] --   media      : /opt/ros/humble/opt/rviz_ogre_vendor/share/OGRE/Media
[0.582s] -- OGRE_LIBRARIES: OgreHLMS;OgreMeshLodGenerator;OgreOverlay;OgrePaging;OgreProperty;OgreRTShaderSystem;OgreTerrain;OgreVolume;OgreMain
[0.582s] -- OGRE_LIBRARY_DIRS: /opt/ros/humble/opt/rviz_ogre_vendor/lib
[0.582s] -- OGRE_PLUGINS: Plugin_BSPSceneManager;Plugin_OctreeSceneManager;Plugin_PCZSceneManager;Plugin_ParticleFX;RenderSystem_GL;RenderSystem_GL3Plus;Codec_STBI
[0.582s] -- OGRE_PLUGIN_DIR: /opt/ros/humble/opt/rviz_ogre_vendor/lib/OGRE
[0.582s] -- rviz_ogre_vendor::OgreOverlay for IMPORTED_LOCATION_RELEASE: /opt/ros/humble/opt/rviz_ogre_vendor/lib/libOgreOverlay.so
[0.582s] -- rviz_ogre_vendor::OgreOverlay for IMPORTED_LOCATION_DEBUG: /opt/ros/humble/opt/rviz_ogre_vendor/lib/libOgreOverlay.so
[0.582s] -- rviz_ogre_vendor::OgreMain for IMPORTED_LOCATION_RELEASE: /opt/ros/humble/opt/rviz_ogre_vendor/lib/libOgreMain.so
[0.582s] -- rviz_ogre_vendor::OgreMain for IMPORTED_LOCATION_DEBUG: /opt/ros/humble/opt/rviz_ogre_vendor/lib/libOgreMain.so
[0.582s] -- Could not find freeimage library
[0.652s] -- library: /usr/lib/x86_64-linux-gnu/libcurl.so
[0.679s] -- Found ament_lint_auto: 0.12.15 (/opt/ros/humble/share/ament_lint_auto/cmake)
[0.684s] [0mIn this package, headers install destination is set to `include` by ament_auto_package. It is recommended to install `include/mg400_rviz_plugin` instead and will be the default behavior of ament_auto_package from ROS 2 Kilted Kaiju. On distributions before Kilted, ament_auto_package behaves the same way when you use USE_SCOPED_HEADER_INSTALL_DIR option.[0m
[0.690s] -- Added test 'cppcheck' to perform static code analysis on C / C++ code
[0.690s] -- Configured cppcheck include dirs: /root/ros2_ws/src/MG400_ROS2/mg400_rviz_plugin/include
[0.690s] -- Configured cppcheck exclude dirs and/or files: 
[0.691s] -- Added test 'lint_cmake' to check CMake code style
[0.692s] -- Added test 'uncrustify' to check C / C++ code style
[0.692s] -- Configured uncrustify additional arguments: 
[0.692s] -- Added test 'xmllint' to check XML markup files
[0.696s] -- Configuring done
[0.747s] -- Generating done
[0.752s] -- Build files have been written to: /root/ros2_ws/build/mg400_rviz_plugin
[0.762s] Invoked command in '/root/ros2_ws/build/mg400_rviz_plugin' returned '0': CMAKE_PREFIX_PATH=/root/ros2_ws/install/mg400_interface:/root/ros2_ws/install/mg400_msgs:/root/ros2_ws/install/mg400_common:/root/ros2_ws/install/p9n:/root/ros2_ws/install/p9n_test:/root/ros2_ws/install/p9n_node:/root/ros2_ws/install/p9n_example:/root/ros2_ws/install/mg400:/root/ros2_ws/install/mg400_joy:/root/ros2_ws/install/p9n_interface:/root/ros2_ws/install/mg400_tools:/root/ros2_ws/install/mg400_rviz_plugin:/root/ros2_ws/install/mg400_node:/root/ros2_ws/install/mg400_plugin:/root/ros2_ws/install/mg400_plugin_base:/root/ros2_ws/install/mg400_description:/root/ros2_ws/install/p9n_bringup:/root/ros2_ws/install/mg400_bringup:/opt/ros/humble LD_LIBRARY_PATH=/root/ros2_ws/install/mg400_msgs/lib:/root/ros2_ws/install/mg400_common/lib:/root/ros2_ws/install/p9n_test/lib:/root/ros2_ws/install/p9n_node/lib:/root/ros2_ws/install/p9n_example/lib:/root/ros2_ws/install/mg400_joy/lib:/root/ros2_ws/install/p9n_interface/lib:/root/ros2_ws/install/mg400_rviz_plugin/lib:/root/ros2_ws/install/mg400_node/lib:/root/ros2_ws/install/mg400_plugin/lib:/root/ros2_ws/install/mg400_interface/lib:/opt/ros/humble/opt/rviz_ogre_vendor/lib:/opt/ros/humble/lib/x86_64-linux-gnu:/opt/ros/humble/lib /usr/bin/cmake /root/ros2_ws/src/MG400_ROS2/mg400_rviz_plugin -DCMAKE_INSTALL_PREFIX=/root/ros2_ws/install/mg400_rviz_plugin
[0.764s] Invoking command in '/root/ros2_ws/build/mg400_rviz_plugin': CMAKE_PREFIX_PATH=/root/ros2_ws/install/mg400_interface:/root/ros2_ws/install/mg400_msgs:/root/ros2_ws/install/mg400_common:/root/ros2_ws/install/p9n:/root/ros2_ws/install/p9n_test:/root/ros2_ws/install/p9n_node:/root/ros2_ws/install/p9n_example:/root/ros2_ws/install/mg400:/root/ros2_ws/install/mg400_joy:/root/ros2_ws/install/p9n_interface:/root/ros2_ws/install/mg400_tools:/root/ros2_ws/install/mg400_rviz_plugin:/root/ros2_ws/install/mg400_node:/root/ros2_ws/install/mg400_plugin:/root/ros2_ws/install/mg400_plugin_base:/root/ros2_ws/install/mg400_description:/root/ros2_ws/install/p9n_bringup:/root/ros2_ws/install/mg400_bringup:/opt/ros/humble LD_LIBRARY_PATH=/root/ros2_ws/install/mg400_msgs/lib:/root/ros2_ws/install/mg400_common/lib:/root/ros2_ws/install/p9n_test/lib:/root/ros2_ws/install/p9n_node/lib:/root/ros2_ws/install/p9n_example/lib:/root/ros2_ws/install/mg400_joy/lib:/root/ros2_ws/install/p9n_interface/lib:/root/ros2_ws/install/mg400_rviz_plugin/lib:/root/ros2_ws/install/mg400_node/lib:/root/ros2_ws/install/mg400_plugin/lib:/root/ros2_ws/install/mg400_interface/lib:/opt/ros/humble/opt/rviz_ogre_vendor/lib:/opt/ros/humble/lib/x86_64-linux-gnu:/opt/ros/humble/lib /usr/bin/cmake --build /root/ros2_ws/build/mg400_rviz_plugin -- -j16 -l16
[0.828s] [ 16%] [34m[1mAutomatic MOC for target mg400_rviz_plugin[0m
[0.850s] [ 16%] Built target mg400_rviz_plugin_autogen
[0.864s] [35m[1mConsolidate compiler generated dependencies of target mg400_rviz_plugin[0m
[0.905s] [100%] Built target mg400_rviz_plugin
[0.918s] Invoked command in '/root/ros2_ws/build/mg400_rviz_plugin' returned '0': CMAKE_PREFIX_PATH=/root/ros2_ws/install/mg400_interface:/root/ros2_ws/install/mg400_msgs:/root/ros2_ws/install/mg400_common:/root/ros2_ws/install/p9n:/root/ros2_ws/install/p9n_test:/root/ros2_ws/install/p9n_node:/root/ros2_ws/install/p9n_example:/root/ros2_ws/install/mg400:/root/ros2_ws/install/mg400_joy:/root/ros2_ws/install/p9n_interface:/root/ros2_ws/install/mg400_tools:/root/ros2_ws/install/mg400_rviz_plugin:/root/ros2_ws/install/mg400_node:/root/ros2_ws/install/mg400_plugin:/root/ros2_ws/install/mg400_plugin_base:/root/ros2_ws/install/mg400_description:/root/ros2_ws/install/p9n_bringup:/root/ros2_ws/install/mg400_bringup:/opt/ros/humble LD_LIBRARY_PATH=/root/ros2_ws/install/mg400_msgs/lib:/root/ros2_ws/install/mg400_common/lib:/root/ros2_ws/install/p9n_test/lib:/root/ros2_ws/install/p9n_node/lib:/root/ros2_ws/install/p9n_example/lib:/root/ros2_ws/install/mg400_joy/lib:/root/ros2_ws/install/p9n_interface/lib:/root/ros2_ws/install/mg400_rviz_plugin/lib:/root/ros2_ws/install/mg400_node/lib:/root/ros2_ws/install/mg400_plugin/lib:/root/ros2_ws/install/mg400_interface/lib:/opt/ros/humble/opt/rviz_ogre_vendor/lib:/opt/ros/humble/lib/x86_64-linux-gnu:/opt/ros/humble/lib /usr/bin/cmake --build /root/ros2_ws/build/mg400_rviz_plugin -- -j16 -l16
[0.919s] Invoking command in '/root/ros2_ws/build/mg400_rviz_plugin': CMAKE_PREFIX_PATH=/root/ros2_ws/install/mg400_interface:/root/ros2_ws/install/mg400_msgs:/root/ros2_ws/install/mg400_common:/root/ros2_ws/install/p9n:/root/ros2_ws/install/p9n_test:/root/ros2_ws/install/p9n_node:/root/ros2_ws/install/p9n_example:/root/ros2_ws/install/mg400:/root/ros2_ws/install/mg400_joy:/root/ros2_ws/install/p9n_interface:/root/ros2_ws/install/mg400_tools:/root/ros2_ws/install/mg400_rviz_plugin:/root/ros2_ws/install/mg400_node:/root/ros2_ws/install/mg400_plugin:/root/ros2_ws/install/mg400_plugin_base:/root/ros2_ws/install/mg400_description:/root/ros2_ws/install/p9n_bringup:/root/ros2_ws/install/mg400_bringup:/opt/ros/humble LD_LIBRARY_PATH=/root/ros2_ws/install/mg400_msgs/lib:/root/ros2_ws/install/mg400_common/lib:/root/ros2_ws/install/p9n_test/lib:/root/ros2_ws/install/p9n_node/lib:/root/ros2_ws/install/p9n_example/lib:/root/ros2_ws/install/mg400_joy/lib:/root/ros2_ws/install/p9n_interface/lib:/root/ros2_ws/install/mg400_rviz_plugin/lib:/root/ros2_ws/install/mg400_node/lib:/root/ros2_ws/install/mg400_plugin/lib:/root/ros2_ws/install/mg400_interface/lib:/opt/ros/humble/opt/rviz_ogre_vendor/lib:/opt/ros/humble/lib/x86_64-linux-gnu:/opt/ros/humble/lib /usr/bin/cmake --install /root/ros2_ws/build/mg400_rviz_plugin
[0.927s] -- Install configuration: ""
[0.928s] -- Execute custom install script
[0.928s] -- Up-to-date symlink: /root/ros2_ws/install/mg400_rviz_plugin/share/mg400_rviz_plugin//plugins_description.xml
[0.928s] -- Up-to-date symlink: /root/ros2_ws/install/mg400_rviz_plugin/include/mg400_rviz_plugin/panel_mg400_controller.hpp
[0.928s] -- Up-to-date symlink: /root/ros2_ws/install/mg400_rviz_plugin/share/mg400_rviz_plugin/environment/library_path.sh
[0.928s] -- Up-to-date symlink: /root/ros2_ws/install/mg400_rviz_plugin/share/mg400_rviz_plugin/environment/library_path.dsv
[0.929s] -- Up-to-date symlink: /root/ros2_ws/install/mg400_rviz_plugin/lib/libmg400_rviz_plugin.so
[0.929s] -- Up-to-date symlink: /root/ros2_ws/install/mg400_rviz_plugin/share/ament_index/resource_index/package_run_dependencies/mg400_rviz_plugin
[0.929s] -- Up-to-date symlink: /root/ros2_ws/install/mg400_rviz_plugin/share/ament_index/resource_index/parent_prefix_path/mg400_rviz_plugin
[0.929s] -- Up-to-date symlink: /root/ros2_ws/install/mg400_rviz_plugin/share/mg400_rviz_plugin/environment/ament_prefix_path.sh
[0.929s] -- Up-to-date symlink: /root/ros2_ws/install/mg400_rviz_plugin/share/mg400_rviz_plugin/environment/ament_prefix_path.dsv
[0.929s] -- Up-to-date symlink: /root/ros2_ws/install/mg400_rviz_plugin/share/mg400_rviz_plugin/environment/path.sh
[0.929s] -- Up-to-date symlink: /root/ros2_ws/install/mg400_rviz_plugin/share/mg400_rviz_plugin/environment/path.dsv
[0.929s] -- Up-to-date symlink: /root/ros2_ws/install/mg400_rviz_plugin/share/mg400_rviz_plugin/local_setup.bash
[0.930s] -- Up-to-date symlink: /root/ros2_ws/install/mg400_rviz_plugin/share/mg400_rviz_plugin/local_setup.sh
[0.930s] -- Up-to-date symlink: /root/ros2_ws/install/mg400_rviz_plugin/share/mg400_rviz_plugin/local_setup.zsh
[0.930s] -- Up-to-date symlink: /root/ros2_ws/install/mg400_rviz_plugin/share/mg400_rviz_plugin/local_setup.dsv
[0.930s] -- Symlinking: /root/ros2_ws/install/mg400_rviz_plugin/share/mg400_rviz_plugin/package.dsv
[0.939s] -- Up-to-date symlink: /root/ros2_ws/install/mg400_rviz_plugin/share/ament_index/resource_index/packages/mg400_rviz_plugin
[0.940s] -- Up-to-date symlink: /root/ros2_ws/install/mg400_rviz_plugin/share/ament_index/resource_index/rviz_common__pluginlib__plugin/mg400_rviz_plugin
[0.940s] -- Up-to-date symlink: /root/ros2_ws/install/mg400_rviz_plugin/share/mg400_rviz_plugin/cmake/ament_cmake_export_dependencies-extras.cmake
[0.940s] -- Up-to-date symlink: /root/ros2_ws/install/mg400_rviz_plugin/share/mg400_rviz_plugin/cmake/ament_cmake_export_include_directories-extras.cmake
[0.940s] -- Up-to-date symlink: /root/ros2_ws/install/mg400_rviz_plugin/share/mg400_rviz_plugin/cmake/ament_cmake_export_libraries-extras.cmake
[0.940s] -- Up-to-date symlink: /root/ros2_ws/install/mg400_rviz_plugin/share/mg400_rviz_plugin/cmake/mg400_rviz_pluginConfig.cmake
[0.940s] -- Up-to-date symlink: /root/ros2_ws/install/mg400_rviz_plugin/share/mg400_rviz_plugin/cmake/mg400_rviz_pluginConfig-version.cmake
[0.940s] -- Up-to-date symlink: /root/ros2_ws/install/mg400_rviz_plugin/share/mg400_rviz_plugin/package.xml
[0.942s] Invoked command in '/root/ros2_ws/build/mg400_rviz_plugin' returned '0': CMAKE_PREFIX_PATH=/root/ros2_ws/install/mg400_interface:/root/ros2_ws/install/mg400_msgs:/root/ros2_ws/install/mg400_common:/root/ros2_ws/install/p9n:/root/ros2_ws/install/p9n_test:/root/ros2_ws/install/p9n_node:/root/ros2_ws/install/p9n_example:/root/ros2_ws/install/mg400:/root/ros2_ws/install/mg400_joy:/root/ros2_ws/install/p9n_interface:/root/ros2_ws/install/mg400_tools:/root/ros2_ws/install/mg400_rviz_plugin:/root/ros2_ws/install/mg400_node:/root/ros2_ws/install/mg400_plugin:/root/ros2_ws/install/mg400_plugin_base:/root/ros2_ws/install/mg400_description:/root/ros2_ws/install/p9n_bringup:/root/ros2_ws/install/mg400_bringup:/opt/ros/humble LD_LIBRARY_PATH=/root/ros2_ws/install/mg400_msgs/lib:/root/ros2_ws/install/mg400_common/lib:/root/ros2_ws/install/p9n_test/lib:/root/ros2_ws/install/p9n_node/lib:/root/ros2_ws/install/p9n_example/lib:/root/ros2_ws/install/mg400_joy/lib:/root/ros2_ws/install/p9n_interface/lib:/root/ros2_ws/install/mg400_rviz_plugin/lib:/root/ros2_ws/install/mg400_node/lib:/root/ros2_ws/install/mg400_plugin/lib:/root/ros2_ws/install/mg400_interface/lib:/opt/ros/humble/opt/rviz_ogre_vendor/lib:/opt/ros/humble/lib/x86_64-linux-gnu:/opt/ros/humble/lib /usr/bin/cmake --install /root/ros2_ws/build/mg400_rviz_plugin
