-- The C compiler identification is GNU 11.4.0
-- The CXX compiler identification is GNU 11.4.0
-- Detecting C compiler ABI info
-- Detecting C compiler ABI info - done
-- Check for working C compiler: /usr/bin/cc - skipped
-- Detecting C compile features
-- Detecting C compile features - done
-- Detecting CXX compiler ABI info
-- Detecting CXX compiler ABI info - done
-- Check for working CXX compiler: /usr/bin/c++ - skipped
-- Detecting CXX compile features
-- Detecting CXX compile features - done
-- Found ament_cmake_auto: 1.3.14 (/opt/ros/humble/share/ament_cmake_auto/cmake)
-- Found Python3: /usr/bin/python3 (found version "3.10.12") found components: Interpreter 
-- Override CMake install command with custom implementation using symlinks instead of copying resources
-- Found rosidl_generator_c: 3.1.9 (/opt/ros/humble/share/rosidl_generator_c/cmake)
-- Found rosidl_adapter: 3.1.9 (/opt/ros/humble/share/rosidl_adapter/cmake)
-- Found rosidl_generator_cpp: 3.1.9 (/opt/ros/humble/share/rosidl_generator_cpp/cmake)
-- Using all available rosidl_typesupport_c: rosidl_typesupport_fastrtps_c;rosidl_typesupport_introspection_c
-- Using all available rosidl_typesupport_cpp: rosidl_typesupport_fastrtps_cpp;rosidl_typesupport_introspection_cpp
-- Found ament_lint_auto: 0.12.15 (/opt/ros/humble/share/ament_lint_auto/cmake)
-- Added test 'lint_cmake' to check CMake code style
-- Added test 'xmllint' to check XML markup files
-- Configuring done
-- Generating done
-- Build files have been written to: /root/ros2_ws/build/mg400_description
-- Install configuration: ""
-- Execute custom install script
-- Symlinking: /root/ros2_ws/install/mg400_description/share/mg400_description/urdf/.gitkeep
-- Symlinking: /root/ros2_ws/install/mg400_description/share/mg400_description/urdf/common/constants.xacro
-- Symlinking: /root/ros2_ws/install/mg400_description/share/mg400_description/urdf/mg400.urdf.xacro
-- Symlinking: /root/ros2_ws/install/mg400_description/share/mg400_description/urdf/mg400.xacro
-- Symlinking: /root/ros2_ws/install/mg400_description/share/mg400_description/meshes/.gitkeep
-- Symlinking: /root/ros2_ws/install/mg400_description/share/mg400_description/meshes/base_link.dae
-- Symlinking: /root/ros2_ws/install/mg400_description/share/mg400_description/meshes/flange.dae
-- Symlinking: /root/ros2_ws/install/mg400_description/share/mg400_description/meshes/link1.dae
-- Symlinking: /root/ros2_ws/install/mg400_description/share/mg400_description/meshes/link2_1.dae
-- Symlinking: /root/ros2_ws/install/mg400_description/share/mg400_description/meshes/link2_2.dae
-- Symlinking: /root/ros2_ws/install/mg400_description/share/mg400_description/meshes/link3_1.dae
-- Symlinking: /root/ros2_ws/install/mg400_description/share/mg400_description/meshes/link3_2.dae
-- Symlinking: /root/ros2_ws/install/mg400_description/share/mg400_description/meshes/link4_1.dae
-- Symlinking: /root/ros2_ws/install/mg400_description/share/mg400_description/meshes/link4_2.dae
-- Symlinking: /root/ros2_ws/install/mg400_description/share/mg400_description/meshes/link4_3.dae
-- Symlinking: /root/ros2_ws/install/mg400_description/share/mg400_description/meshes/link5.dae
-- Symlinking: /root/ros2_ws/install/mg400_description/share/mg400_description/meshes/workspace.dae
-- Symlinking: /root/ros2_ws/install/mg400_description/share/ament_index/resource_index/package_run_dependencies/mg400_description
-- Symlinking: /root/ros2_ws/install/mg400_description/share/ament_index/resource_index/parent_prefix_path/mg400_description
-- Symlinking: /root/ros2_ws/install/mg400_description/share/mg400_description/environment/ament_prefix_path.sh
-- Symlinking: /root/ros2_ws/install/mg400_description/share/mg400_description/environment/ament_prefix_path.dsv
-- Symlinking: /root/ros2_ws/install/mg400_description/share/mg400_description/environment/path.sh
-- Symlinking: /root/ros2_ws/install/mg400_description/share/mg400_description/environment/path.dsv
-- Symlinking: /root/ros2_ws/install/mg400_description/share/mg400_description/local_setup.bash
-- Symlinking: /root/ros2_ws/install/mg400_description/share/mg400_description/local_setup.sh
-- Symlinking: /root/ros2_ws/install/mg400_description/share/mg400_description/local_setup.zsh
-- Symlinking: /root/ros2_ws/install/mg400_description/share/mg400_description/local_setup.dsv
-- Symlinking: /root/ros2_ws/install/mg400_description/share/mg400_description/package.dsv
-- Symlinking: /root/ros2_ws/install/mg400_description/share/ament_index/resource_index/packages/mg400_description
-- Symlinking: /root/ros2_ws/install/mg400_description/share/mg400_description/cmake/ament_cmake_export_dependencies-extras.cmake
-- Symlinking: /root/ros2_ws/install/mg400_description/share/mg400_description/cmake/mg400_descriptionConfig.cmake
-- Symlinking: /root/ros2_ws/install/mg400_description/share/mg400_description/cmake/mg400_descriptionConfig-version.cmake
-- Symlinking: /root/ros2_ws/install/mg400_description/share/mg400_description/package.xml
