[0.013s] Invoking command in '/root/ros2_ws/build/mg400_description': CMAKE_PREFIX_PATH=/opt/ros/humble /usr/bin/cmake /root/ros2_ws/src/MG400_ROS2/mg400_description -DAMENT_CMAKE_SYMLINK_INSTALL=1 -DCMAKE_INSTALL_PREFIX=/root/ros2_ws/install/mg400_description
[0.056s] -- The C compiler identification is GNU 11.4.0
[0.104s] -- The CXX compiler identification is GNU 11.4.0
[0.110s] -- Detecting C compiler ABI info
[0.166s] -- Detecting C compiler ABI info - done
[0.171s] -- Check for working C compiler: /usr/bin/cc - skipped
[0.171s] -- Detecting C compile features
[0.172s] -- Detecting C compile features - done
[0.174s] -- Detecting CXX compiler ABI info
[0.242s] -- Detecting CXX compiler ABI info - done
[0.247s] -- Check for working CXX compiler: /usr/bin/c++ - skipped
[0.248s] -- Detecting CXX compile features
[0.248s] -- Detecting CXX compile features - done
[0.250s] -- Found ament_cmake_auto: 1.3.14 (/opt/ros/humble/share/ament_cmake_auto/cmake)
[0.371s] -- Found Python3: /usr/bin/python3 (found version "3.10.12") found components: Interpreter 
[0.423s] -- Override CMake install command with custom implementation using symlinks instead of copying resources
[0.528s] -- Found rosidl_generator_c: 3.1.9 (/opt/ros/humble/share/rosidl_generator_c/cmake)
[0.532s] -- Found rosidl_adapter: 3.1.9 (/opt/ros/humble/share/rosidl_adapter/cmake)
[0.540s] -- Found rosidl_generator_cpp: 3.1.9 (/opt/ros/humble/share/rosidl_generator_cpp/cmake)
[0.550s] -- Using all available rosidl_typesupport_c: rosidl_typesupport_fastrtps_c;rosidl_typesupport_introspection_c
[0.563s] -- Using all available rosidl_typesupport_cpp: rosidl_typesupport_fastrtps_cpp;rosidl_typesupport_introspection_cpp
[0.585s] -- Found ament_lint_auto: 0.12.15 (/opt/ros/humble/share/ament_lint_auto/cmake)
[0.604s] -- Added test 'lint_cmake' to check CMake code style
[0.606s] -- Added test 'xmllint' to check XML markup files
[0.608s] -- Configuring done
[0.612s] -- Generating done
[0.613s] -- Build files have been written to: /root/ros2_ws/build/mg400_description
[0.619s] Invoked command in '/root/ros2_ws/build/mg400_description' returned '0': CMAKE_PREFIX_PATH=/opt/ros/humble /usr/bin/cmake /root/ros2_ws/src/MG400_ROS2/mg400_description -DAMENT_CMAKE_SYMLINK_INSTALL=1 -DCMAKE_INSTALL_PREFIX=/root/ros2_ws/install/mg400_description
[0.620s] Invoking command in '/root/ros2_ws/build/mg400_description': CMAKE_PREFIX_PATH=/opt/ros/humble /usr/bin/cmake --build /root/ros2_ws/build/mg400_description -- -j16 -l16
[0.655s] Invoked command in '/root/ros2_ws/build/mg400_description' returned '0': CMAKE_PREFIX_PATH=/opt/ros/humble /usr/bin/cmake --build /root/ros2_ws/build/mg400_description -- -j16 -l16
[0.664s] Invoking command in '/root/ros2_ws/build/mg400_description': CMAKE_PREFIX_PATH=/opt/ros/humble /usr/bin/cmake --install /root/ros2_ws/build/mg400_description
[0.670s] -- Install configuration: ""
[0.671s] -- Execute custom install script
[0.671s] -- Symlinking: /root/ros2_ws/install/mg400_description/share/mg400_description/urdf/.gitkeep
[0.678s] -- Symlinking: /root/ros2_ws/install/mg400_description/share/mg400_description/urdf/common/constants.xacro
[0.686s] -- Symlinking: /root/ros2_ws/install/mg400_description/share/mg400_description/urdf/mg400.urdf.xacro
[0.694s] -- Symlinking: /root/ros2_ws/install/mg400_description/share/mg400_description/urdf/mg400.xacro
[0.702s] -- Symlinking: /root/ros2_ws/install/mg400_description/share/mg400_description/meshes/.gitkeep
[0.709s] -- Symlinking: /root/ros2_ws/install/mg400_description/share/mg400_description/meshes/base_link.dae
[0.717s] -- Symlinking: /root/ros2_ws/install/mg400_description/share/mg400_description/meshes/flange.dae
[0.725s] -- Symlinking: /root/ros2_ws/install/mg400_description/share/mg400_description/meshes/link1.dae
[0.732s] -- Symlinking: /root/ros2_ws/install/mg400_description/share/mg400_description/meshes/link2_1.dae
[0.741s] -- Symlinking: /root/ros2_ws/install/mg400_description/share/mg400_description/meshes/link2_2.dae
[0.748s] -- Symlinking: /root/ros2_ws/install/mg400_description/share/mg400_description/meshes/link3_1.dae
[0.756s] -- Symlinking: /root/ros2_ws/install/mg400_description/share/mg400_description/meshes/link3_2.dae
[0.764s] -- Symlinking: /root/ros2_ws/install/mg400_description/share/mg400_description/meshes/link4_1.dae
[0.771s] -- Symlinking: /root/ros2_ws/install/mg400_description/share/mg400_description/meshes/link4_2.dae
[0.779s] -- Symlinking: /root/ros2_ws/install/mg400_description/share/mg400_description/meshes/link4_3.dae
[0.787s] -- Symlinking: /root/ros2_ws/install/mg400_description/share/mg400_description/meshes/link5.dae
[0.796s] -- Symlinking: /root/ros2_ws/install/mg400_description/share/mg400_description/meshes/workspace.dae
[0.804s] -- Symlinking: /root/ros2_ws/install/mg400_description/share/ament_index/resource_index/package_run_dependencies/mg400_description
[0.811s] -- Symlinking: /root/ros2_ws/install/mg400_description/share/ament_index/resource_index/parent_prefix_path/mg400_description
[0.820s] -- Symlinking: /root/ros2_ws/install/mg400_description/share/mg400_description/environment/ament_prefix_path.sh
[0.829s] -- Symlinking: /root/ros2_ws/install/mg400_description/share/mg400_description/environment/ament_prefix_path.dsv
[0.838s] -- Symlinking: /root/ros2_ws/install/mg400_description/share/mg400_description/environment/path.sh
[0.846s] -- Symlinking: /root/ros2_ws/install/mg400_description/share/mg400_description/environment/path.dsv
[0.854s] -- Symlinking: /root/ros2_ws/install/mg400_description/share/mg400_description/local_setup.bash
[0.863s] -- Symlinking: /root/ros2_ws/install/mg400_description/share/mg400_description/local_setup.sh
[0.871s] -- Symlinking: /root/ros2_ws/install/mg400_description/share/mg400_description/local_setup.zsh
[0.879s] -- Symlinking: /root/ros2_ws/install/mg400_description/share/mg400_description/local_setup.dsv
[0.887s] -- Symlinking: /root/ros2_ws/install/mg400_description/share/mg400_description/package.dsv
[0.896s] -- Symlinking: /root/ros2_ws/install/mg400_description/share/ament_index/resource_index/packages/mg400_description
[0.904s] -- Symlinking: /root/ros2_ws/install/mg400_description/share/mg400_description/cmake/ament_cmake_export_dependencies-extras.cmake
[0.913s] -- Symlinking: /root/ros2_ws/install/mg400_description/share/mg400_description/cmake/mg400_descriptionConfig.cmake
[0.921s] -- Symlinking: /root/ros2_ws/install/mg400_description/share/mg400_description/cmake/mg400_descriptionConfig-version.cmake
[0.930s] -- Symlinking: /root/ros2_ws/install/mg400_description/share/mg400_description/package.xml
[0.941s] Invoked command in '/root/ros2_ws/build/mg400_description' returned '0': CMAKE_PREFIX_PATH=/opt/ros/humble /usr/bin/cmake --install /root/ros2_ws/build/mg400_description
