-- The C compiler identification is GNU 11.4.0
-- The CXX compiler identification is GNU 11.4.0
-- Detecting C compiler ABI info
-- Detecting C compiler ABI info - done
-- Check for working C compiler: /usr/bin/cc - skipped
-- Detecting C compile features
-- Detecting C compile features - done
-- Detecting CXX compiler ABI info
-- Detecting CXX compiler ABI info - done
-- Check for working CXX compiler: /usr/bin/c++ - skipped
-- Detecting CXX compile features
-- Detecting CXX compile features - done
-- Found ament_cmake: 1.3.14 (/opt/ros/humble/share/ament_cmake/cmake)
-- Found Python3: /usr/bin/python3 (found version "3.10.12") found components: Interpreter 
-- Override CMake install command with custom implementation using symlinks instead of copying resources
-- Found ament_lint_auto: 0.12.15 (/opt/ros/humble/share/ament_lint_auto/cmake)
-- Added test 'lint_cmake' to check CMake code style
-- Added test 'xmllint' to check XML markup files
-- Configuring done
-- Generating done
-- Build files have been written to: /root/ros2_ws/build/mg400
-- Install configuration: ""
-- Execute custom install script
-- Symlinking: /root/ros2_ws/install/mg400/share/ament_index/resource_index/package_run_dependencies/mg400
-- Symlinking: /root/ros2_ws/install/mg400/share/ament_index/resource_index/parent_prefix_path/mg400
-- Symlinking: /root/ros2_ws/install/mg400/share/mg400/environment/ament_prefix_path.sh
-- Symlinking: /root/ros2_ws/install/mg400/share/mg400/environment/ament_prefix_path.dsv
-- Symlinking: /root/ros2_ws/install/mg400/share/mg400/environment/path.sh
-- Symlinking: /root/ros2_ws/install/mg400/share/mg400/environment/path.dsv
-- Symlinking: /root/ros2_ws/install/mg400/share/mg400/local_setup.bash
-- Symlinking: /root/ros2_ws/install/mg400/share/mg400/local_setup.sh
-- Symlinking: /root/ros2_ws/install/mg400/share/mg400/local_setup.zsh
-- Symlinking: /root/ros2_ws/install/mg400/share/mg400/local_setup.dsv
-- Symlinking: /root/ros2_ws/install/mg400/share/mg400/package.dsv
-- Symlinking: /root/ros2_ws/install/mg400/share/ament_index/resource_index/packages/mg400
-- Symlinking: /root/ros2_ws/install/mg400/share/mg400/cmake/mg400Config.cmake
-- Symlinking: /root/ros2_ws/install/mg400/share/mg400/cmake/mg400Config-version.cmake
-- Symlinking: /root/ros2_ws/install/mg400/share/mg400/package.xml
