[0.024s] Invoking command in '/root/ros2_ws/build/mg400_common': CMAKE_PREFIX_PATH=${CMAKE_PREFIX_PATH}:/root/ros2_ws/install/p9n_bringup:/root/ros2_ws/install/mg400_bringup:/opt/ros/humble /usr/bin/cmake --build /root/ros2_ws/build/mg400_common -- -j16 -l16
[0.079s] [ 37%] Built target gtest_main
[0.079s] [ 50%] Built target mg400_common
[0.080s] [ 75%] Built target gtest
[0.107s] [100%] Built target test_mg400_kinematics
[0.134s] Invoked command in '/root/ros2_ws/build/mg400_common' returned '0': CMAKE_PREFIX_PATH=${CMAKE_PREFIX_PATH}:/root/ros2_ws/install/p9n_bringup:/root/ros2_ws/install/mg400_bringup:/opt/ros/humble /usr/bin/cmake --build /root/ros2_ws/build/mg400_common -- -j16 -l16
[0.135s] Invoking command in '/root/ros2_ws/build/mg400_common': CMAKE_PREFIX_PATH=${CMAKE_PREFIX_PATH}:/root/ros2_ws/install/p9n_bringup:/root/ros2_ws/install/mg400_bringup:/opt/ros/humble /usr/bin/cmake --install /root/ros2_ws/build/mg400_common
[0.143s] -- Install configuration: ""
[0.144s] -- Execute custom install script
[0.145s] -- Up-to-date symlink: /root/ros2_ws/install/mg400_common/include/mg400_common/kinematics.hpp
[0.145s] -- Up-to-date symlink: /root/ros2_ws/install/mg400_common/include/mg400_common/mg400_ik_util.hpp
[0.145s] -- Up-to-date symlink: /root/ros2_ws/install/mg400_common/share/mg400_common/environment/library_path.sh
[0.145s] -- Up-to-date symlink: /root/ros2_ws/install/mg400_common/share/mg400_common/environment/library_path.dsv
[0.145s] -- Up-to-date symlink: /root/ros2_ws/install/mg400_common/lib/libmg400_common.so
[0.145s] -- Up-to-date symlink: /root/ros2_ws/install/mg400_common/share/ament_index/resource_index/package_run_dependencies/mg400_common
[0.146s] -- Up-to-date symlink: /root/ros2_ws/install/mg400_common/share/ament_index/resource_index/parent_prefix_path/mg400_common
[0.146s] -- Up-to-date symlink: /root/ros2_ws/install/mg400_common/share/mg400_common/environment/ament_prefix_path.sh
[0.146s] -- Up-to-date symlink: /root/ros2_ws/install/mg400_common/share/mg400_common/environment/ament_prefix_path.dsv
[0.146s] -- Up-to-date symlink: /root/ros2_ws/install/mg400_common/share/mg400_common/environment/path.sh
[0.146s] -- Up-to-date symlink: /root/ros2_ws/install/mg400_common/share/mg400_common/environment/path.dsv
[0.146s] -- Up-to-date symlink: /root/ros2_ws/install/mg400_common/share/mg400_common/local_setup.bash
[0.147s] -- Up-to-date symlink: /root/ros2_ws/install/mg400_common/share/mg400_common/local_setup.sh
[0.147s] -- Up-to-date symlink: /root/ros2_ws/install/mg400_common/share/mg400_common/local_setup.zsh
[0.147s] -- Up-to-date symlink: /root/ros2_ws/install/mg400_common/share/mg400_common/local_setup.dsv
[0.148s] -- Symlinking: /root/ros2_ws/install/mg400_common/share/mg400_common/package.dsv
[0.160s] -- Up-to-date symlink: /root/ros2_ws/install/mg400_common/share/ament_index/resource_index/packages/mg400_common
[0.161s] -- Up-to-date symlink: /root/ros2_ws/install/mg400_common/share/mg400_common/cmake/ament_cmake_export_include_directories-extras.cmake
[0.161s] -- Up-to-date symlink: /root/ros2_ws/install/mg400_common/share/mg400_common/cmake/ament_cmake_export_libraries-extras.cmake
[0.161s] -- Up-to-date symlink: /root/ros2_ws/install/mg400_common/share/mg400_common/cmake/mg400_commonConfig.cmake
[0.161s] -- Up-to-date symlink: /root/ros2_ws/install/mg400_common/share/mg400_common/cmake/mg400_commonConfig-version.cmake
[0.162s] -- Up-to-date symlink: /root/ros2_ws/install/mg400_common/share/mg400_common/package.xml
[0.174s] Invoked command in '/root/ros2_ws/build/mg400_common' returned '0': CMAKE_PREFIX_PATH=${CMAKE_PREFIX_PATH}:/root/ros2_ws/install/p9n_bringup:/root/ros2_ws/install/mg400_bringup:/opt/ros/humble /usr/bin/cmake --install /root/ros2_ws/build/mg400_common
