[0.016s] Invoking command in '/root/ros2_ws/build/p9n_node': CMAKE_PREFIX_PATH=/root/ros2_ws/install/p9n_interface:/root/ros2_ws/install/p9n:/root/ros2_ws/install/p9n_test:/root/ros2_ws/install/p9n_node:/root/ros2_ws/install/p9n_example:/root/ros2_ws/install/mg400:/root/ros2_ws/install/mg400_joy:/root/ros2_ws/install/mg400_tools:/root/ros2_ws/install/mg400_rviz_plugin:/root/ros2_ws/install/mg400_node:/root/ros2_ws/install/mg400_plugin:/root/ros2_ws/install/mg400_plugin_base:/root/ros2_ws/install/mg400_interface:/root/ros2_ws/install/mg400_msgs:/root/ros2_ws/install/mg400_description:/root/ros2_ws/install/mg400_common:/root/ros2_ws/install/p9n_bringup:/root/ros2_ws/install/mg400_bringup:/opt/ros/humble /usr/bin/cmake /root/ros2_ws/src/PlayStation-JoyInterface-ROS2/p9n_node -DCMAKE_INSTALL_PREFIX=/root/ros2_ws/install/p9n_node
[0.028s] -- Found ament_cmake_auto: 1.3.14 (/opt/ros/humble/share/ament_cmake_auto/cmake)
[0.140s] -- Override CMake install command with custom implementation using symlinks instead of copying resources
[0.232s] -- Found rosidl_generator_c: 3.1.9 (/opt/ros/humble/share/rosidl_generator_c/cmake)
[0.234s] -- Found rosidl_adapter: 3.1.9 (/opt/ros/humble/share/rosidl_adapter/cmake)
[0.239s] -- Found rosidl_generator_cpp: 3.1.9 (/opt/ros/humble/share/rosidl_generator_cpp/cmake)
[0.246s] -- Using all available rosidl_typesupport_c: rosidl_typesupport_fastrtps_c;rosidl_typesupport_introspection_c
[0.254s] -- Using all available rosidl_typesupport_cpp: rosidl_typesupport_fastrtps_cpp;rosidl_typesupport_introspection_cpp
[0.294s] -- Found rmw_implementation_cmake: 6.1.3 (/opt/ros/humble/share/rmw_implementation_cmake/cmake)
[0.295s] -- Found rmw_fastrtps_cpp: 6.2.10 (/opt/ros/humble/share/rmw_fastrtps_cpp/cmake)
[0.405s] -- Using RMW implementation 'rmw_fastrtps_cpp' as default
[0.472s] -- Found ament_lint_auto: 0.12.15 (/opt/ros/humble/share/ament_lint_auto/cmake)
[0.476s] [0mIn this package, headers install destination is set to `include` by ament_auto_package. It is recommended to install `include/p9n_node` instead and will be the default behavior of ament_auto_package from ROS 2 Kilted Kaiju. On distributions before Kilted, ament_auto_package behaves the same way when you use USE_SCOPED_HEADER_INSTALL_DIR option.[0m
[0.482s] -- Added test 'cppcheck' to perform static code analysis on C / C++ code
[0.483s] -- Configured cppcheck include dirs: /root/ros2_ws/src/PlayStation-JoyInterface-ROS2/p9n_node/include
[0.483s] -- Configured cppcheck exclude dirs and/or files: 
[0.483s] -- Added test 'lint_cmake' to check CMake code style
[0.484s] -- Added test 'uncrustify' to check C / C++ code style
[0.484s] -- Configured uncrustify additional arguments: 
[0.484s] -- Added test 'xmllint' to check XML markup files
[0.488s] -- Configuring done
[0.509s] -- Generating done
[0.514s] -- Build files have been written to: /root/ros2_ws/build/p9n_node
[0.522s] Invoked command in '/root/ros2_ws/build/p9n_node' returned '0': CMAKE_PREFIX_PATH=/root/ros2_ws/install/p9n_interface:/root/ros2_ws/install/p9n:/root/ros2_ws/install/p9n_test:/root/ros2_ws/install/p9n_node:/root/ros2_ws/install/p9n_example:/root/ros2_ws/install/mg400:/root/ros2_ws/install/mg400_joy:/root/ros2_ws/install/mg400_tools:/root/ros2_ws/install/mg400_rviz_plugin:/root/ros2_ws/install/mg400_node:/root/ros2_ws/install/mg400_plugin:/root/ros2_ws/install/mg400_plugin_base:/root/ros2_ws/install/mg400_interface:/root/ros2_ws/install/mg400_msgs:/root/ros2_ws/install/mg400_description:/root/ros2_ws/install/mg400_common:/root/ros2_ws/install/p9n_bringup:/root/ros2_ws/install/mg400_bringup:/opt/ros/humble /usr/bin/cmake /root/ros2_ws/src/PlayStation-JoyInterface-ROS2/p9n_node -DCMAKE_INSTALL_PREFIX=/root/ros2_ws/install/p9n_node
[0.523s] Invoking command in '/root/ros2_ws/build/p9n_node': CMAKE_PREFIX_PATH=/root/ros2_ws/install/p9n_interface:/root/ros2_ws/install/p9n:/root/ros2_ws/install/p9n_test:/root/ros2_ws/install/p9n_node:/root/ros2_ws/install/p9n_example:/root/ros2_ws/install/mg400:/root/ros2_ws/install/mg400_joy:/root/ros2_ws/install/mg400_tools:/root/ros2_ws/install/mg400_rviz_plugin:/root/ros2_ws/install/mg400_node:/root/ros2_ws/install/mg400_plugin:/root/ros2_ws/install/mg400_plugin_base:/root/ros2_ws/install/mg400_interface:/root/ros2_ws/install/mg400_msgs:/root/ros2_ws/install/mg400_description:/root/ros2_ws/install/mg400_common:/root/ros2_ws/install/p9n_bringup:/root/ros2_ws/install/mg400_bringup:/opt/ros/humble /usr/bin/cmake --build /root/ros2_ws/build/p9n_node -- -j16 -l16
[0.567s] [35m[1mConsolidate compiler generated dependencies of target p9n_node_teleop_twist_joy_node[0m
[0.567s] [35m[1mConsolidate compiler generated dependencies of target teleop_twist_joy_node_exec[0m
[0.588s] [ 50%] Built target teleop_twist_joy_node_exec
[0.590s] [100%] Built target p9n_node_teleop_twist_joy_node
[0.603s] Invoked command in '/root/ros2_ws/build/p9n_node' returned '0': CMAKE_PREFIX_PATH=/root/ros2_ws/install/p9n_interface:/root/ros2_ws/install/p9n:/root/ros2_ws/install/p9n_test:/root/ros2_ws/install/p9n_node:/root/ros2_ws/install/p9n_example:/root/ros2_ws/install/mg400:/root/ros2_ws/install/mg400_joy:/root/ros2_ws/install/mg400_tools:/root/ros2_ws/install/mg400_rviz_plugin:/root/ros2_ws/install/mg400_node:/root/ros2_ws/install/mg400_plugin:/root/ros2_ws/install/mg400_plugin_base:/root/ros2_ws/install/mg400_interface:/root/ros2_ws/install/mg400_msgs:/root/ros2_ws/install/mg400_description:/root/ros2_ws/install/mg400_common:/root/ros2_ws/install/p9n_bringup:/root/ros2_ws/install/mg400_bringup:/opt/ros/humble /usr/bin/cmake --build /root/ros2_ws/build/p9n_node -- -j16 -l16
[0.605s] Invoking command in '/root/ros2_ws/build/p9n_node': CMAKE_PREFIX_PATH=/root/ros2_ws/install/p9n_interface:/root/ros2_ws/install/p9n:/root/ros2_ws/install/p9n_test:/root/ros2_ws/install/p9n_node:/root/ros2_ws/install/p9n_example:/root/ros2_ws/install/mg400:/root/ros2_ws/install/mg400_joy:/root/ros2_ws/install/mg400_tools:/root/ros2_ws/install/mg400_rviz_plugin:/root/ros2_ws/install/mg400_node:/root/ros2_ws/install/mg400_plugin:/root/ros2_ws/install/mg400_plugin_base:/root/ros2_ws/install/mg400_interface:/root/ros2_ws/install/mg400_msgs:/root/ros2_ws/install/mg400_description:/root/ros2_ws/install/mg400_common:/root/ros2_ws/install/p9n_bringup:/root/ros2_ws/install/mg400_bringup:/opt/ros/humble /usr/bin/cmake --install /root/ros2_ws/build/p9n_node
[0.613s] -- Install configuration: ""
[0.613s] -- Execute custom install script
[0.614s] -- Up-to-date symlink: /root/ros2_ws/install/p9n_node/lib/p9n_node/teleop_twist_joy_node_exec
[0.614s] -- Up-to-date symlink: /root/ros2_ws/install/p9n_node/include/p9n_node/teleop_twist_joy_node.hpp
[0.614s] -- Up-to-date symlink: /root/ros2_ws/install/p9n_node/share/p9n_node/environment/library_path.sh
[0.614s] -- Up-to-date symlink: /root/ros2_ws/install/p9n_node/share/p9n_node/environment/library_path.dsv
[0.614s] -- Up-to-date symlink: /root/ros2_ws/install/p9n_node/lib/libp9n_node_teleop_twist_joy_node.so
[0.615s] -- Up-to-date symlink: /root/ros2_ws/install/p9n_node/share/ament_index/resource_index/package_run_dependencies/p9n_node
[0.615s] -- Up-to-date symlink: /root/ros2_ws/install/p9n_node/share/ament_index/resource_index/parent_prefix_path/p9n_node
[0.615s] -- Up-to-date symlink: /root/ros2_ws/install/p9n_node/share/p9n_node/environment/ament_prefix_path.sh
[0.615s] -- Up-to-date symlink: /root/ros2_ws/install/p9n_node/share/p9n_node/environment/ament_prefix_path.dsv
[0.615s] -- Up-to-date symlink: /root/ros2_ws/install/p9n_node/share/p9n_node/environment/path.sh
[0.615s] -- Up-to-date symlink: /root/ros2_ws/install/p9n_node/share/p9n_node/environment/path.dsv
[0.615s] -- Up-to-date symlink: /root/ros2_ws/install/p9n_node/share/p9n_node/local_setup.bash
[0.615s] -- Up-to-date symlink: /root/ros2_ws/install/p9n_node/share/p9n_node/local_setup.sh
[0.615s] -- Up-to-date symlink: /root/ros2_ws/install/p9n_node/share/p9n_node/local_setup.zsh
[0.616s] -- Up-to-date symlink: /root/ros2_ws/install/p9n_node/share/p9n_node/local_setup.dsv
[0.616s] -- Symlinking: /root/ros2_ws/install/p9n_node/share/p9n_node/package.dsv
[0.625s] -- Up-to-date symlink: /root/ros2_ws/install/p9n_node/share/ament_index/resource_index/packages/p9n_node
[0.625s] -- Up-to-date symlink: /root/ros2_ws/install/p9n_node/share/ament_index/resource_index/rclcpp_components/p9n_node
[0.625s] -- Up-to-date symlink: /root/ros2_ws/install/p9n_node/share/p9n_node/cmake/ament_cmake_export_dependencies-extras.cmake
[0.625s] -- Up-to-date symlink: /root/ros2_ws/install/p9n_node/share/p9n_node/cmake/ament_cmake_export_include_directories-extras.cmake
[0.626s] -- Up-to-date symlink: /root/ros2_ws/install/p9n_node/share/p9n_node/cmake/ament_cmake_export_libraries-extras.cmake
[0.626s] -- Up-to-date symlink: /root/ros2_ws/install/p9n_node/share/p9n_node/cmake/p9n_nodeConfig.cmake
[0.626s] -- Up-to-date symlink: /root/ros2_ws/install/p9n_node/share/p9n_node/cmake/p9n_nodeConfig-version.cmake
[0.626s] -- Up-to-date symlink: /root/ros2_ws/install/p9n_node/share/p9n_node/package.xml
[0.654s] Invoked command in '/root/ros2_ws/build/p9n_node' returned '0': CMAKE_PREFIX_PATH=/root/ros2_ws/install/p9n_interface:/root/ros2_ws/install/p9n:/root/ros2_ws/install/p9n_test:/root/ros2_ws/install/p9n_node:/root/ros2_ws/install/p9n_example:/root/ros2_ws/install/mg400:/root/ros2_ws/install/mg400_joy:/root/ros2_ws/install/mg400_tools:/root/ros2_ws/install/mg400_rviz_plugin:/root/ros2_ws/install/mg400_node:/root/ros2_ws/install/mg400_plugin:/root/ros2_ws/install/mg400_plugin_base:/root/ros2_ws/install/mg400_interface:/root/ros2_ws/install/mg400_msgs:/root/ros2_ws/install/mg400_description:/root/ros2_ws/install/mg400_common:/root/ros2_ws/install/p9n_bringup:/root/ros2_ws/install/mg400_bringup:/opt/ros/humble /usr/bin/cmake --install /root/ros2_ws/build/p9n_node
