-- Found ament_cmake_auto: 1.3.14 (/opt/ros/humble/share/ament_cmake_auto/cmake)
-- Override CMake install command with custom implementation using symlinks instead of copying resources
-- Found rosidl_generator_c: 3.1.9 (/opt/ros/humble/share/rosidl_generator_c/cmake)
-- Found rosidl_adapter: 3.1.9 (/opt/ros/humble/share/rosidl_adapter/cmake)
-- Found rosidl_generator_cpp: 3.1.9 (/opt/ros/humble/share/rosidl_generator_cpp/cmake)
-- Using all available rosidl_typesupport_c: rosidl_typesupport_fastrtps_c;rosidl_typesupport_introspection_c
-- Using all available rosidl_typesupport_cpp: rosidl_typesupport_fastrtps_cpp;rosidl_typesupport_introspection_cpp
-- Found rmw_implementation_cmake: 6.1.3 (/opt/ros/humble/share/rmw_implementation_cmake/cmake)
-- Found rmw_fastrtps_cpp: 6.2.10 (/opt/ros/humble/share/rmw_fastrtps_cpp/cmake)
-- Using RMW implementation 'rmw_fastrtps_cpp' as default
-- Found eigen3_cmake_module: 0.1.1 (/opt/ros/humble/share/eigen3_cmake_module/cmake)
-- Ensuring Eigen3 include directory is part of orocos-kdl CMake target
-- Found ament_lint_auto: 0.12.15 (/opt/ros/humble/share/ament_lint_auto/cmake)
-- Found gtest sources under '/opt/ros/humble/src/gtest_vendor': C++ tests using 'Google Test' will be built
-- Found gmock sources under '/opt/ros/humble/src/gmock_vendor': C++ tests using 'Google Mock' will be built
[0mIn this package, headers install destination is set to `include` by ament_auto_package. It is recommended to install `include/mg400_interface` instead and will be the default behavior of ament_auto_package from ROS 2 Kilted Kaiju. On distributions before Kilted, ament_auto_package behaves the same way when you use USE_SCOPED_HEADER_INSTALL_DIR option.[0m
-- Added test 'cppcheck' to perform static code analysis on C / C++ code
-- Configured cppcheck include dirs: /root/ros2_ws/src/MG400_ROS2/mg400_interface/include
-- Configured cppcheck exclude dirs and/or files: 
-- Added test 'lint_cmake' to check CMake code style
-- Added test 'uncrustify' to check C / C++ code style
-- Configured uncrustify additional arguments: 
-- Added test 'xmllint' to check XML markup files
-- Configuring done
-- Generating done
-- Build files have been written to: /root/ros2_ws/build/mg400_interface
[35m[1mConsolidate compiler generated dependencies of target gtest_main[0m
[35m[1mConsolidate compiler generated dependencies of target gmock_main[0m
[35m[1mConsolidate compiler generated dependencies of target gtest[0m
[35m[1mConsolidate compiler generated dependencies of target gmock[0m
[35m[1mConsolidate compiler generated dependencies of target mg400_interface[0m
[ 11%] Built target gtest_main
[ 11%] Built target gmock_main
[ 20%] Built target gmock
[ 26%] Built target gtest
[ 32%] [32mBuilding CXX object CMakeFiles/mg400_interface.dir/src/error_msg_generator.cpp.o[0m
[ 32%] [32mBuilding CXX object CMakeFiles/mg400_interface.dir/src/mg400_interface.cpp.o[0m
In file included from [01m[K/root/ros2_ws/src/MG400_ROS2/mg400_interface/src/error_msg_generator.cpp:16[m[K:
[01m[K/root/ros2_ws/src/MG400_ROS2/mg400_interface/include/mg400_interface/error_msg_generator.hpp:24:10:[m[K [01;31m[Kfatal error: [m[Knlohmann/json.hpp: No such file or directory
   24 | #include [01;31m[K<nlohmann/json.hpp>[m[K
      |          [01;31m[K^~~~~~~~~~~~~~~~~~~[m[K
compilation terminated.
gmake[2]: *** [CMakeFiles/mg400_interface.dir/build.make:118: CMakeFiles/mg400_interface.dir/src/error_msg_generator.cpp.o] Error 1
gmake[2]: *** Waiting for unfinished jobs....
In file included from [01m[K/root/ros2_ws/src/MG400_ROS2/mg400_interface/include/mg400_interface/mg400_interface.hpp:29[m[K,
                 from [01m[K/root/ros2_ws/src/MG400_ROS2/mg400_interface/src/mg400_interface.cpp:15[m[K:
[01m[K/root/ros2_ws/src/MG400_ROS2/mg400_interface/include/mg400_interface/error_msg_generator.hpp:24:10:[m[K [01;31m[Kfatal error: [m[Knlohmann/json.hpp: No such file or directory
   24 | #include [01;31m[K<nlohmann/json.hpp>[m[K
      |          [01;31m[K^~~~~~~~~~~~~~~~~~~[m[K
compilation terminated.
gmake[2]: *** [CMakeFiles/mg400_interface.dir/build.make:146: CMakeFiles/mg400_interface.dir/src/mg400_interface.cpp.o] Error 1
gmake[1]: *** [CMakeFiles/Makefile2:188: CMakeFiles/mg400_interface.dir/all] Error 2
gmake: *** [Makefile:146: all] Error 2
