-- The C compiler identification is GNU 11.4.0
-- The CXX compiler identification is GNU 11.4.0
-- Detecting C compiler ABI info
-- Detecting C compiler ABI info - done
-- Check for working C compiler: /usr/bin/cc - skipped
-- Detecting C compile features
-- Detecting C compile features - done
-- Detecting CXX compiler ABI info
-- Detecting CXX compiler ABI info - done
-- Check for working CXX compiler: /usr/bin/c++ - skipped
-- Detecting CXX compile features
-- Detecting CXX compile features - done
-- Found ament_cmake_auto: 1.3.14 (/opt/ros/humble/share/ament_cmake_auto/cmake)
-- Found Python3: /usr/bin/python3 (found version "3.10.12") found components: Interpreter 
-- Override CMake install command with custom implementation using symlinks instead of copying resources
-- Found rosidl_generator_c: 3.1.9 (/opt/ros/humble/share/rosidl_generator_c/cmake)
-- Found rosidl_adapter: 3.1.9 (/opt/ros/humble/share/rosidl_adapter/cmake)
-- Found rosidl_generator_cpp: 3.1.9 (/opt/ros/humble/share/rosidl_generator_cpp/cmake)
-- Using all available rosidl_typesupport_c: rosidl_typesupport_fastrtps_c;rosidl_typesupport_introspection_c
-- Using all available rosidl_typesupport_cpp: rosidl_typesupport_fastrtps_cpp;rosidl_typesupport_introspection_cpp
-- Found rmw_implementation_cmake: 6.1.3 (/opt/ros/humble/share/rmw_implementation_cmake/cmake)
-- Found rmw_fastrtps_cpp: 6.2.10 (/opt/ros/humble/share/rmw_fastrtps_cpp/cmake)
-- Found OpenSSL: /usr/lib/x86_64-linux-gnu/libcrypto.so (found version "3.0.2")  
-- Found FastRTPS: /opt/ros/humble/include  
-- Using RMW implementation 'rmw_fastrtps_cpp' as default
-- Looking for pthread.h
-- Looking for pthread.h - found
-- Performing Test CMAKE_HAVE_LIBC_PTHREAD
-- Performing Test CMAKE_HAVE_LIBC_PTHREAD - Success
-- Found Threads: TRUE  
-- Found eigen3_cmake_module: 0.1.1 (/opt/ros/humble/share/eigen3_cmake_module/cmake)
-- Found Eigen3: TRUE (found version "3.4.0") 
-- Ensuring Eigen3 include directory is part of orocos-kdl CMake target
-- Found ament_lint_auto: 0.12.15 (/opt/ros/humble/share/ament_lint_auto/cmake)
-- Found gtest sources under '/opt/ros/humble/src/gtest_vendor': C++ tests using 'Google Test' will be built
-- Found gmock sources under '/opt/ros/humble/src/gmock_vendor': C++ tests using 'Google Mock' will be built
[0mIn this package, headers install destination is set to `include` by ament_auto_package. It is recommended to install `include/mg400_interface` instead and will be the default behavior of ament_auto_package from ROS 2 Kilted Kaiju. On distributions before Kilted, ament_auto_package behaves the same way when you use USE_SCOPED_HEADER_INSTALL_DIR option.[0m
-- Added test 'cppcheck' to perform static code analysis on C / C++ code
-- Configured cppcheck include dirs: /root/ros2_ws/src/MG400_ROS2/mg400_interface/include
-- Configured cppcheck exclude dirs and/or files: 
-- Added test 'lint_cmake' to check CMake code style
-- Added test 'uncrustify' to check C / C++ code style
-- Configured uncrustify additional arguments: 
-- Added test 'xmllint' to check XML markup files
-- Configuring done
-- Generating done
-- Build files have been written to: /root/ros2_ws/build/mg400_interface
[  2%] [32mBuilding CXX object gtest/CMakeFiles/gtest.dir/src/gtest-all.cc.o[0m
[  5%] [32mBuilding CXX object gtest/CMakeFiles/gtest_main.dir/src/gtest_main.cc.o[0m
[  8%] [32mBuilding CXX object CMakeFiles/mg400_interface.dir/src/commander/dashboard_commander.cpp.o[0m
[ 11%] [32mBuilding CXX object CMakeFiles/mg400_interface.dir/src/error_msg_generator.cpp.o[0m
[ 14%] [32mBuilding CXX object gmock/CMakeFiles/gmock.dir/opt/ros/humble/src/gtest_vendor/src/gtest-all.cc.o[0m
[ 17%] [32mBuilding CXX object CMakeFiles/mg400_interface.dir/src/joint_handler.cpp.o[0m
[ 20%] [32mBuilding CXX object CMakeFiles/mg400_interface.dir/src/tcp_interface/motion_tcp_interface.cpp.o[0m
[ 23%] [32mBuilding CXX object gmock/CMakeFiles/gmock.dir/src/gmock-all.cc.o[0m
[ 26%] [32mBuilding CXX object CMakeFiles/mg400_interface.dir/src/commander/motion_commander.cpp.o[0m
[ 29%] [32mBuilding CXX object CMakeFiles/mg400_interface.dir/src/tcp_interface/realtime_feedback_tcp_interface.cpp.o[0m
[ 32%] [32mBuilding CXX object gmock/CMakeFiles/gmock_main.dir/src/gmock_main.cc.o[0m
[ 35%] [32mBuilding CXX object CMakeFiles/mg400_interface.dir/src/commander/response_parser.cpp.o[0m
[ 38%] [32mBuilding CXX object CMakeFiles/mg400_interface.dir/src/tcp_interface/tcp_socket_handler.cpp.o[0m
[ 41%] [32mBuilding CXX object CMakeFiles/mg400_interface.dir/src/tcp_interface/dashboard_tcp_interface.cpp.o[0m
[ 44%] [32mBuilding CXX object CMakeFiles/mg400_interface.dir/src/mg400_interface.cpp.o[0m
[ 47%] [32m[1mLinking CXX static library libgtest_main.a[0m
[ 47%] Built target gtest_main
[ 50%] [32m[1mLinking CXX static library libgmock_main.a[0m
[ 50%] Built target gmock_main
[ 52%] [32m[1mLinking CXX static library libgtest.a[0m
[ 55%] [32m[1mLinking CXX static library libgmock.a[0m
[ 55%] Built target gtest
[ 55%] Built target gmock
[ 58%] [32m[1mLinking CXX static library libmg400_interface.a[0m
[ 58%] Built target mg400_interface
[ 67%] [32mBuilding CXX object CMakeFiles/test_error_msg_generator.dir/test/src/test_error_msg_generator.cpp.o[0m
[ 67%] [32mBuilding CXX object CMakeFiles/show_realtime_data.dir/example/show_realtime_data.cpp.o[0m
[ 67%] [32mBuilding CXX object CMakeFiles/commander_check.dir/example/commander_check.cpp.o[0m
[ 70%] [32mBuilding CXX object CMakeFiles/test_dashboard_commander.dir/test/src/commander/test_dashboard_commander.cpp.o[0m
[ 73%] [32mBuilding CXX object CMakeFiles/test_response_parser.dir/test/src/commander/test_response_parser.cpp.o[0m
[ 76%] [32mBuilding CXX object CMakeFiles/test_joint_handler.dir/test/src/test_joint_handler.cpp.o[0m
[ 79%] [32mBuilding CXX object CMakeFiles/test_motion_commander.dir/test/src/commander/test_motion_commander.cpp.o[0m
[ 82%] [32m[1mLinking CXX executable test_response_parser[0m
[ 82%] Built target test_response_parser
[ 85%] [32m[1mLinking CXX executable show_realtime_data[0m
[ 85%] Built target show_realtime_data
[ 88%] [32m[1mLinking CXX executable test_error_msg_generator[0m
[ 91%] [32m[1mLinking CXX executable commander_check[0m
[ 91%] Built target test_error_msg_generator
[ 94%] [32m[1mLinking CXX executable test_motion_commander[0m
[ 94%] Built target commander_check
[ 94%] Built target test_motion_commander
[ 97%] [32m[1mLinking CXX executable test_dashboard_commander[0m
[ 97%] Built target test_dashboard_commander
[100%] [32m[1mLinking CXX executable test_joint_handler[0m
[100%] Built target test_joint_handler
-- Install configuration: ""
-- Execute custom install script
-- Symlinking: /root/ros2_ws/install/mg400_interface/include/mg400_interface/command_utils.hpp
-- Symlinking: /root/ros2_ws/install/mg400_interface/include/mg400_interface/commander/dashboard_commander.hpp
-- Symlinking: /root/ros2_ws/install/mg400_interface/include/mg400_interface/commander/motion_commander.hpp
-- Symlinking: /root/ros2_ws/install/mg400_interface/include/mg400_interface/commander/response_parser.hpp
-- Symlinking: /root/ros2_ws/install/mg400_interface/include/mg400_interface/error_msg_generator.hpp
-- Symlinking: /root/ros2_ws/install/mg400_interface/include/mg400_interface/joint_handler.hpp
-- Symlinking: /root/ros2_ws/install/mg400_interface/include/mg400_interface/mg400_interface.hpp
-- Symlinking: /root/ros2_ws/install/mg400_interface/include/mg400_interface/tcp_interface/dashboard_tcp_interface.hpp
-- Symlinking: /root/ros2_ws/install/mg400_interface/include/mg400_interface/tcp_interface/motion_tcp_interface.hpp
-- Symlinking: /root/ros2_ws/install/mg400_interface/include/mg400_interface/tcp_interface/realtime_data.hpp
-- Symlinking: /root/ros2_ws/install/mg400_interface/include/mg400_interface/tcp_interface/realtime_feedback_tcp_interface.hpp
-- Symlinking: /root/ros2_ws/install/mg400_interface/include/mg400_interface/tcp_interface/tcp_socket_handler.hpp
-- Symlinking: /root/ros2_ws/install/mg400_interface/share/mg400_interface/environment/library_path.sh
-- Symlinking: /root/ros2_ws/install/mg400_interface/share/mg400_interface/environment/library_path.dsv
-- Symlinking: /root/ros2_ws/install/mg400_interface/lib/libmg400_interface.a
-- Symlinking: /root/ros2_ws/install/mg400_interface/lib/mg400_interface/show_realtime_data
-- Symlinking: /root/ros2_ws/install/mg400_interface/lib/mg400_interface/commander_check
-- Symlinking: /root/ros2_ws/install/mg400_interface/share/mg400_interface/resources/README.md
-- Symlinking: /root/ros2_ws/install/mg400_interface/share/mg400_interface/resources/alarm_controller.json
-- Symlinking: /root/ros2_ws/install/mg400_interface/share/mg400_interface/resources/alarm_servo.json
-- Symlinking: /root/ros2_ws/install/mg400_interface/share/ament_index/resource_index/package_run_dependencies/mg400_interface
-- Symlinking: /root/ros2_ws/install/mg400_interface/share/ament_index/resource_index/parent_prefix_path/mg400_interface
-- Symlinking: /root/ros2_ws/install/mg400_interface/share/mg400_interface/environment/ament_prefix_path.sh
-- Symlinking: /root/ros2_ws/install/mg400_interface/share/mg400_interface/environment/ament_prefix_path.dsv
-- Symlinking: /root/ros2_ws/install/mg400_interface/share/mg400_interface/environment/path.sh
-- Symlinking: /root/ros2_ws/install/mg400_interface/share/mg400_interface/environment/path.dsv
-- Symlinking: /root/ros2_ws/install/mg400_interface/share/mg400_interface/local_setup.bash
-- Symlinking: /root/ros2_ws/install/mg400_interface/share/mg400_interface/local_setup.sh
-- Symlinking: /root/ros2_ws/install/mg400_interface/share/mg400_interface/local_setup.zsh
-- Symlinking: /root/ros2_ws/install/mg400_interface/share/mg400_interface/local_setup.dsv
-- Symlinking: /root/ros2_ws/install/mg400_interface/share/mg400_interface/package.dsv
-- Symlinking: /root/ros2_ws/install/mg400_interface/share/ament_index/resource_index/packages/mg400_interface
-- Symlinking: /root/ros2_ws/install/mg400_interface/share/mg400_interface/cmake/ament_cmake_export_dependencies-extras.cmake
-- Symlinking: /root/ros2_ws/install/mg400_interface/share/mg400_interface/cmake/ament_cmake_export_include_directories-extras.cmake
-- Symlinking: /root/ros2_ws/install/mg400_interface/share/mg400_interface/cmake/ament_cmake_export_libraries-extras.cmake
-- Symlinking: /root/ros2_ws/install/mg400_interface/share/mg400_interface/cmake/mg400_interfaceConfig.cmake
-- Symlinking: /root/ros2_ws/install/mg400_interface/share/mg400_interface/cmake/mg400_interfaceConfig-version.cmake
-- Symlinking: /root/ros2_ws/install/mg400_interface/share/mg400_interface/package.xml
