[35m[1mConsolidate compiler generated dependencies of target mg400_node_exec[0m
[35m[1mConsolidate compiler generated dependencies of target mg400_node[0m
[  7%] [34m[1mAutomatic MOC and UIC for target joint_command_publisher_gui[0m
[ 14%] [34m[1mAutomatic MOC and UIC for target joint_state_publisher_gui[0m
[ 28%] Built target mg400_node_exec
[ 42%] Built target mg400_node
[ 42%] Built target joint_command_publisher_gui_autogen
[ 42%] Built target joint_state_publisher_gui_autogen
[35m[1mConsolidate compiler generated dependencies of target joint_command_publisher_gui[0m
[ 71%] Built target joint_command_publisher_gui
[35m[1mConsolidate compiler generated dependencies of target joint_state_publisher_gui[0m
[100%] Built target joint_state_publisher_gui
-- Install configuration: ""
-- Execute custom install script
-- Up-to-date symlink: /root/ros2_ws/install/mg400_node/lib/mg400_node/mg400_node_exec
-- Up-to-date symlink: /root/ros2_ws/install/mg400_node/include/mg400_node/mg400_node.hpp
-- Up-to-date symlink: /root/ros2_ws/install/mg400_node/share/mg400_node/environment/library_path.sh
-- Up-to-date symlink: /root/ros2_ws/install/mg400_node/share/mg400_node/environment/library_path.dsv
-- Up-to-date symlink: /root/ros2_ws/install/mg400_node/lib/libmg400_node.so
-- Up-to-date symlink: /root/ros2_ws/install/mg400_node/lib/mg400_node/joint_state_publisher_gui
-- Up-to-date symlink: /root/ros2_ws/install/mg400_node/lib/mg400_node/joint_command_publisher_gui
-- Up-to-date symlink: /root/ros2_ws/install/mg400_node/share/ament_index/resource_index/package_run_dependencies/mg400_node
-- Up-to-date symlink: /root/ros2_ws/install/mg400_node/share/ament_index/resource_index/parent_prefix_path/mg400_node
-- Up-to-date symlink: /root/ros2_ws/install/mg400_node/share/mg400_node/environment/ament_prefix_path.sh
-- Up-to-date symlink: /root/ros2_ws/install/mg400_node/share/mg400_node/environment/ament_prefix_path.dsv
-- Up-to-date symlink: /root/ros2_ws/install/mg400_node/share/mg400_node/environment/path.sh
-- Up-to-date symlink: /root/ros2_ws/install/mg400_node/share/mg400_node/environment/path.dsv
-- Up-to-date symlink: /root/ros2_ws/install/mg400_node/share/mg400_node/local_setup.bash
-- Up-to-date symlink: /root/ros2_ws/install/mg400_node/share/mg400_node/local_setup.sh
-- Up-to-date symlink: /root/ros2_ws/install/mg400_node/share/mg400_node/local_setup.zsh
-- Up-to-date symlink: /root/ros2_ws/install/mg400_node/share/mg400_node/local_setup.dsv
-- Symlinking: /root/ros2_ws/install/mg400_node/share/mg400_node/package.dsv
-- Up-to-date symlink: /root/ros2_ws/install/mg400_node/share/ament_index/resource_index/packages/mg400_node
-- Up-to-date symlink: /root/ros2_ws/install/mg400_node/share/ament_index/resource_index/rclcpp_components/mg400_node
-- Up-to-date symlink: /root/ros2_ws/install/mg400_node/share/mg400_node/cmake/ament_cmake_export_dependencies-extras.cmake
-- Up-to-date symlink: /root/ros2_ws/install/mg400_node/share/mg400_node/cmake/ament_cmake_export_include_directories-extras.cmake
-- Up-to-date symlink: /root/ros2_ws/install/mg400_node/share/mg400_node/cmake/ament_cmake_export_libraries-extras.cmake
-- Up-to-date symlink: /root/ros2_ws/install/mg400_node/share/mg400_node/cmake/mg400_nodeConfig.cmake
-- Up-to-date symlink: /root/ros2_ws/install/mg400_node/share/mg400_node/cmake/mg400_nodeConfig-version.cmake
-- Up-to-date symlink: /root/ros2_ws/install/mg400_node/share/mg400_node/package.xml
