[0.017s] Invoking command in '/root/ros2_ws/build/mg400_node': AMENT_PREFIX_PATH=/root/ros2_ws/install/mg400_plugin:/root/ros2_ws/install/mg400_plugin_base:/root/ros2_ws/install/mg400_interface:/root/ros2_ws/install/mg400_msgs:/root/ros2_ws/install/mg400_common:${AMENT_PREFIX_PATH} CMAKE_PREFIX_PATH=/root/ros2_ws/install/mg400_plugin:/root/ros2_ws/install/mg400_plugin_base:/root/ros2_ws/install/mg400_interface:/root/ros2_ws/install/mg400_msgs:/root/ros2_ws/install/mg400_common:/opt/ros/humble LD_LIBRARY_PATH=/root/ros2_ws/install/mg400_plugin/lib:/root/ros2_ws/install/mg400_interface/lib:/root/ros2_ws/install/mg400_msgs/lib:/root/ros2_ws/install/mg400_common/lib:${LD_LIBRARY_PATH} PYTHONPATH=/root/ros2_ws/install/mg400_msgs/local/lib/python3.10/dist-packages:${PYTHONPATH} /usr/bin/cmake --build /root/ros2_ws/build/mg400_node -- -j16 -l16
[0.060s] [35m[1mConsolidate compiler generated dependencies of target mg400_node_exec[0m
[0.061s] [35m[1mConsolidate compiler generated dependencies of target mg400_node[0m
[0.069s] [  7%] [34m[1mAutomatic MOC and UIC for target joint_command_publisher_gui[0m
[0.069s] [ 14%] [34m[1mAutomatic MOC and UIC for target joint_state_publisher_gui[0m
[0.078s] [ 28%] Built target mg400_node_exec
[0.088s] [ 42%] Built target mg400_node
[0.089s] [ 42%] Built target joint_command_publisher_gui_autogen
[0.089s] [ 42%] Built target joint_state_publisher_gui_autogen
[0.102s] [35m[1mConsolidate compiler generated dependencies of target joint_command_publisher_gui[0m
[0.134s] [ 71%] Built target joint_command_publisher_gui
[0.147s] [35m[1mConsolidate compiler generated dependencies of target joint_state_publisher_gui[0m
[0.179s] [100%] Built target joint_state_publisher_gui
[0.190s] Invoked command in '/root/ros2_ws/build/mg400_node' returned '0': AMENT_PREFIX_PATH=/root/ros2_ws/install/mg400_plugin:/root/ros2_ws/install/mg400_plugin_base:/root/ros2_ws/install/mg400_interface:/root/ros2_ws/install/mg400_msgs:/root/ros2_ws/install/mg400_common:${AMENT_PREFIX_PATH} CMAKE_PREFIX_PATH=/root/ros2_ws/install/mg400_plugin:/root/ros2_ws/install/mg400_plugin_base:/root/ros2_ws/install/mg400_interface:/root/ros2_ws/install/mg400_msgs:/root/ros2_ws/install/mg400_common:/opt/ros/humble LD_LIBRARY_PATH=/root/ros2_ws/install/mg400_plugin/lib:/root/ros2_ws/install/mg400_interface/lib:/root/ros2_ws/install/mg400_msgs/lib:/root/ros2_ws/install/mg400_common/lib:${LD_LIBRARY_PATH} PYTHONPATH=/root/ros2_ws/install/mg400_msgs/local/lib/python3.10/dist-packages:${PYTHONPATH} /usr/bin/cmake --build /root/ros2_ws/build/mg400_node -- -j16 -l16
[0.191s] Invoking command in '/root/ros2_ws/build/mg400_node': AMENT_PREFIX_PATH=/root/ros2_ws/install/mg400_plugin:/root/ros2_ws/install/mg400_plugin_base:/root/ros2_ws/install/mg400_interface:/root/ros2_ws/install/mg400_msgs:/root/ros2_ws/install/mg400_common:${AMENT_PREFIX_PATH} CMAKE_PREFIX_PATH=/root/ros2_ws/install/mg400_plugin:/root/ros2_ws/install/mg400_plugin_base:/root/ros2_ws/install/mg400_interface:/root/ros2_ws/install/mg400_msgs:/root/ros2_ws/install/mg400_common:/opt/ros/humble LD_LIBRARY_PATH=/root/ros2_ws/install/mg400_plugin/lib:/root/ros2_ws/install/mg400_interface/lib:/root/ros2_ws/install/mg400_msgs/lib:/root/ros2_ws/install/mg400_common/lib:${LD_LIBRARY_PATH} PYTHONPATH=/root/ros2_ws/install/mg400_msgs/local/lib/python3.10/dist-packages:${PYTHONPATH} /usr/bin/cmake --install /root/ros2_ws/build/mg400_node
[0.199s] -- Install configuration: ""
[0.199s] -- Execute custom install script
[0.199s] -- Up-to-date symlink: /root/ros2_ws/install/mg400_node/lib/mg400_node/mg400_node_exec
[0.199s] -- Up-to-date symlink: /root/ros2_ws/install/mg400_node/include/mg400_node/mg400_node.hpp
[0.200s] -- Up-to-date symlink: /root/ros2_ws/install/mg400_node/share/mg400_node/environment/library_path.sh
[0.200s] -- Up-to-date symlink: /root/ros2_ws/install/mg400_node/share/mg400_node/environment/library_path.dsv
[0.200s] -- Up-to-date symlink: /root/ros2_ws/install/mg400_node/lib/libmg400_node.so
[0.200s] -- Up-to-date symlink: /root/ros2_ws/install/mg400_node/lib/mg400_node/joint_state_publisher_gui
[0.200s] -- Up-to-date symlink: /root/ros2_ws/install/mg400_node/lib/mg400_node/joint_command_publisher_gui
[0.200s] -- Up-to-date symlink: /root/ros2_ws/install/mg400_node/share/ament_index/resource_index/package_run_dependencies/mg400_node
[0.200s] -- Up-to-date symlink: /root/ros2_ws/install/mg400_node/share/ament_index/resource_index/parent_prefix_path/mg400_node
[0.200s] -- Up-to-date symlink: /root/ros2_ws/install/mg400_node/share/mg400_node/environment/ament_prefix_path.sh
[0.201s] -- Up-to-date symlink: /root/ros2_ws/install/mg400_node/share/mg400_node/environment/ament_prefix_path.dsv
[0.201s] -- Up-to-date symlink: /root/ros2_ws/install/mg400_node/share/mg400_node/environment/path.sh
[0.201s] -- Up-to-date symlink: /root/ros2_ws/install/mg400_node/share/mg400_node/environment/path.dsv
[0.201s] -- Up-to-date symlink: /root/ros2_ws/install/mg400_node/share/mg400_node/local_setup.bash
[0.201s] -- Up-to-date symlink: /root/ros2_ws/install/mg400_node/share/mg400_node/local_setup.sh
[0.201s] -- Up-to-date symlink: /root/ros2_ws/install/mg400_node/share/mg400_node/local_setup.zsh
[0.201s] -- Up-to-date symlink: /root/ros2_ws/install/mg400_node/share/mg400_node/local_setup.dsv
[0.201s] -- Symlinking: /root/ros2_ws/install/mg400_node/share/mg400_node/package.dsv
[0.210s] -- Up-to-date symlink: /root/ros2_ws/install/mg400_node/share/ament_index/resource_index/packages/mg400_node
[0.210s] -- Up-to-date symlink: /root/ros2_ws/install/mg400_node/share/ament_index/resource_index/rclcpp_components/mg400_node
[0.210s] -- Up-to-date symlink: /root/ros2_ws/install/mg400_node/share/mg400_node/cmake/ament_cmake_export_dependencies-extras.cmake
[0.210s] -- Up-to-date symlink: /root/ros2_ws/install/mg400_node/share/mg400_node/cmake/ament_cmake_export_include_directories-extras.cmake
[0.210s] -- Up-to-date symlink: /root/ros2_ws/install/mg400_node/share/mg400_node/cmake/ament_cmake_export_libraries-extras.cmake
[0.210s] -- Up-to-date symlink: /root/ros2_ws/install/mg400_node/share/mg400_node/cmake/mg400_nodeConfig.cmake
[0.210s] -- Up-to-date symlink: /root/ros2_ws/install/mg400_node/share/mg400_node/cmake/mg400_nodeConfig-version.cmake
[0.211s] -- Up-to-date symlink: /root/ros2_ws/install/mg400_node/share/mg400_node/package.xml
[0.212s] Invoked command in '/root/ros2_ws/build/mg400_node' returned '0': AMENT_PREFIX_PATH=/root/ros2_ws/install/mg400_plugin:/root/ros2_ws/install/mg400_plugin_base:/root/ros2_ws/install/mg400_interface:/root/ros2_ws/install/mg400_msgs:/root/ros2_ws/install/mg400_common:${AMENT_PREFIX_PATH} CMAKE_PREFIX_PATH=/root/ros2_ws/install/mg400_plugin:/root/ros2_ws/install/mg400_plugin_base:/root/ros2_ws/install/mg400_interface:/root/ros2_ws/install/mg400_msgs:/root/ros2_ws/install/mg400_common:/opt/ros/humble LD_LIBRARY_PATH=/root/ros2_ws/install/mg400_plugin/lib:/root/ros2_ws/install/mg400_interface/lib:/root/ros2_ws/install/mg400_msgs/lib:/root/ros2_ws/install/mg400_common/lib:${LD_LIBRARY_PATH} PYTHONPATH=/root/ros2_ws/install/mg400_msgs/local/lib/python3.10/dist-packages:${PYTHONPATH} /usr/bin/cmake --install /root/ros2_ws/build/mg400_node
