[0.025s] Invoking command in '/root/ros2_ws/build/mg400_node': AMENT_PREFIX_PATH=/root/ros2_ws/install/mg400_plugin:/root/ros2_ws/install/mg400_plugin_base:/root/ros2_ws/install/mg400_interface:/root/ros2_ws/install/mg400_msgs:/root/ros2_ws/install/mg400_common:${AMENT_PREFIX_PATH} CMAKE_PREFIX_PATH=/root/ros2_ws/install/mg400_plugin:/root/ros2_ws/install/mg400_plugin_base:/root/ros2_ws/install/mg400_interface:/root/ros2_ws/install/mg400_msgs:/root/ros2_ws/install/mg400_common:/opt/ros/humble LD_LIBRARY_PATH=/root/ros2_ws/install/mg400_plugin/lib:/root/ros2_ws/install/mg400_interface/lib:/root/ros2_ws/install/mg400_msgs/lib:/root/ros2_ws/install/mg400_common/lib:${LD_LIBRARY_PATH} PYTHONPATH=/root/ros2_ws/install/mg400_msgs/local/lib/python3.10/dist-packages:${PYTHONPATH} /usr/bin/cmake /root/ros2_ws/src/MG400_ROS2/mg400_node -DAMENT_CMAKE_SYMLINK_INSTALL=1 -DCMAKE_INSTALL_PREFIX=/root/ros2_ws/install/mg400_node
[0.108s] -- The C compiler identification is GNU 11.4.0
[0.157s] -- The CXX compiler identification is GNU 11.4.0
[0.167s] -- Detecting C compiler ABI info
[0.235s] -- Detecting C compiler ABI info - done
[0.239s] -- Check for working C compiler: /usr/bin/cc - skipped
[0.240s] -- Detecting C compile features
[0.240s] -- Detecting C compile features - done
[0.243s] -- Detecting CXX compiler ABI info
[0.318s] -- Detecting CXX compiler ABI info - done
[0.323s] -- Check for working CXX compiler: /usr/bin/c++ - skipped
[0.324s] -- Detecting CXX compile features
[0.324s] -- Detecting CXX compile features - done
[0.329s] -- Found ament_cmake_auto: 1.3.14 (/opt/ros/humble/share/ament_cmake_auto/cmake)
[0.474s] -- Found Python3: /usr/bin/python3 (found version "3.10.12") found components: Interpreter 
[0.537s] -- Override CMake install command with custom implementation using symlinks instead of copying resources
[0.699s] -- Found rosidl_generator_c: 3.1.9 (/opt/ros/humble/share/rosidl_generator_c/cmake)
[0.705s] -- Found rosidl_adapter: 3.1.9 (/opt/ros/humble/share/rosidl_adapter/cmake)
[0.716s] -- Found rosidl_generator_cpp: 3.1.9 (/opt/ros/humble/share/rosidl_generator_cpp/cmake)
[0.730s] -- Using all available rosidl_typesupport_c: rosidl_typesupport_fastrtps_c;rosidl_typesupport_introspection_c
[0.748s] -- Using all available rosidl_typesupport_cpp: rosidl_typesupport_fastrtps_cpp;rosidl_typesupport_introspection_cpp
[0.899s] -- Found rmw_implementation_cmake: 6.1.3 (/opt/ros/humble/share/rmw_implementation_cmake/cmake)
[0.903s] -- Found rmw_fastrtps_cpp: 6.2.10 (/opt/ros/humble/share/rmw_fastrtps_cpp/cmake)
[1.011s] -- Found OpenSSL: /usr/lib/x86_64-linux-gnu/libcrypto.so (found version "3.0.2")  
[1.040s] -- Found FastRTPS: /opt/ros/humble/include  
[1.083s] -- Using RMW implementation 'rmw_fastrtps_cpp' as default
[1.095s] -- Looking for pthread.h
[1.169s] -- Looking for pthread.h - found
[1.169s] -- Performing Test CMAKE_HAVE_LIBC_PTHREAD
[1.240s] -- Performing Test CMAKE_HAVE_LIBC_PTHREAD - Success
[1.241s] -- Found Threads: TRUE  
[1.402s] -- Found eigen3_cmake_module: 0.1.1 (/opt/ros/humble/share/eigen3_cmake_module/cmake)
[1.402s] -- Found Eigen3: TRUE (found version "3.4.0") 
[1.403s] -- Ensuring Eigen3 include directory is part of orocos-kdl CMake target
[1.497s] -- Found ament_lint_auto: 0.12.15 (/opt/ros/humble/share/ament_lint_auto/cmake)
[1.515s] [0mIn this package, headers install destination is set to `include` by ament_auto_package. It is recommended to install `include/mg400_node` instead and will be the default behavior of ament_auto_package from ROS 2 Kilted Kaiju. On distributions before Kilted, ament_auto_package behaves the same way when you use USE_SCOPED_HEADER_INSTALL_DIR option.[0m
[1.522s] -- Added test 'cppcheck' to perform static code analysis on C / C++ code
[1.523s] -- Configured cppcheck include dirs: /root/ros2_ws/src/MG400_ROS2/mg400_node/include
[1.523s] -- Configured cppcheck exclude dirs and/or files: 
[1.524s] -- Added test 'lint_cmake' to check CMake code style
[1.526s] -- Added test 'uncrustify' to check C / C++ code style
[1.526s] -- Configured uncrustify additional arguments: 
[1.526s] -- Added test 'xmllint' to check XML markup files
[1.530s] -- Configuring done
[1.648s] -- Generating done
[1.657s] -- Build files have been written to: /root/ros2_ws/build/mg400_node
[1.669s] Invoked command in '/root/ros2_ws/build/mg400_node' returned '0': AMENT_PREFIX_PATH=/root/ros2_ws/install/mg400_plugin:/root/ros2_ws/install/mg400_plugin_base:/root/ros2_ws/install/mg400_interface:/root/ros2_ws/install/mg400_msgs:/root/ros2_ws/install/mg400_common:${AMENT_PREFIX_PATH} CMAKE_PREFIX_PATH=/root/ros2_ws/install/mg400_plugin:/root/ros2_ws/install/mg400_plugin_base:/root/ros2_ws/install/mg400_interface:/root/ros2_ws/install/mg400_msgs:/root/ros2_ws/install/mg400_common:/opt/ros/humble LD_LIBRARY_PATH=/root/ros2_ws/install/mg400_plugin/lib:/root/ros2_ws/install/mg400_interface/lib:/root/ros2_ws/install/mg400_msgs/lib:/root/ros2_ws/install/mg400_common/lib:${LD_LIBRARY_PATH} PYTHONPATH=/root/ros2_ws/install/mg400_msgs/local/lib/python3.10/dist-packages:${PYTHONPATH} /usr/bin/cmake /root/ros2_ws/src/MG400_ROS2/mg400_node -DAMENT_CMAKE_SYMLINK_INSTALL=1 -DCMAKE_INSTALL_PREFIX=/root/ros2_ws/install/mg400_node
[1.672s] Invoking command in '/root/ros2_ws/build/mg400_node': AMENT_PREFIX_PATH=/root/ros2_ws/install/mg400_plugin:/root/ros2_ws/install/mg400_plugin_base:/root/ros2_ws/install/mg400_interface:/root/ros2_ws/install/mg400_msgs:/root/ros2_ws/install/mg400_common:${AMENT_PREFIX_PATH} CMAKE_PREFIX_PATH=/root/ros2_ws/install/mg400_plugin:/root/ros2_ws/install/mg400_plugin_base:/root/ros2_ws/install/mg400_interface:/root/ros2_ws/install/mg400_msgs:/root/ros2_ws/install/mg400_common:/opt/ros/humble LD_LIBRARY_PATH=/root/ros2_ws/install/mg400_plugin/lib:/root/ros2_ws/install/mg400_interface/lib:/root/ros2_ws/install/mg400_msgs/lib:/root/ros2_ws/install/mg400_common/lib:${LD_LIBRARY_PATH} PYTHONPATH=/root/ros2_ws/install/mg400_msgs/local/lib/python3.10/dist-packages:${PYTHONPATH} /usr/bin/cmake --build /root/ros2_ws/build/mg400_node -- -j16 -l16
[1.722s] [ 14%] [32mBuilding CXX object CMakeFiles/mg400_node_exec.dir/rclcpp_components/node_main_mg400_node_exec.cpp.o[0m
[1.722s] [ 14%] [32mBuilding CXX object CMakeFiles/mg400_node.dir/src/mg400_node.cpp.o[0m
[1.722s] [ 28%] [34m[1mAutomatic MOC and UIC for target joint_state_publisher_gui[0m
[1.722s] [ 28%] [34m[1mAutomatic MOC and UIC for target joint_command_publisher_gui[0m
[2.356s] [ 28%] Built target joint_command_publisher_gui_autogen
[2.356s] [ 28%] Built target joint_state_publisher_gui_autogen
[2.378s] [ 57%] [32mBuilding CXX object CMakeFiles/joint_command_publisher_gui.dir/joint_command_publisher_gui_autogen/mocs_compilation.cpp.o[0m
[2.378s] [ 57%] [32mBuilding CXX object CMakeFiles/joint_command_publisher_gui.dir/src/joint_command_publisher_gui/main.cpp.o[0m
[2.378s] [ 57%] [32mBuilding CXX object CMakeFiles/joint_state_publisher_gui.dir/src/joint_state_publisher_gui/main.cpp.o[0m
[2.378s] [ 57%] [32mBuilding CXX object CMakeFiles/joint_command_publisher_gui.dir/src/joint_command_publisher_gui/main_window.cpp.o[0m
[2.379s] [ 71%] [32mBuilding CXX object CMakeFiles/joint_state_publisher_gui.dir/joint_state_publisher_gui_autogen/mocs_compilation.cpp.o[0m
[2.379s] [ 71%] [32mBuilding CXX object CMakeFiles/joint_state_publisher_gui.dir/src/joint_state_publisher_gui/main_window.cpp.o[0m
[4.636s] [ 78%] [32m[1mLinking CXX executable mg400_node_exec[0m
[4.787s] [ 78%] Built target mg400_node_exec
[8.784s] [ 85%] [32m[1mLinking CXX executable joint_state_publisher_gui[0m
[8.800s] [ 92%] [32m[1mLinking CXX executable joint_command_publisher_gui[0m
[9.835s] [ 92%] Built target joint_command_publisher_gui
[9.882s] [ 92%] Built target joint_state_publisher_gui
[11.374s] [100%] [32m[1mLinking CXX shared library libmg400_node.so[0m
[11.947s] [100%] Built target mg400_node
[11.959s] Invoked command in '/root/ros2_ws/build/mg400_node' returned '0': AMENT_PREFIX_PATH=/root/ros2_ws/install/mg400_plugin:/root/ros2_ws/install/mg400_plugin_base:/root/ros2_ws/install/mg400_interface:/root/ros2_ws/install/mg400_msgs:/root/ros2_ws/install/mg400_common:${AMENT_PREFIX_PATH} CMAKE_PREFIX_PATH=/root/ros2_ws/install/mg400_plugin:/root/ros2_ws/install/mg400_plugin_base:/root/ros2_ws/install/mg400_interface:/root/ros2_ws/install/mg400_msgs:/root/ros2_ws/install/mg400_common:/opt/ros/humble LD_LIBRARY_PATH=/root/ros2_ws/install/mg400_plugin/lib:/root/ros2_ws/install/mg400_interface/lib:/root/ros2_ws/install/mg400_msgs/lib:/root/ros2_ws/install/mg400_common/lib:${LD_LIBRARY_PATH} PYTHONPATH=/root/ros2_ws/install/mg400_msgs/local/lib/python3.10/dist-packages:${PYTHONPATH} /usr/bin/cmake --build /root/ros2_ws/build/mg400_node -- -j16 -l16
[11.961s] Invoking command in '/root/ros2_ws/build/mg400_node': AMENT_PREFIX_PATH=/root/ros2_ws/install/mg400_plugin:/root/ros2_ws/install/mg400_plugin_base:/root/ros2_ws/install/mg400_interface:/root/ros2_ws/install/mg400_msgs:/root/ros2_ws/install/mg400_common:${AMENT_PREFIX_PATH} CMAKE_PREFIX_PATH=/root/ros2_ws/install/mg400_plugin:/root/ros2_ws/install/mg400_plugin_base:/root/ros2_ws/install/mg400_interface:/root/ros2_ws/install/mg400_msgs:/root/ros2_ws/install/mg400_common:/opt/ros/humble LD_LIBRARY_PATH=/root/ros2_ws/install/mg400_plugin/lib:/root/ros2_ws/install/mg400_interface/lib:/root/ros2_ws/install/mg400_msgs/lib:/root/ros2_ws/install/mg400_common/lib:${LD_LIBRARY_PATH} PYTHONPATH=/root/ros2_ws/install/mg400_msgs/local/lib/python3.10/dist-packages:${PYTHONPATH} /usr/bin/cmake --install /root/ros2_ws/build/mg400_node
[11.968s] -- Install configuration: ""
[11.968s] -- Execute custom install script
[11.968s] -- Symlinking: /root/ros2_ws/install/mg400_node/lib/mg400_node/mg400_node_exec
[11.977s] -- Symlinking: /root/ros2_ws/install/mg400_node/include/mg400_node/mg400_node.hpp
[11.986s] -- Symlinking: /root/ros2_ws/install/mg400_node/share/mg400_node/environment/library_path.sh
[11.994s] -- Symlinking: /root/ros2_ws/install/mg400_node/share/mg400_node/environment/library_path.dsv
[12.003s] -- Symlinking: /root/ros2_ws/install/mg400_node/lib/libmg400_node.so
[12.012s] -- Symlinking: /root/ros2_ws/install/mg400_node/lib/mg400_node/joint_state_publisher_gui
[12.021s] -- Symlinking: /root/ros2_ws/install/mg400_node/lib/mg400_node/joint_command_publisher_gui
[12.029s] -- Symlinking: /root/ros2_ws/install/mg400_node/share/ament_index/resource_index/package_run_dependencies/mg400_node
[12.036s] -- Symlinking: /root/ros2_ws/install/mg400_node/share/ament_index/resource_index/parent_prefix_path/mg400_node
[12.044s] -- Symlinking: /root/ros2_ws/install/mg400_node/share/mg400_node/environment/ament_prefix_path.sh
[12.052s] -- Symlinking: /root/ros2_ws/install/mg400_node/share/mg400_node/environment/ament_prefix_path.dsv
[12.060s] -- Symlinking: /root/ros2_ws/install/mg400_node/share/mg400_node/environment/path.sh
[12.067s] -- Symlinking: /root/ros2_ws/install/mg400_node/share/mg400_node/environment/path.dsv
[12.074s] -- Symlinking: /root/ros2_ws/install/mg400_node/share/mg400_node/local_setup.bash
[12.083s] -- Symlinking: /root/ros2_ws/install/mg400_node/share/mg400_node/local_setup.sh
[12.091s] -- Symlinking: /root/ros2_ws/install/mg400_node/share/mg400_node/local_setup.zsh
[12.099s] -- Symlinking: /root/ros2_ws/install/mg400_node/share/mg400_node/local_setup.dsv
[12.107s] -- Symlinking: /root/ros2_ws/install/mg400_node/share/mg400_node/package.dsv
[12.116s] -- Symlinking: /root/ros2_ws/install/mg400_node/share/ament_index/resource_index/packages/mg400_node
[12.125s] -- Symlinking: /root/ros2_ws/install/mg400_node/share/ament_index/resource_index/rclcpp_components/mg400_node
[12.134s] -- Symlinking: /root/ros2_ws/install/mg400_node/share/mg400_node/cmake/ament_cmake_export_dependencies-extras.cmake
[12.143s] -- Symlinking: /root/ros2_ws/install/mg400_node/share/mg400_node/cmake/ament_cmake_export_include_directories-extras.cmake
[12.152s] -- Symlinking: /root/ros2_ws/install/mg400_node/share/mg400_node/cmake/ament_cmake_export_libraries-extras.cmake
[12.160s] -- Symlinking: /root/ros2_ws/install/mg400_node/share/mg400_node/cmake/mg400_nodeConfig.cmake
[12.167s] -- Symlinking: /root/ros2_ws/install/mg400_node/share/mg400_node/cmake/mg400_nodeConfig-version.cmake
[12.176s] -- Symlinking: /root/ros2_ws/install/mg400_node/share/mg400_node/package.xml
[12.187s] Invoked command in '/root/ros2_ws/build/mg400_node' returned '0': AMENT_PREFIX_PATH=/root/ros2_ws/install/mg400_plugin:/root/ros2_ws/install/mg400_plugin_base:/root/ros2_ws/install/mg400_interface:/root/ros2_ws/install/mg400_msgs:/root/ros2_ws/install/mg400_common:${AMENT_PREFIX_PATH} CMAKE_PREFIX_PATH=/root/ros2_ws/install/mg400_plugin:/root/ros2_ws/install/mg400_plugin_base:/root/ros2_ws/install/mg400_interface:/root/ros2_ws/install/mg400_msgs:/root/ros2_ws/install/mg400_common:/opt/ros/humble LD_LIBRARY_PATH=/root/ros2_ws/install/mg400_plugin/lib:/root/ros2_ws/install/mg400_interface/lib:/root/ros2_ws/install/mg400_msgs/lib:/root/ros2_ws/install/mg400_common/lib:${LD_LIBRARY_PATH} PYTHONPATH=/root/ros2_ws/install/mg400_msgs/local/lib/python3.10/dist-packages:${PYTHONPATH} /usr/bin/cmake --install /root/ros2_ws/build/mg400_node
