[0.471s] Invoking command in '/root/ros2_ws/build/p9n_bringup': CMAKE_PREFIX_PATH=/root/ros2_ws/install/p9n_node:/root/ros2_ws/install/p9n_interface:/root/ros2_ws/install/p9n:/root/ros2_ws/install/p9n_test:/root/ros2_ws/install/p9n_example:/root/ros2_ws/install/mg400:/root/ros2_ws/install/mg400_joy:/root/ros2_ws/install/mg400_tools:/root/ros2_ws/install/mg400_rviz_plugin:/root/ros2_ws/install/mg400_node:/root/ros2_ws/install/mg400_plugin:/root/ros2_ws/install/mg400_plugin_base:/root/ros2_ws/install/mg400_interface:/root/ros2_ws/install/mg400_msgs:/root/ros2_ws/install/mg400_description:/root/ros2_ws/install/mg400_common LD_LIBRARY_PATH=/root/ros2_ws/install/p9n_node/lib:/root/ros2_ws/install/p9n_test/lib:/root/ros2_ws/install/p9n_example/lib:/root/ros2_ws/install/mg400_joy/lib:/root/ros2_ws/install/p9n_interface/lib:/root/ros2_ws/install/mg400_rviz_plugin/lib:/root/ros2_ws/install/mg400_node/lib:/root/ros2_ws/install/mg400_plugin/lib:/root/ros2_ws/install/mg400_interface/lib:/root/ros2_ws/install/mg400_msgs/lib:/root/ros2_ws/install/mg400_common/lib:/opt/ros/humble/opt/rviz_ogre_vendor/lib:/opt/ros/humble/lib/x86_64-linux-gnu:/opt/ros/humble/lib PYTHONPATH=/root/ros2_ws/build/p9n_bringup/prefix_override:/usr/lib/python3/dist-packages/colcon_core/task/python/colcon_distutils_commands:/root/ros2_ws/install/p9n_bringup/lib/python3.10/site-packages:${PYTHONPATH} /usr/bin/python3 -W ignore:setup.py install is deprecated -W ignore:easy_install command is deprecated setup.py develop --uninstall --editable --build-directory /root/ros2_ws/build/p9n_bringup/build
[0.667s] running develop
[0.767s] Removing /root/ros2_ws/install/p9n_bringup/lib/python3.10/site-packages/p9n-bringup.egg-link (link to .)
[0.793s] Invoked command in '/root/ros2_ws/build/p9n_bringup' returned '0': CMAKE_PREFIX_PATH=/root/ros2_ws/install/p9n_node:/root/ros2_ws/install/p9n_interface:/root/ros2_ws/install/p9n:/root/ros2_ws/install/p9n_test:/root/ros2_ws/install/p9n_example:/root/ros2_ws/install/mg400:/root/ros2_ws/install/mg400_joy:/root/ros2_ws/install/mg400_tools:/root/ros2_ws/install/mg400_rviz_plugin:/root/ros2_ws/install/mg400_node:/root/ros2_ws/install/mg400_plugin:/root/ros2_ws/install/mg400_plugin_base:/root/ros2_ws/install/mg400_interface:/root/ros2_ws/install/mg400_msgs:/root/ros2_ws/install/mg400_description:/root/ros2_ws/install/mg400_common LD_LIBRARY_PATH=/root/ros2_ws/install/p9n_node/lib:/root/ros2_ws/install/p9n_test/lib:/root/ros2_ws/install/p9n_example/lib:/root/ros2_ws/install/mg400_joy/lib:/root/ros2_ws/install/p9n_interface/lib:/root/ros2_ws/install/mg400_rviz_plugin/lib:/root/ros2_ws/install/mg400_node/lib:/root/ros2_ws/install/mg400_plugin/lib:/root/ros2_ws/install/mg400_interface/lib:/root/ros2_ws/install/mg400_msgs/lib:/root/ros2_ws/install/mg400_common/lib:/opt/ros/humble/opt/rviz_ogre_vendor/lib:/opt/ros/humble/lib/x86_64-linux-gnu:/opt/ros/humble/lib PYTHONPATH=/root/ros2_ws/build/p9n_bringup/prefix_override:/usr/lib/python3/dist-packages/colcon_core/task/python/colcon_distutils_commands:/root/ros2_ws/install/p9n_bringup/lib/python3.10/site-packages:${PYTHONPATH} /usr/bin/python3 -W ignore:setup.py install is deprecated -W ignore:easy_install command is deprecated setup.py develop --uninstall --editable --build-directory /root/ros2_ws/build/p9n_bringup/build
[0.795s] Invoking command in '/root/ros2_ws/src/PlayStation-JoyInterface-ROS2/p9n_bringup': CMAKE_PREFIX_PATH=/root/ros2_ws/install/p9n_node:/root/ros2_ws/install/p9n_interface:/root/ros2_ws/install/p9n:/root/ros2_ws/install/p9n_test:/root/ros2_ws/install/p9n_example:/root/ros2_ws/install/mg400:/root/ros2_ws/install/mg400_joy:/root/ros2_ws/install/mg400_tools:/root/ros2_ws/install/mg400_rviz_plugin:/root/ros2_ws/install/mg400_node:/root/ros2_ws/install/mg400_plugin:/root/ros2_ws/install/mg400_plugin_base:/root/ros2_ws/install/mg400_interface:/root/ros2_ws/install/mg400_msgs:/root/ros2_ws/install/mg400_description:/root/ros2_ws/install/mg400_common LD_LIBRARY_PATH=/root/ros2_ws/install/p9n_node/lib:/root/ros2_ws/install/p9n_test/lib:/root/ros2_ws/install/p9n_example/lib:/root/ros2_ws/install/mg400_joy/lib:/root/ros2_ws/install/p9n_interface/lib:/root/ros2_ws/install/mg400_rviz_plugin/lib:/root/ros2_ws/install/mg400_node/lib:/root/ros2_ws/install/mg400_plugin/lib:/root/ros2_ws/install/mg400_interface/lib:/root/ros2_ws/install/mg400_msgs/lib:/root/ros2_ws/install/mg400_common/lib:/opt/ros/humble/opt/rviz_ogre_vendor/lib:/opt/ros/humble/lib/x86_64-linux-gnu:/opt/ros/humble/lib PYTHONPATH=/root/ros2_ws/build/p9n_bringup/prefix_override:/usr/lib/python3/dist-packages/colcon_core/task/python/colcon_distutils_commands:/root/ros2_ws/install/p9n_bringup/lib/python3.10/site-packages:${PYTHONPATH} /usr/bin/python3 -W ignore:setup.py install is deprecated -W ignore:easy_install command is deprecated setup.py egg_info --egg-base ../../../build/p9n_bringup build --build-base /root/ros2_ws/build/p9n_bringup/build install --record /root/ros2_ws/build/p9n_bringup/install.log --install-scripts $base/lib/p9n_bringup --single-version-externally-managed install_data --force
[0.964s] running egg_info
[0.964s] writing ../../../build/p9n_bringup/p9n_bringup.egg-info/PKG-INFO
[0.964s] writing dependency_links to ../../../build/p9n_bringup/p9n_bringup.egg-info/dependency_links.txt
[0.964s] writing entry points to ../../../build/p9n_bringup/p9n_bringup.egg-info/entry_points.txt
[0.965s] writing requirements to ../../../build/p9n_bringup/p9n_bringup.egg-info/requires.txt
[0.965s] writing top-level names to ../../../build/p9n_bringup/p9n_bringup.egg-info/top_level.txt
[0.969s] reading manifest file '../../../build/p9n_bringup/p9n_bringup.egg-info/SOURCES.txt'
[0.970s] writing manifest file '../../../build/p9n_bringup/p9n_bringup.egg-info/SOURCES.txt'
[0.970s] running build
[0.970s] running build_py
[0.970s] creating /root/ros2_ws/build/p9n_bringup/build
[0.970s] creating /root/ros2_ws/build/p9n_bringup/build/lib
[0.970s] creating /root/ros2_ws/build/p9n_bringup/build/lib/p9n_bringup
[0.970s] copying p9n_bringup/__init__.py -> /root/ros2_ws/build/p9n_bringup/build/lib/p9n_bringup
[0.970s] running install
[0.970s] running install_lib
[0.971s] creating /root/ros2_ws/install/p9n_bringup/lib/python3.10/site-packages/p9n_bringup
[0.971s] copying /root/ros2_ws/build/p9n_bringup/build/lib/p9n_bringup/__init__.py -> /root/ros2_ws/install/p9n_bringup/lib/python3.10/site-packages/p9n_bringup
[0.971s] byte-compiling /root/ros2_ws/install/p9n_bringup/lib/python3.10/site-packages/p9n_bringup/__init__.py to __init__.cpython-310.pyc
[0.972s] running install_data
[0.972s] copying resource/p9n_bringup -> /root/ros2_ws/install/p9n_bringup/share/ament_index/resource_index/packages
[0.972s] copying package.xml -> /root/ros2_ws/install/p9n_bringup/share/p9n_bringup
[0.972s] copying launch/teleop_turtlesim.launch.py -> /root/ros2_ws/install/p9n_bringup/share/p9n_bringup/launch
[0.972s] copying launch/teleop.launch.py -> /root/ros2_ws/install/p9n_bringup/share/p9n_bringup/launch
[0.972s] running install_egg_info
[0.974s] Copying ../../../build/p9n_bringup/p9n_bringup.egg-info to /root/ros2_ws/install/p9n_bringup/lib/python3.10/site-packages/p9n_bringup-1.1.1-py3.10.egg-info
[0.975s] running install_scripts
[0.991s] writing list of installed files to '/root/ros2_ws/build/p9n_bringup/install.log'
[1.014s] Invoked command in '/root/ros2_ws/src/PlayStation-JoyInterface-ROS2/p9n_bringup' returned '0': CMAKE_PREFIX_PATH=/root/ros2_ws/install/p9n_node:/root/ros2_ws/install/p9n_interface:/root/ros2_ws/install/p9n:/root/ros2_ws/install/p9n_test:/root/ros2_ws/install/p9n_example:/root/ros2_ws/install/mg400:/root/ros2_ws/install/mg400_joy:/root/ros2_ws/install/mg400_tools:/root/ros2_ws/install/mg400_rviz_plugin:/root/ros2_ws/install/mg400_node:/root/ros2_ws/install/mg400_plugin:/root/ros2_ws/install/mg400_plugin_base:/root/ros2_ws/install/mg400_interface:/root/ros2_ws/install/mg400_msgs:/root/ros2_ws/install/mg400_description:/root/ros2_ws/install/mg400_common LD_LIBRARY_PATH=/root/ros2_ws/install/p9n_node/lib:/root/ros2_ws/install/p9n_test/lib:/root/ros2_ws/install/p9n_example/lib:/root/ros2_ws/install/mg400_joy/lib:/root/ros2_ws/install/p9n_interface/lib:/root/ros2_ws/install/mg400_rviz_plugin/lib:/root/ros2_ws/install/mg400_node/lib:/root/ros2_ws/install/mg400_plugin/lib:/root/ros2_ws/install/mg400_interface/lib:/root/ros2_ws/install/mg400_msgs/lib:/root/ros2_ws/install/mg400_common/lib:/opt/ros/humble/opt/rviz_ogre_vendor/lib:/opt/ros/humble/lib/x86_64-linux-gnu:/opt/ros/humble/lib PYTHONPATH=/root/ros2_ws/build/p9n_bringup/prefix_override:/usr/lib/python3/dist-packages/colcon_core/task/python/colcon_distutils_commands:/root/ros2_ws/install/p9n_bringup/lib/python3.10/site-packages:${PYTHONPATH} /usr/bin/python3 -W ignore:setup.py install is deprecated -W ignore:easy_install command is deprecated setup.py egg_info --egg-base ../../../build/p9n_bringup build --build-base /root/ros2_ws/build/p9n_bringup/build install --record /root/ros2_ws/build/p9n_bringup/install.log --install-scripts $base/lib/p9n_bringup --single-version-externally-managed install_data --force
