[0.477s] Invoking command in '/root/ros2_ws/build/mg400_bringup': CMAKE_PREFIX_PATH=/root/ros2_ws/install/mg400_node:/root/ros2_ws/install/mg400_plugin:/root/ros2_ws/install/mg400_plugin_base:/root/ros2_ws/install/mg400_joy:/root/ros2_ws/install/mg400_interface:/root/ros2_ws/install/p9n_interface:/root/ros2_ws/install/mg400_msgs:/root/ros2_ws/install/mg400_description:/root/ros2_ws/install/mg400_common:/root/ros2_ws/install/p9n:/root/ros2_ws/install/p9n_test:/root/ros2_ws/install/p9n_node:/root/ros2_ws/install/p9n_example:/root/ros2_ws/install/mg400:/root/ros2_ws/install/mg400_tools:/root/ros2_ws/install/mg400_rviz_plugin LD_LIBRARY_PATH=/root/ros2_ws/install/mg400_node/lib:/root/ros2_ws/install/mg400_plugin/lib:/root/ros2_ws/install/mg400_joy/lib:/root/ros2_ws/install/mg400_msgs/lib:/root/ros2_ws/install/mg400_common/lib:/root/ros2_ws/install/p9n_test/lib:/root/ros2_ws/install/p9n_node/lib:/root/ros2_ws/install/p9n_example/lib:/root/ros2_ws/install/p9n_interface/lib:/root/ros2_ws/install/mg400_rviz_plugin/lib:/root/ros2_ws/install/mg400_interface/lib:/opt/ros/humble/opt/rviz_ogre_vendor/lib:/opt/ros/humble/lib/x86_64-linux-gnu:/opt/ros/humble/lib PYTHONPATH=/root/ros2_ws/build/mg400_bringup/prefix_override:/usr/lib/python3/dist-packages/colcon_core/task/python/colcon_distutils_commands:/root/ros2_ws/install/mg400_bringup/lib/python3.10/site-packages:${PYTHONPATH} /usr/bin/python3 -W ignore:setup.py install is deprecated -W ignore:easy_install command is deprecated setup.py develop --uninstall --editable --build-directory /root/ros2_ws/build/mg400_bringup/build
[0.660s] running develop
[0.757s] Removing /root/ros2_ws/install/mg400_bringup/lib/python3.10/site-packages/mg400-bringup.egg-link (link to .)
[0.785s] Invoked command in '/root/ros2_ws/build/mg400_bringup' returned '0': CMAKE_PREFIX_PATH=/root/ros2_ws/install/mg400_node:/root/ros2_ws/install/mg400_plugin:/root/ros2_ws/install/mg400_plugin_base:/root/ros2_ws/install/mg400_joy:/root/ros2_ws/install/mg400_interface:/root/ros2_ws/install/p9n_interface:/root/ros2_ws/install/mg400_msgs:/root/ros2_ws/install/mg400_description:/root/ros2_ws/install/mg400_common:/root/ros2_ws/install/p9n:/root/ros2_ws/install/p9n_test:/root/ros2_ws/install/p9n_node:/root/ros2_ws/install/p9n_example:/root/ros2_ws/install/mg400:/root/ros2_ws/install/mg400_tools:/root/ros2_ws/install/mg400_rviz_plugin LD_LIBRARY_PATH=/root/ros2_ws/install/mg400_node/lib:/root/ros2_ws/install/mg400_plugin/lib:/root/ros2_ws/install/mg400_joy/lib:/root/ros2_ws/install/mg400_msgs/lib:/root/ros2_ws/install/mg400_common/lib:/root/ros2_ws/install/p9n_test/lib:/root/ros2_ws/install/p9n_node/lib:/root/ros2_ws/install/p9n_example/lib:/root/ros2_ws/install/p9n_interface/lib:/root/ros2_ws/install/mg400_rviz_plugin/lib:/root/ros2_ws/install/mg400_interface/lib:/opt/ros/humble/opt/rviz_ogre_vendor/lib:/opt/ros/humble/lib/x86_64-linux-gnu:/opt/ros/humble/lib PYTHONPATH=/root/ros2_ws/build/mg400_bringup/prefix_override:/usr/lib/python3/dist-packages/colcon_core/task/python/colcon_distutils_commands:/root/ros2_ws/install/mg400_bringup/lib/python3.10/site-packages:${PYTHONPATH} /usr/bin/python3 -W ignore:setup.py install is deprecated -W ignore:easy_install command is deprecated setup.py develop --uninstall --editable --build-directory /root/ros2_ws/build/mg400_bringup/build
[0.786s] Invoking command in '/root/ros2_ws/src/MG400_ROS2/mg400_bringup': CMAKE_PREFIX_PATH=/root/ros2_ws/install/mg400_node:/root/ros2_ws/install/mg400_plugin:/root/ros2_ws/install/mg400_plugin_base:/root/ros2_ws/install/mg400_joy:/root/ros2_ws/install/mg400_interface:/root/ros2_ws/install/p9n_interface:/root/ros2_ws/install/mg400_msgs:/root/ros2_ws/install/mg400_description:/root/ros2_ws/install/mg400_common:/root/ros2_ws/install/p9n:/root/ros2_ws/install/p9n_test:/root/ros2_ws/install/p9n_node:/root/ros2_ws/install/p9n_example:/root/ros2_ws/install/mg400:/root/ros2_ws/install/mg400_tools:/root/ros2_ws/install/mg400_rviz_plugin LD_LIBRARY_PATH=/root/ros2_ws/install/mg400_node/lib:/root/ros2_ws/install/mg400_plugin/lib:/root/ros2_ws/install/mg400_joy/lib:/root/ros2_ws/install/mg400_msgs/lib:/root/ros2_ws/install/mg400_common/lib:/root/ros2_ws/install/p9n_test/lib:/root/ros2_ws/install/p9n_node/lib:/root/ros2_ws/install/p9n_example/lib:/root/ros2_ws/install/p9n_interface/lib:/root/ros2_ws/install/mg400_rviz_plugin/lib:/root/ros2_ws/install/mg400_interface/lib:/opt/ros/humble/opt/rviz_ogre_vendor/lib:/opt/ros/humble/lib/x86_64-linux-gnu:/opt/ros/humble/lib PYTHONPATH=/root/ros2_ws/build/mg400_bringup/prefix_override:/usr/lib/python3/dist-packages/colcon_core/task/python/colcon_distutils_commands:/root/ros2_ws/install/mg400_bringup/lib/python3.10/site-packages:${PYTHONPATH} /usr/bin/python3 -W ignore:setup.py install is deprecated -W ignore:easy_install command is deprecated setup.py egg_info --egg-base ../../../build/mg400_bringup build --build-base /root/ros2_ws/build/mg400_bringup/build install --record /root/ros2_ws/build/mg400_bringup/install.log --install-scripts $base/lib/mg400_bringup --single-version-externally-managed install_data --force
[0.956s] running egg_info
[0.957s] writing ../../../build/mg400_bringup/mg400_bringup.egg-info/PKG-INFO
[0.957s] writing dependency_links to ../../../build/mg400_bringup/mg400_bringup.egg-info/dependency_links.txt
[0.957s] writing entry points to ../../../build/mg400_bringup/mg400_bringup.egg-info/entry_points.txt
[0.957s] writing requirements to ../../../build/mg400_bringup/mg400_bringup.egg-info/requires.txt
[0.957s] writing top-level names to ../../../build/mg400_bringup/mg400_bringup.egg-info/top_level.txt
[0.959s] reading manifest file '../../../build/mg400_bringup/mg400_bringup.egg-info/SOURCES.txt'
[0.959s] writing manifest file '../../../build/mg400_bringup/mg400_bringup.egg-info/SOURCES.txt'
[0.959s] running build
[0.960s] running build_py
[0.960s] creating /root/ros2_ws/build/mg400_bringup/build
[0.960s] creating /root/ros2_ws/build/mg400_bringup/build/lib
[0.960s] creating /root/ros2_ws/build/mg400_bringup/build/lib/mg400_bringup
[0.960s] copying mg400_bringup/__init__.py -> /root/ros2_ws/build/mg400_bringup/build/lib/mg400_bringup
[0.960s] running install
[0.960s] running install_lib
[0.960s] creating /root/ros2_ws/install/mg400_bringup/lib/python3.10/site-packages/mg400_bringup
[0.960s] copying /root/ros2_ws/build/mg400_bringup/build/lib/mg400_bringup/__init__.py -> /root/ros2_ws/install/mg400_bringup/lib/python3.10/site-packages/mg400_bringup
[0.961s] byte-compiling /root/ros2_ws/install/mg400_bringup/lib/python3.10/site-packages/mg400_bringup/__init__.py to __init__.cpython-310.pyc
[0.961s] running install_data
[0.961s] copying resource/mg400_bringup -> /root/ros2_ws/install/mg400_bringup/share/ament_index/resource_index/packages
[0.961s] copying package.xml -> /root/ros2_ws/install/mg400_bringup/share/mg400_bringup
[0.961s] copying launch/mg400.launch.py -> /root/ros2_ws/install/mg400_bringup/share/mg400_bringup/launch
[0.962s] copying launch/display.launch.py -> /root/ros2_ws/install/mg400_bringup/share/mg400_bringup/launch
[0.962s] copying launch/joy.launch.py -> /root/ros2_ws/install/mg400_bringup/share/mg400_bringup/launch
[0.962s] copying launch/rsp.launch.py -> /root/ros2_ws/install/mg400_bringup/share/mg400_bringup/launch
[0.962s] copying launch/main.launch.py -> /root/ros2_ws/install/mg400_bringup/share/mg400_bringup/launch
[0.962s] copying launch/rviz.launch.py -> /root/ros2_ws/install/mg400_bringup/share/mg400_bringup/launch
[0.963s] copying rviz/mg400.rviz -> /root/ros2_ws/install/mg400_bringup/share/mg400_bringup/rviz
[0.963s] copying rviz/display.rviz -> /root/ros2_ws/install/mg400_bringup/share/mg400_bringup/rviz
[0.963s] running install_egg_info
[0.964s] Copying ../../../build/mg400_bringup/mg400_bringup.egg-info to /root/ros2_ws/install/mg400_bringup/lib/python3.10/site-packages/mg400_bringup-1.4.1-py3.10.egg-info
[0.965s] running install_scripts
[0.982s] writing list of installed files to '/root/ros2_ws/build/mg400_bringup/install.log'
[1.004s] Invoked command in '/root/ros2_ws/src/MG400_ROS2/mg400_bringup' returned '0': CMAKE_PREFIX_PATH=/root/ros2_ws/install/mg400_node:/root/ros2_ws/install/mg400_plugin:/root/ros2_ws/install/mg400_plugin_base:/root/ros2_ws/install/mg400_joy:/root/ros2_ws/install/mg400_interface:/root/ros2_ws/install/p9n_interface:/root/ros2_ws/install/mg400_msgs:/root/ros2_ws/install/mg400_description:/root/ros2_ws/install/mg400_common:/root/ros2_ws/install/p9n:/root/ros2_ws/install/p9n_test:/root/ros2_ws/install/p9n_node:/root/ros2_ws/install/p9n_example:/root/ros2_ws/install/mg400:/root/ros2_ws/install/mg400_tools:/root/ros2_ws/install/mg400_rviz_plugin LD_LIBRARY_PATH=/root/ros2_ws/install/mg400_node/lib:/root/ros2_ws/install/mg400_plugin/lib:/root/ros2_ws/install/mg400_joy/lib:/root/ros2_ws/install/mg400_msgs/lib:/root/ros2_ws/install/mg400_common/lib:/root/ros2_ws/install/p9n_test/lib:/root/ros2_ws/install/p9n_node/lib:/root/ros2_ws/install/p9n_example/lib:/root/ros2_ws/install/p9n_interface/lib:/root/ros2_ws/install/mg400_rviz_plugin/lib:/root/ros2_ws/install/mg400_interface/lib:/opt/ros/humble/opt/rviz_ogre_vendor/lib:/opt/ros/humble/lib/x86_64-linux-gnu:/opt/ros/humble/lib PYTHONPATH=/root/ros2_ws/build/mg400_bringup/prefix_override:/usr/lib/python3/dist-packages/colcon_core/task/python/colcon_distutils_commands:/root/ros2_ws/install/mg400_bringup/lib/python3.10/site-packages:${PYTHONPATH} /usr/bin/python3 -W ignore:setup.py install is deprecated -W ignore:easy_install command is deprecated setup.py egg_info --egg-base ../../../build/mg400_bringup build --build-base /root/ros2_ws/build/mg400_bringup/build install --record /root/ros2_ws/build/mg400_bringup/install.log --install-scripts $base/lib/mg400_bringup --single-version-externally-managed install_data --force
