[0.014s] Invoking command in '/root/ros2_ws/build/p9n_example': CMAKE_PREFIX_PATH=/root/ros2_ws/install/p9n_interface:/root/ros2_ws/install/p9n:/root/ros2_ws/install/p9n_test:/root/ros2_ws/install/p9n_node:/root/ros2_ws/install/p9n_example:/root/ros2_ws/install/mg400:/root/ros2_ws/install/mg400_joy:/root/ros2_ws/install/mg400_tools:/root/ros2_ws/install/mg400_rviz_plugin:/root/ros2_ws/install/mg400_node:/root/ros2_ws/install/mg400_plugin:/root/ros2_ws/install/mg400_plugin_base:/root/ros2_ws/install/mg400_interface:/root/ros2_ws/install/mg400_msgs:/root/ros2_ws/install/mg400_description:/root/ros2_ws/install/mg400_common:/root/ros2_ws/install/p9n_bringup:/root/ros2_ws/install/mg400_bringup:/opt/ros/humble /usr/bin/cmake /root/ros2_ws/src/PlayStation-JoyInterface-ROS2/p9n_example -DCMAKE_INSTALL_PREFIX=/root/ros2_ws/install/p9n_example
[0.023s] -- Found ament_cmake_auto: 1.3.14 (/opt/ros/humble/share/ament_cmake_auto/cmake)
[0.131s] -- Override CMake install command with custom implementation using symlinks instead of copying resources
[0.222s] -- Found rosidl_generator_c: 3.1.9 (/opt/ros/humble/share/rosidl_generator_c/cmake)
[0.224s] -- Found rosidl_adapter: 3.1.9 (/opt/ros/humble/share/rosidl_adapter/cmake)
[0.229s] -- Found rosidl_generator_cpp: 3.1.9 (/opt/ros/humble/share/rosidl_generator_cpp/cmake)
[0.237s] -- Using all available rosidl_typesupport_c: rosidl_typesupport_fastrtps_c;rosidl_typesupport_introspection_c
[0.245s] -- Using all available rosidl_typesupport_cpp: rosidl_typesupport_fastrtps_cpp;rosidl_typesupport_introspection_cpp
[0.286s] -- Found rmw_implementation_cmake: 6.1.3 (/opt/ros/humble/share/rmw_implementation_cmake/cmake)
[0.287s] -- Found rmw_fastrtps_cpp: 6.2.10 (/opt/ros/humble/share/rmw_fastrtps_cpp/cmake)
[0.401s] -- Using RMW implementation 'rmw_fastrtps_cpp' as default
[0.468s] -- Found ament_lint_auto: 0.12.15 (/opt/ros/humble/share/ament_lint_auto/cmake)
[0.472s] [0mIn this package, headers install destination is set to `include` by ament_auto_package. It is recommended to install `include/p9n_example` instead and will be the default behavior of ament_auto_package from ROS 2 Kilted Kaiju. On distributions before Kilted, ament_auto_package behaves the same way when you use USE_SCOPED_HEADER_INSTALL_DIR option.[0m
[0.478s] -- Added test 'cppcheck' to perform static code analysis on C / C++ code
[0.479s] -- Configured cppcheck include dirs: /root/ros2_ws/src/PlayStation-JoyInterface-ROS2/p9n_example/include
[0.479s] -- Configured cppcheck exclude dirs and/or files: 
[0.479s] -- Added test 'flake8' to check Python code syntax and style conventions
[0.480s] -- Added test 'lint_cmake' to check CMake code style
[0.480s] -- Added test 'pep257' to check Python code against some of the docstring style conventions in PEP 257
[0.481s] -- Added test 'uncrustify' to check C / C++ code style
[0.481s] -- Configured uncrustify additional arguments: 
[0.481s] -- Added test 'xmllint' to check XML markup files
[0.485s] -- Configuring done
[0.509s] -- Generating done
[0.513s] -- Build files have been written to: /root/ros2_ws/build/p9n_example
[0.521s] Invoked command in '/root/ros2_ws/build/p9n_example' returned '0': CMAKE_PREFIX_PATH=/root/ros2_ws/install/p9n_interface:/root/ros2_ws/install/p9n:/root/ros2_ws/install/p9n_test:/root/ros2_ws/install/p9n_node:/root/ros2_ws/install/p9n_example:/root/ros2_ws/install/mg400:/root/ros2_ws/install/mg400_joy:/root/ros2_ws/install/mg400_tools:/root/ros2_ws/install/mg400_rviz_plugin:/root/ros2_ws/install/mg400_node:/root/ros2_ws/install/mg400_plugin:/root/ros2_ws/install/mg400_plugin_base:/root/ros2_ws/install/mg400_interface:/root/ros2_ws/install/mg400_msgs:/root/ros2_ws/install/mg400_description:/root/ros2_ws/install/mg400_common:/root/ros2_ws/install/p9n_bringup:/root/ros2_ws/install/mg400_bringup:/opt/ros/humble /usr/bin/cmake /root/ros2_ws/src/PlayStation-JoyInterface-ROS2/p9n_example -DCMAKE_INSTALL_PREFIX=/root/ros2_ws/install/p9n_example
[0.522s] Invoking command in '/root/ros2_ws/build/p9n_example': CMAKE_PREFIX_PATH=/root/ros2_ws/install/p9n_interface:/root/ros2_ws/install/p9n:/root/ros2_ws/install/p9n_test:/root/ros2_ws/install/p9n_node:/root/ros2_ws/install/p9n_example:/root/ros2_ws/install/mg400:/root/ros2_ws/install/mg400_joy:/root/ros2_ws/install/mg400_tools:/root/ros2_ws/install/mg400_rviz_plugin:/root/ros2_ws/install/mg400_node:/root/ros2_ws/install/mg400_plugin:/root/ros2_ws/install/mg400_plugin_base:/root/ros2_ws/install/mg400_interface:/root/ros2_ws/install/mg400_msgs:/root/ros2_ws/install/mg400_description:/root/ros2_ws/install/mg400_common:/root/ros2_ws/install/p9n_bringup:/root/ros2_ws/install/mg400_bringup:/opt/ros/humble /usr/bin/cmake --build /root/ros2_ws/build/p9n_example -- -j16 -l16
[0.565s] [35m[1mConsolidate compiler generated dependencies of target display_node[0m
[0.565s] [35m[1mConsolidate compiler generated dependencies of target display_node_exec[0m
[0.585s] [ 50%] Built target display_node
[0.585s] [100%] Built target display_node_exec
[0.597s] Invoked command in '/root/ros2_ws/build/p9n_example' returned '0': CMAKE_PREFIX_PATH=/root/ros2_ws/install/p9n_interface:/root/ros2_ws/install/p9n:/root/ros2_ws/install/p9n_test:/root/ros2_ws/install/p9n_node:/root/ros2_ws/install/p9n_example:/root/ros2_ws/install/mg400:/root/ros2_ws/install/mg400_joy:/root/ros2_ws/install/mg400_tools:/root/ros2_ws/install/mg400_rviz_plugin:/root/ros2_ws/install/mg400_node:/root/ros2_ws/install/mg400_plugin:/root/ros2_ws/install/mg400_plugin_base:/root/ros2_ws/install/mg400_interface:/root/ros2_ws/install/mg400_msgs:/root/ros2_ws/install/mg400_description:/root/ros2_ws/install/mg400_common:/root/ros2_ws/install/p9n_bringup:/root/ros2_ws/install/mg400_bringup:/opt/ros/humble /usr/bin/cmake --build /root/ros2_ws/build/p9n_example -- -j16 -l16
[0.598s] Invoking command in '/root/ros2_ws/build/p9n_example': CMAKE_PREFIX_PATH=/root/ros2_ws/install/p9n_interface:/root/ros2_ws/install/p9n:/root/ros2_ws/install/p9n_test:/root/ros2_ws/install/p9n_node:/root/ros2_ws/install/p9n_example:/root/ros2_ws/install/mg400:/root/ros2_ws/install/mg400_joy:/root/ros2_ws/install/mg400_tools:/root/ros2_ws/install/mg400_rviz_plugin:/root/ros2_ws/install/mg400_node:/root/ros2_ws/install/mg400_plugin:/root/ros2_ws/install/mg400_plugin_base:/root/ros2_ws/install/mg400_interface:/root/ros2_ws/install/mg400_msgs:/root/ros2_ws/install/mg400_description:/root/ros2_ws/install/mg400_common:/root/ros2_ws/install/p9n_bringup:/root/ros2_ws/install/mg400_bringup:/opt/ros/humble /usr/bin/cmake --install /root/ros2_ws/build/p9n_example
[0.608s] -- Install configuration: ""
[0.608s] -- Execute custom install script
[0.609s] -- Up-to-date symlink: /root/ros2_ws/install/p9n_example/lib/p9n_example/display_node_exec
[0.609s] -- Up-to-date symlink: /root/ros2_ws/install/p9n_example/include/p9n_example/display_node.hpp
[0.609s] -- Up-to-date symlink: /root/ros2_ws/install/p9n_example/share/p9n_example/environment/library_path.sh
[0.609s] -- Up-to-date symlink: /root/ros2_ws/install/p9n_example/share/p9n_example/environment/library_path.dsv
[0.609s] -- Up-to-date symlink: /root/ros2_ws/install/p9n_example/lib/libdisplay_node.so
[0.609s] -- Up-to-date symlink: /root/ros2_ws/install/p9n_example/share/p9n_example/launch/display.launch.py
[0.609s] -- Up-to-date symlink: /root/ros2_ws/install/p9n_example/share/ament_index/resource_index/package_run_dependencies/p9n_example
[0.609s] -- Up-to-date symlink: /root/ros2_ws/install/p9n_example/share/ament_index/resource_index/parent_prefix_path/p9n_example
[0.610s] -- Up-to-date symlink: /root/ros2_ws/install/p9n_example/share/p9n_example/environment/ament_prefix_path.sh
[0.610s] -- Up-to-date symlink: /root/ros2_ws/install/p9n_example/share/p9n_example/environment/ament_prefix_path.dsv
[0.610s] -- Up-to-date symlink: /root/ros2_ws/install/p9n_example/share/p9n_example/environment/path.sh
[0.610s] -- Up-to-date symlink: /root/ros2_ws/install/p9n_example/share/p9n_example/environment/path.dsv
[0.610s] -- Up-to-date symlink: /root/ros2_ws/install/p9n_example/share/p9n_example/local_setup.bash
[0.610s] -- Up-to-date symlink: /root/ros2_ws/install/p9n_example/share/p9n_example/local_setup.sh
[0.610s] -- Up-to-date symlink: /root/ros2_ws/install/p9n_example/share/p9n_example/local_setup.zsh
[0.610s] -- Up-to-date symlink: /root/ros2_ws/install/p9n_example/share/p9n_example/local_setup.dsv
[0.610s] -- Symlinking: /root/ros2_ws/install/p9n_example/share/p9n_example/package.dsv
[0.620s] -- Up-to-date symlink: /root/ros2_ws/install/p9n_example/share/ament_index/resource_index/packages/p9n_example
[0.620s] -- Up-to-date symlink: /root/ros2_ws/install/p9n_example/share/ament_index/resource_index/rclcpp_components/p9n_example
[0.620s] -- Up-to-date symlink: /root/ros2_ws/install/p9n_example/share/p9n_example/cmake/ament_cmake_export_dependencies-extras.cmake
[0.620s] -- Up-to-date symlink: /root/ros2_ws/install/p9n_example/share/p9n_example/cmake/ament_cmake_export_include_directories-extras.cmake
[0.620s] -- Up-to-date symlink: /root/ros2_ws/install/p9n_example/share/p9n_example/cmake/ament_cmake_export_libraries-extras.cmake
[0.620s] -- Up-to-date symlink: /root/ros2_ws/install/p9n_example/share/p9n_example/cmake/p9n_exampleConfig.cmake
[0.620s] -- Up-to-date symlink: /root/ros2_ws/install/p9n_example/share/p9n_example/cmake/p9n_exampleConfig-version.cmake
[0.621s] -- Up-to-date symlink: /root/ros2_ws/install/p9n_example/share/p9n_example/package.xml
[0.623s] Invoked command in '/root/ros2_ws/build/p9n_example' returned '0': CMAKE_PREFIX_PATH=/root/ros2_ws/install/p9n_interface:/root/ros2_ws/install/p9n:/root/ros2_ws/install/p9n_test:/root/ros2_ws/install/p9n_node:/root/ros2_ws/install/p9n_example:/root/ros2_ws/install/mg400:/root/ros2_ws/install/mg400_joy:/root/ros2_ws/install/mg400_tools:/root/ros2_ws/install/mg400_rviz_plugin:/root/ros2_ws/install/mg400_node:/root/ros2_ws/install/mg400_plugin:/root/ros2_ws/install/mg400_plugin_base:/root/ros2_ws/install/mg400_interface:/root/ros2_ws/install/mg400_msgs:/root/ros2_ws/install/mg400_description:/root/ros2_ws/install/mg400_common:/root/ros2_ws/install/p9n_bringup:/root/ros2_ws/install/mg400_bringup:/opt/ros/humble /usr/bin/cmake --install /root/ros2_ws/build/p9n_example
