-- The C compiler identification is GNU 11.4.0
-- The CXX compiler identification is GNU 11.4.0
-- Detecting C compiler ABI info
-- Detecting C compiler ABI info - done
-- Check for working C compiler: /usr/bin/cc - skipped
-- Detecting C compile features
-- Detecting C compile features - done
-- Detecting CXX compiler ABI info
-- Detecting CXX compiler ABI info - done
-- Check for working CXX compiler: /usr/bin/c++ - skipped
-- Detecting CXX compile features
-- Detecting CXX compile features - done
-- Found ament_cmake_auto: 1.3.14 (/opt/ros/humble/share/ament_cmake_auto/cmake)
-- Found Python3: /usr/bin/python3 (found version "3.10.12") found components: Interpreter 
-- Override CMake install command with custom implementation using symlinks instead of copying resources
-- Found ament_lint_auto: 0.12.15 (/opt/ros/humble/share/ament_lint_auto/cmake)
-- Found ament_cmake_gtest: 1.3.14 (/opt/ros/humble/share/ament_cmake_gtest/cmake)
-- Found gtest sources under '/opt/ros/humble/src/gtest_vendor': C++ tests using 'Google Test' will be built
-- Looking for pthread.h
-- Looking for pthread.h - found
-- Performing Test CMAKE_HAVE_LIBC_PTHREAD
-- Performing Test CMAKE_HAVE_LIBC_PTHREAD - Success
-- Found Threads: TRUE  
[0mIn this package, headers install destination is set to `include` by ament_auto_package. It is recommended to install `include/mg400_common` instead and will be the default behavior of ament_auto_package from ROS 2 Kilted Kaiju. On distributions before Kilted, ament_auto_package behaves the same way when you use USE_SCOPED_HEADER_INSTALL_DIR option.[0m
-- Added test 'copyright' to check source files copyright and LICENSE
-- Added test 'cppcheck' to perform static code analysis on C / C++ code
-- Configured cppcheck include dirs: /root/ros2_ws/src/MG400_ROS2/mg400_common/include
-- Configured cppcheck exclude dirs and/or files: 
-- Added test 'lint_cmake' to check CMake code style
-- Added test 'uncrustify' to check C / C++ code style
-- Configured uncrustify additional arguments: 
-- Added test 'xmllint' to check XML markup files
-- Configuring done
-- Generating done
-- Build files have been written to: /root/ros2_ws/build/mg400_common
[ 12%] [32mBuilding CXX object CMakeFiles/mg400_common.dir/src/mg400_ik_util.cpp.o[0m
[ 37%] [32mBuilding CXX object gtest/CMakeFiles/gtest_main.dir/src/gtest_main.cc.o[0m
[ 37%] [32mBuilding CXX object gtest/CMakeFiles/gtest.dir/src/gtest-all.cc.o[0m
[ 50%] [32m[1mLinking CXX static library libgtest_main.a[0m
[ 50%] Built target gtest_main
[ 62%] [32m[1mLinking CXX shared library libmg400_common.so[0m
[ 62%] Built target mg400_common
[ 75%] [32m[1mLinking CXX static library libgtest.a[0m
[ 75%] Built target gtest
[ 87%] [32mBuilding CXX object CMakeFiles/test_mg400_kinematics.dir/test/test_mg400_kinematics.cpp.o[0m
[100%] [32m[1mLinking CXX executable test_mg400_kinematics[0m
[100%] Built target test_mg400_kinematics
-- Install configuration: ""
-- Execute custom install script
-- Symlinking: /root/ros2_ws/install/mg400_common/include/mg400_common/kinematics.hpp
-- Symlinking: /root/ros2_ws/install/mg400_common/include/mg400_common/mg400_ik_util.hpp
-- Symlinking: /root/ros2_ws/install/mg400_common/share/mg400_common/environment/library_path.sh
-- Symlinking: /root/ros2_ws/install/mg400_common/share/mg400_common/environment/library_path.dsv
-- Symlinking: /root/ros2_ws/install/mg400_common/lib/libmg400_common.so
-- Symlinking: /root/ros2_ws/install/mg400_common/share/ament_index/resource_index/package_run_dependencies/mg400_common
-- Symlinking: /root/ros2_ws/install/mg400_common/share/ament_index/resource_index/parent_prefix_path/mg400_common
-- Symlinking: /root/ros2_ws/install/mg400_common/share/mg400_common/environment/ament_prefix_path.sh
-- Symlinking: /root/ros2_ws/install/mg400_common/share/mg400_common/environment/ament_prefix_path.dsv
-- Symlinking: /root/ros2_ws/install/mg400_common/share/mg400_common/environment/path.sh
-- Symlinking: /root/ros2_ws/install/mg400_common/share/mg400_common/environment/path.dsv
-- Symlinking: /root/ros2_ws/install/mg400_common/share/mg400_common/local_setup.bash
-- Symlinking: /root/ros2_ws/install/mg400_common/share/mg400_common/local_setup.sh
-- Symlinking: /root/ros2_ws/install/mg400_common/share/mg400_common/local_setup.zsh
-- Symlinking: /root/ros2_ws/install/mg400_common/share/mg400_common/local_setup.dsv
-- Symlinking: /root/ros2_ws/install/mg400_common/share/mg400_common/package.dsv
-- Symlinking: /root/ros2_ws/install/mg400_common/share/ament_index/resource_index/packages/mg400_common
-- Symlinking: /root/ros2_ws/install/mg400_common/share/mg400_common/cmake/ament_cmake_export_include_directories-extras.cmake
-- Symlinking: /root/ros2_ws/install/mg400_common/share/mg400_common/cmake/ament_cmake_export_libraries-extras.cmake
-- Symlinking: /root/ros2_ws/install/mg400_common/share/mg400_common/cmake/mg400_commonConfig.cmake
-- Symlinking: /root/ros2_ws/install/mg400_common/share/mg400_common/cmake/mg400_commonConfig-version.cmake
-- Symlinking: /root/ros2_ws/install/mg400_common/share/mg400_common/package.xml
