[0.017s] Invoking command in '/root/ros2_ws/build/p9n': AMENT_PREFIX_PATH=/root/ros2_ws/install/p9n_bringup:/root/ros2_ws/install/p9n_test:/root/ros2_ws/install/p9n_node:/root/ros2_ws/install/p9n_example:/root/ros2_ws/install/p9n_interface:${AMENT_PREFIX_PATH} CMAKE_PREFIX_PATH=/root/ros2_ws/install/p9n_test:/root/ros2_ws/install/p9n_node:/root/ros2_ws/install/p9n_example:/root/ros2_ws/install/p9n_interface:/opt/ros/humble LD_LIBRARY_PATH=/root/ros2_ws/install/p9n_test/lib:/root/ros2_ws/install/p9n_node/lib:/root/ros2_ws/install/p9n_example/lib:/root/ros2_ws/install/p9n_interface/lib:${LD_LIBRARY_PATH} PYTHONPATH=/root/ros2_ws/build/p9n_bringup:/root/ros2_ws/install/p9n_bringup/lib/python3.10/site-packages:${PYTHONPATH} /usr/bin/cmake --build /root/ros2_ws/build/p9n -- -j16 -l16
[0.053s] Invoked command in '/root/ros2_ws/build/p9n' returned '0': AMENT_PREFIX_PATH=/root/ros2_ws/install/p9n_bringup:/root/ros2_ws/install/p9n_test:/root/ros2_ws/install/p9n_node:/root/ros2_ws/install/p9n_example:/root/ros2_ws/install/p9n_interface:${AMENT_PREFIX_PATH} CMAKE_PREFIX_PATH=/root/ros2_ws/install/p9n_test:/root/ros2_ws/install/p9n_node:/root/ros2_ws/install/p9n_example:/root/ros2_ws/install/p9n_interface:/opt/ros/humble LD_LIBRARY_PATH=/root/ros2_ws/install/p9n_test/lib:/root/ros2_ws/install/p9n_node/lib:/root/ros2_ws/install/p9n_example/lib:/root/ros2_ws/install/p9n_interface/lib:${LD_LIBRARY_PATH} PYTHONPATH=/root/ros2_ws/build/p9n_bringup:/root/ros2_ws/install/p9n_bringup/lib/python3.10/site-packages:${PYTHONPATH} /usr/bin/cmake --build /root/ros2_ws/build/p9n -- -j16 -l16
[0.055s] Invoking command in '/root/ros2_ws/build/p9n': AMENT_PREFIX_PATH=/root/ros2_ws/install/p9n_bringup:/root/ros2_ws/install/p9n_test:/root/ros2_ws/install/p9n_node:/root/ros2_ws/install/p9n_example:/root/ros2_ws/install/p9n_interface:${AMENT_PREFIX_PATH} CMAKE_PREFIX_PATH=/root/ros2_ws/install/p9n_test:/root/ros2_ws/install/p9n_node:/root/ros2_ws/install/p9n_example:/root/ros2_ws/install/p9n_interface:/opt/ros/humble LD_LIBRARY_PATH=/root/ros2_ws/install/p9n_test/lib:/root/ros2_ws/install/p9n_node/lib:/root/ros2_ws/install/p9n_example/lib:/root/ros2_ws/install/p9n_interface/lib:${LD_LIBRARY_PATH} PYTHONPATH=/root/ros2_ws/build/p9n_bringup:/root/ros2_ws/install/p9n_bringup/lib/python3.10/site-packages:${PYTHONPATH} /usr/bin/cmake --install /root/ros2_ws/build/p9n
[0.062s] -- Install configuration: ""
[0.062s] -- Execute custom install script
[0.062s] -- Up-to-date symlink: /root/ros2_ws/install/p9n/share/ament_index/resource_index/package_run_dependencies/p9n
[0.063s] -- Up-to-date symlink: /root/ros2_ws/install/p9n/share/ament_index/resource_index/parent_prefix_path/p9n
[0.063s] -- Up-to-date symlink: /root/ros2_ws/install/p9n/share/p9n/environment/ament_prefix_path.sh
[0.063s] -- Up-to-date symlink: /root/ros2_ws/install/p9n/share/p9n/environment/ament_prefix_path.dsv
[0.063s] -- Up-to-date symlink: /root/ros2_ws/install/p9n/share/p9n/environment/path.sh
[0.064s] -- Up-to-date symlink: /root/ros2_ws/install/p9n/share/p9n/environment/path.dsv
[0.064s] -- Up-to-date symlink: /root/ros2_ws/install/p9n/share/p9n/local_setup.bash
[0.064s] -- Up-to-date symlink: /root/ros2_ws/install/p9n/share/p9n/local_setup.sh
[0.064s] -- Up-to-date symlink: /root/ros2_ws/install/p9n/share/p9n/local_setup.zsh
[0.064s] -- Up-to-date symlink: /root/ros2_ws/install/p9n/share/p9n/local_setup.dsv
[0.064s] -- Symlinking: /root/ros2_ws/install/p9n/share/p9n/package.dsv
[0.075s] -- Up-to-date symlink: /root/ros2_ws/install/p9n/share/ament_index/resource_index/packages/p9n
[0.075s] -- Up-to-date symlink: /root/ros2_ws/install/p9n/share/p9n/cmake/p9nConfig.cmake
[0.075s] -- Up-to-date symlink: /root/ros2_ws/install/p9n/share/p9n/cmake/p9nConfig-version.cmake
[0.075s] -- Up-to-date symlink: /root/ros2_ws/install/p9n/share/p9n/package.xml
[0.078s] Invoked command in '/root/ros2_ws/build/p9n' returned '0': AMENT_PREFIX_PATH=/root/ros2_ws/install/p9n_bringup:/root/ros2_ws/install/p9n_test:/root/ros2_ws/install/p9n_node:/root/ros2_ws/install/p9n_example:/root/ros2_ws/install/p9n_interface:${AMENT_PREFIX_PATH} CMAKE_PREFIX_PATH=/root/ros2_ws/install/p9n_test:/root/ros2_ws/install/p9n_node:/root/ros2_ws/install/p9n_example:/root/ros2_ws/install/p9n_interface:/opt/ros/humble LD_LIBRARY_PATH=/root/ros2_ws/install/p9n_test/lib:/root/ros2_ws/install/p9n_node/lib:/root/ros2_ws/install/p9n_example/lib:/root/ros2_ws/install/p9n_interface/lib:${LD_LIBRARY_PATH} PYTHONPATH=/root/ros2_ws/build/p9n_bringup:/root/ros2_ws/install/p9n_bringup/lib/python3.10/site-packages:${PYTHONPATH} /usr/bin/cmake --install /root/ros2_ws/build/p9n
