-- Found ament_cmake_auto: 1.3.14 (/opt/ros/humble/share/ament_cmake_auto/cmake)
-- Override CMake install command with custom implementation using symlinks instead of copying resources
-- Found rosidl_generator_c: 3.1.9 (/opt/ros/humble/share/rosidl_generator_c/cmake)
-- Found rosidl_adapter: 3.1.9 (/opt/ros/humble/share/rosidl_adapter/cmake)
-- Found rosidl_generator_cpp: 3.1.9 (/opt/ros/humble/share/rosidl_generator_cpp/cmake)
-- Using all available rosidl_typesupport_c: rosidl_typesupport_fastrtps_c;rosidl_typesupport_introspection_c
-- Using all available rosidl_typesupport_cpp: rosidl_typesupport_fastrtps_cpp;rosidl_typesupport_introspection_cpp
-- Found rmw_implementation_cmake: 6.1.3 (/opt/ros/humble/share/rmw_implementation_cmake/cmake)
-- Found rmw_fastrtps_cpp: 6.2.10 (/opt/ros/humble/share/rmw_fastrtps_cpp/cmake)
-- Using RMW implementation 'rmw_fastrtps_cpp' as default
-- Found eigen3_cmake_module: 0.1.1 (/opt/ros/humble/share/eigen3_cmake_module/cmake)
-- Ensuring Eigen3 include directory is part of orocos-kdl CMake target
-- Found ament_lint_auto: 0.12.15 (/opt/ros/humble/share/ament_lint_auto/cmake)
-- Added test 'cppcheck' to perform static code analysis on C / C++ code
-- Configured cppcheck include dirs: /root/ros2_ws/src/MG400_ROS2/mg400_tools/include;/root/ros2_ws/src/MG400_ROS2/mg400_tools/../mg400_common/include;/root/ros2_ws/src/MG400_ROS2/mg400_tools/../install/mg400_msgs/include/mg400_msgs
-- Configured cppcheck exclude dirs and/or files: 
-- Added test 'cpplint' to check C / C++ code against the Google style
-- Configured cpplint exclude dirs and/or files: 
-- Added test 'lint_cmake' to check CMake code style
-- Added test 'xmllint' to check XML markup files
-- Configuring done
-- Generating done
-- Build files have been written to: /root/ros2_ws/build/mg400_tools
[35m[1mConsolidate compiler generated dependencies of target mg400_kinematics_cli[0m
[35m[1mConsolidate compiler generated dependencies of target validate_kinematics_with_solutions[0m
[35m[1mConsolidate compiler generated dependencies of target command_queue_client[0m
[100%] Built target mg400_kinematics_cli
[100%] Built target command_queue_client
[100%] Built target validate_kinematics_with_solutions
-- Install configuration: ""
-- Execute custom install script
-- Up-to-date symlink: /root/ros2_ws/install/mg400_tools/share/mg400_tools/config/commands.yaml
-- Up-to-date symlink: /root/ros2_ws/install/mg400_tools/include/mg400_tools/command_queue_client.hpp
-- Up-to-date symlink: /root/ros2_ws/install/mg400_tools/lib/mg400_tools/command_queue_client
-- Up-to-date symlink: /root/ros2_ws/install/mg400_tools/lib/mg400_tools/validate_kinematics_with_solutions
-- Up-to-date symlink: /root/ros2_ws/install/mg400_tools/lib/mg400_tools/mg400_kinematics_cli
-- Up-to-date symlink: /root/ros2_ws/install/mg400_tools/share/ament_index/resource_index/package_run_dependencies/mg400_tools
-- Up-to-date symlink: /root/ros2_ws/install/mg400_tools/share/ament_index/resource_index/parent_prefix_path/mg400_tools
-- Up-to-date symlink: /root/ros2_ws/install/mg400_tools/share/mg400_tools/environment/ament_prefix_path.sh
-- Up-to-date symlink: /root/ros2_ws/install/mg400_tools/share/mg400_tools/environment/ament_prefix_path.dsv
-- Up-to-date symlink: /root/ros2_ws/install/mg400_tools/share/mg400_tools/environment/path.sh
-- Up-to-date symlink: /root/ros2_ws/install/mg400_tools/share/mg400_tools/environment/path.dsv
-- Up-to-date symlink: /root/ros2_ws/install/mg400_tools/share/mg400_tools/local_setup.bash
-- Up-to-date symlink: /root/ros2_ws/install/mg400_tools/share/mg400_tools/local_setup.sh
-- Up-to-date symlink: /root/ros2_ws/install/mg400_tools/share/mg400_tools/local_setup.zsh
-- Up-to-date symlink: /root/ros2_ws/install/mg400_tools/share/mg400_tools/local_setup.dsv
-- Symlinking: /root/ros2_ws/install/mg400_tools/share/mg400_tools/package.dsv
-- Up-to-date symlink: /root/ros2_ws/install/mg400_tools/share/ament_index/resource_index/packages/mg400_tools
-- Up-to-date symlink: /root/ros2_ws/install/mg400_tools/share/mg400_tools/cmake/ament_cmake_export_dependencies-extras.cmake
-- Up-to-date symlink: /root/ros2_ws/install/mg400_tools/share/mg400_tools/cmake/ament_cmake_export_include_directories-extras.cmake
-- Up-to-date symlink: /root/ros2_ws/install/mg400_tools/share/mg400_tools/cmake/mg400_toolsConfig.cmake
-- Up-to-date symlink: /root/ros2_ws/install/mg400_tools/share/mg400_tools/cmake/mg400_toolsConfig-version.cmake
-- Up-to-date symlink: /root/ros2_ws/install/mg400_tools/share/mg400_tools/package.xml
