-- Found ament_cmake_auto: 1.3.14 (/opt/ros/humble/share/ament_cmake_auto/cmake)
-- Override CMake install command with custom implementation using symlinks instead of copying resources
-- Found rosidl_generator_c: 3.1.9 (/opt/ros/humble/share/rosidl_generator_c/cmake)
-- Found rosidl_adapter: 3.1.9 (/opt/ros/humble/share/rosidl_adapter/cmake)
-- Found rosidl_generator_cpp: 3.1.9 (/opt/ros/humble/share/rosidl_generator_cpp/cmake)
-- Using all available rosidl_typesupport_c: rosidl_typesupport_fastrtps_c;rosidl_typesupport_introspection_c
-- Using all available rosidl_typesupport_cpp: rosidl_typesupport_fastrtps_cpp;rosidl_typesupport_introspection_cpp
-- Found rmw_implementation_cmake: 6.1.3 (/opt/ros/humble/share/rmw_implementation_cmake/cmake)
-- Found rmw_fastrtps_cpp: 6.2.10 (/opt/ros/humble/share/rmw_fastrtps_cpp/cmake)
-- Using RMW implementation 'rmw_fastrtps_cpp' as default
-- Found ament_lint_auto: 0.12.15 (/opt/ros/humble/share/ament_lint_auto/cmake)
-- Added test 'cppcheck' to perform static code analysis on C / C++ code
-- Configured cppcheck include dirs: /root/ros2_ws/src/PlayStation-JoyInterface-ROS2/p9n_interface/include
-- Configured cppcheck exclude dirs and/or files: 
-- Added test 'lint_cmake' to check CMake code style
-- Added test 'uncrustify' to check C / C++ code style
-- Configured uncrustify additional arguments: 
-- Added test 'xmllint' to check XML markup files
-- Configuring done
-- Generating done
-- Build files have been written to: /root/ros2_ws/build/p9n_interface
[35m[1mConsolidate compiler generated dependencies of target p9n_interface[0m
[100%] Built target p9n_interface
-- Install configuration: ""
-- Execute custom install script
-- Up-to-date symlink: /root/ros2_ws/install/p9n_interface/include/p9n_interface/hw_types.hpp
-- Up-to-date symlink: /root/ros2_ws/install/p9n_interface/include/p9n_interface/p9n_interface.hpp
-- Up-to-date symlink: /root/ros2_ws/install/p9n_interface/include/p9n_interface/ps3_dualshock3.hpp
-- Up-to-date symlink: /root/ros2_ws/install/p9n_interface/include/p9n_interface/ps4_dualshock4.hpp
-- Up-to-date symlink: /root/ros2_ws/install/p9n_interface/include/p9n_interface/ps5_dualsense.hpp
-- Up-to-date symlink: /root/ros2_ws/install/p9n_interface/share/p9n_interface/environment/library_path.sh
-- Up-to-date symlink: /root/ros2_ws/install/p9n_interface/share/p9n_interface/environment/library_path.dsv
-- Up-to-date symlink: /root/ros2_ws/install/p9n_interface/lib/libp9n_interface.a
-- Up-to-date symlink: /root/ros2_ws/install/p9n_interface/share/ament_index/resource_index/package_run_dependencies/p9n_interface
-- Up-to-date symlink: /root/ros2_ws/install/p9n_interface/share/ament_index/resource_index/parent_prefix_path/p9n_interface
-- Up-to-date symlink: /root/ros2_ws/install/p9n_interface/share/p9n_interface/environment/ament_prefix_path.sh
-- Up-to-date symlink: /root/ros2_ws/install/p9n_interface/share/p9n_interface/environment/ament_prefix_path.dsv
-- Up-to-date symlink: /root/ros2_ws/install/p9n_interface/share/p9n_interface/environment/path.sh
-- Up-to-date symlink: /root/ros2_ws/install/p9n_interface/share/p9n_interface/environment/path.dsv
-- Up-to-date symlink: /root/ros2_ws/install/p9n_interface/share/p9n_interface/local_setup.bash
-- Up-to-date symlink: /root/ros2_ws/install/p9n_interface/share/p9n_interface/local_setup.sh
-- Up-to-date symlink: /root/ros2_ws/install/p9n_interface/share/p9n_interface/local_setup.zsh
-- Up-to-date symlink: /root/ros2_ws/install/p9n_interface/share/p9n_interface/local_setup.dsv
-- Symlinking: /root/ros2_ws/install/p9n_interface/share/p9n_interface/package.dsv
-- Up-to-date symlink: /root/ros2_ws/install/p9n_interface/share/ament_index/resource_index/packages/p9n_interface
-- Up-to-date symlink: /root/ros2_ws/install/p9n_interface/share/p9n_interface/cmake/ament_cmake_export_dependencies-extras.cmake
-- Up-to-date symlink: /root/ros2_ws/install/p9n_interface/share/p9n_interface/cmake/ament_cmake_export_include_directories-extras.cmake
-- Up-to-date symlink: /root/ros2_ws/install/p9n_interface/share/p9n_interface/cmake/ament_cmake_export_libraries-extras.cmake
-- Up-to-date symlink: /root/ros2_ws/install/p9n_interface/share/p9n_interface/cmake/p9n_interfaceConfig.cmake
-- Up-to-date symlink: /root/ros2_ws/install/p9n_interface/share/p9n_interface/cmake/p9n_interfaceConfig-version.cmake
-- Up-to-date symlink: /root/ros2_ws/install/p9n_interface/share/p9n_interface/package.xml
