[0.020s] Invoking command in '/root/ros2_ws/build/p9n_interface': CMAKE_PREFIX_PATH=${CMAKE_PREFIX_PATH}:/root/ros2_ws/install/p9n_bringup:/root/ros2_ws/install/mg400_bringup:/opt/ros/humble /usr/bin/cmake /root/ros2_ws/src/PlayStation-JoyInterface-ROS2/p9n_interface -DCMAKE_INSTALL_PREFIX=/root/ros2_ws/install/p9n_interface
[0.031s] -- Found ament_cmake_auto: 1.3.14 (/opt/ros/humble/share/ament_cmake_auto/cmake)
[0.136s] -- Override CMake install command with custom implementation using symlinks instead of copying resources
[0.224s] -- Found rosidl_generator_c: 3.1.9 (/opt/ros/humble/share/rosidl_generator_c/cmake)
[0.226s] -- Found rosidl_adapter: 3.1.9 (/opt/ros/humble/share/rosidl_adapter/cmake)
[0.231s] -- Found rosidl_generator_cpp: 3.1.9 (/opt/ros/humble/share/rosidl_generator_cpp/cmake)
[0.239s] -- Using all available rosidl_typesupport_c: rosidl_typesupport_fastrtps_c;rosidl_typesupport_introspection_c
[0.248s] -- Using all available rosidl_typesupport_cpp: rosidl_typesupport_fastrtps_cpp;rosidl_typesupport_introspection_cpp
[0.274s] -- Found rmw_implementation_cmake: 6.1.3 (/opt/ros/humble/share/rmw_implementation_cmake/cmake)
[0.276s] -- Found rmw_fastrtps_cpp: 6.2.10 (/opt/ros/humble/share/rmw_fastrtps_cpp/cmake)
[0.388s] -- Using RMW implementation 'rmw_fastrtps_cpp' as default
[0.451s] -- Found ament_lint_auto: 0.12.15 (/opt/ros/humble/share/ament_lint_auto/cmake)
[0.455s] [0mIn this package, headers install destination is set to `include` by ament_auto_package. It is recommended to install `include/p9n_interface` instead and will be the default behavior of ament_auto_package from ROS 2 Kilted Kaiju. On distributions before Kilted, ament_auto_package behaves the same way when you use USE_SCOPED_HEADER_INSTALL_DIR option.[0m
[0.461s] -- Added test 'cppcheck' to perform static code analysis on C / C++ code
[0.461s] -- Configured cppcheck include dirs: /root/ros2_ws/src/PlayStation-JoyInterface-ROS2/p9n_interface/include
[0.461s] -- Configured cppcheck exclude dirs and/or files: 
[0.461s] -- Added test 'lint_cmake' to check CMake code style
[0.462s] -- Added test 'uncrustify' to check C / C++ code style
[0.463s] -- Configured uncrustify additional arguments: 
[0.463s] -- Added test 'xmllint' to check XML markup files
[0.466s] -- Configuring done
[0.477s] -- Generating done
[0.480s] -- Build files have been written to: /root/ros2_ws/build/p9n_interface
[0.486s] Invoked command in '/root/ros2_ws/build/p9n_interface' returned '0': CMAKE_PREFIX_PATH=${CMAKE_PREFIX_PATH}:/root/ros2_ws/install/p9n_bringup:/root/ros2_ws/install/mg400_bringup:/opt/ros/humble /usr/bin/cmake /root/ros2_ws/src/PlayStation-JoyInterface-ROS2/p9n_interface -DCMAKE_INSTALL_PREFIX=/root/ros2_ws/install/p9n_interface
[0.488s] Invoking command in '/root/ros2_ws/build/p9n_interface': CMAKE_PREFIX_PATH=${CMAKE_PREFIX_PATH}:/root/ros2_ws/install/p9n_bringup:/root/ros2_ws/install/mg400_bringup:/opt/ros/humble /usr/bin/cmake --build /root/ros2_ws/build/p9n_interface -- -j16 -l16
[0.536s] [35m[1mConsolidate compiler generated dependencies of target p9n_interface[0m
[0.560s] [100%] Built target p9n_interface
[0.571s] Invoked command in '/root/ros2_ws/build/p9n_interface' returned '0': CMAKE_PREFIX_PATH=${CMAKE_PREFIX_PATH}:/root/ros2_ws/install/p9n_bringup:/root/ros2_ws/install/mg400_bringup:/opt/ros/humble /usr/bin/cmake --build /root/ros2_ws/build/p9n_interface -- -j16 -l16
[0.572s] Invoking command in '/root/ros2_ws/build/p9n_interface': CMAKE_PREFIX_PATH=${CMAKE_PREFIX_PATH}:/root/ros2_ws/install/p9n_bringup:/root/ros2_ws/install/mg400_bringup:/opt/ros/humble /usr/bin/cmake --install /root/ros2_ws/build/p9n_interface
[0.580s] -- Install configuration: ""
[0.580s] -- Execute custom install script
[0.581s] -- Up-to-date symlink: /root/ros2_ws/install/p9n_interface/include/p9n_interface/hw_types.hpp
[0.581s] -- Up-to-date symlink: /root/ros2_ws/install/p9n_interface/include/p9n_interface/p9n_interface.hpp
[0.581s] -- Up-to-date symlink: /root/ros2_ws/install/p9n_interface/include/p9n_interface/ps3_dualshock3.hpp
[0.581s] -- Up-to-date symlink: /root/ros2_ws/install/p9n_interface/include/p9n_interface/ps4_dualshock4.hpp
[0.581s] -- Up-to-date symlink: /root/ros2_ws/install/p9n_interface/include/p9n_interface/ps5_dualsense.hpp
[0.582s] -- Up-to-date symlink: /root/ros2_ws/install/p9n_interface/share/p9n_interface/environment/library_path.sh
[0.582s] -- Up-to-date symlink: /root/ros2_ws/install/p9n_interface/share/p9n_interface/environment/library_path.dsv
[0.582s] -- Up-to-date symlink: /root/ros2_ws/install/p9n_interface/lib/libp9n_interface.a
[0.582s] -- Up-to-date symlink: /root/ros2_ws/install/p9n_interface/share/ament_index/resource_index/package_run_dependencies/p9n_interface
[0.582s] -- Up-to-date symlink: /root/ros2_ws/install/p9n_interface/share/ament_index/resource_index/parent_prefix_path/p9n_interface
[0.582s] -- Up-to-date symlink: /root/ros2_ws/install/p9n_interface/share/p9n_interface/environment/ament_prefix_path.sh
[0.582s] -- Up-to-date symlink: /root/ros2_ws/install/p9n_interface/share/p9n_interface/environment/ament_prefix_path.dsv
[0.582s] -- Up-to-date symlink: /root/ros2_ws/install/p9n_interface/share/p9n_interface/environment/path.sh
[0.582s] -- Up-to-date symlink: /root/ros2_ws/install/p9n_interface/share/p9n_interface/environment/path.dsv
[0.582s] -- Up-to-date symlink: /root/ros2_ws/install/p9n_interface/share/p9n_interface/local_setup.bash
[0.582s] -- Up-to-date symlink: /root/ros2_ws/install/p9n_interface/share/p9n_interface/local_setup.sh
[0.583s] -- Up-to-date symlink: /root/ros2_ws/install/p9n_interface/share/p9n_interface/local_setup.zsh
[0.583s] -- Up-to-date symlink: /root/ros2_ws/install/p9n_interface/share/p9n_interface/local_setup.dsv
[0.583s] -- Symlinking: /root/ros2_ws/install/p9n_interface/share/p9n_interface/package.dsv
[0.593s] -- Up-to-date symlink: /root/ros2_ws/install/p9n_interface/share/ament_index/resource_index/packages/p9n_interface
[0.593s] -- Up-to-date symlink: /root/ros2_ws/install/p9n_interface/share/p9n_interface/cmake/ament_cmake_export_dependencies-extras.cmake
[0.593s] -- Up-to-date symlink: /root/ros2_ws/install/p9n_interface/share/p9n_interface/cmake/ament_cmake_export_include_directories-extras.cmake
[0.594s] -- Up-to-date symlink: /root/ros2_ws/install/p9n_interface/share/p9n_interface/cmake/ament_cmake_export_libraries-extras.cmake
[0.594s] -- Up-to-date symlink: /root/ros2_ws/install/p9n_interface/share/p9n_interface/cmake/p9n_interfaceConfig.cmake
[0.594s] -- Up-to-date symlink: /root/ros2_ws/install/p9n_interface/share/p9n_interface/cmake/p9n_interfaceConfig-version.cmake
[0.594s] -- Up-to-date symlink: /root/ros2_ws/install/p9n_interface/share/p9n_interface/package.xml
[0.596s] Invoked command in '/root/ros2_ws/build/p9n_interface' returned '0': CMAKE_PREFIX_PATH=${CMAKE_PREFIX_PATH}:/root/ros2_ws/install/p9n_bringup:/root/ros2_ws/install/mg400_bringup:/opt/ros/humble /usr/bin/cmake --install /root/ros2_ws/build/p9n_interface
