[0.028s] Invoking command in '/root/ros2_ws/build/p9n_node': AMENT_PREFIX_PATH=/root/ros2_ws/install/p9n_interface:${AMENT_PREFIX_PATH} CMAKE_PREFIX_PATH=/root/ros2_ws/install/p9n_interface:/opt/ros/humble LD_LIBRARY_PATH=/root/ros2_ws/install/p9n_interface/lib:${LD_LIBRARY_PATH} /usr/bin/cmake --build /root/ros2_ws/build/p9n_node -- -j16 -l16
[0.070s] [35m[1mConsolidate compiler generated dependencies of target teleop_twist_joy_node_exec[0m
[0.071s] [35m[1mConsolidate compiler generated dependencies of target p9n_node_teleop_twist_joy_node[0m
[0.089s] [ 50%] Built target teleop_twist_joy_node_exec
[0.090s] [100%] Built target p9n_node_teleop_twist_joy_node
[0.101s] Invoked command in '/root/ros2_ws/build/p9n_node' returned '0': AMENT_PREFIX_PATH=/root/ros2_ws/install/p9n_interface:${AMENT_PREFIX_PATH} CMAKE_PREFIX_PATH=/root/ros2_ws/install/p9n_interface:/opt/ros/humble LD_LIBRARY_PATH=/root/ros2_ws/install/p9n_interface/lib:${LD_LIBRARY_PATH} /usr/bin/cmake --build /root/ros2_ws/build/p9n_node -- -j16 -l16
[0.102s] Invoking command in '/root/ros2_ws/build/p9n_node': AMENT_PREFIX_PATH=/root/ros2_ws/install/p9n_interface:${AMENT_PREFIX_PATH} CMAKE_PREFIX_PATH=/root/ros2_ws/install/p9n_interface:/opt/ros/humble LD_LIBRARY_PATH=/root/ros2_ws/install/p9n_interface/lib:${LD_LIBRARY_PATH} /usr/bin/cmake --install /root/ros2_ws/build/p9n_node
[0.108s] -- Install configuration: ""
[0.109s] -- Execute custom install script
[0.109s] -- Up-to-date symlink: /root/ros2_ws/install/p9n_node/lib/p9n_node/teleop_twist_joy_node_exec
[0.110s] -- Up-to-date symlink: /root/ros2_ws/install/p9n_node/include/p9n_node/teleop_twist_joy_node.hpp
[0.110s] -- Up-to-date symlink: /root/ros2_ws/install/p9n_node/share/p9n_node/environment/library_path.sh
[0.110s] -- Up-to-date symlink: /root/ros2_ws/install/p9n_node/share/p9n_node/environment/library_path.dsv
[0.110s] -- Up-to-date symlink: /root/ros2_ws/install/p9n_node/lib/libp9n_node_teleop_twist_joy_node.so
[0.111s] -- Up-to-date symlink: /root/ros2_ws/install/p9n_node/share/ament_index/resource_index/package_run_dependencies/p9n_node
[0.111s] -- Up-to-date symlink: /root/ros2_ws/install/p9n_node/share/ament_index/resource_index/parent_prefix_path/p9n_node
[0.111s] -- Up-to-date symlink: /root/ros2_ws/install/p9n_node/share/p9n_node/environment/ament_prefix_path.sh
[0.111s] -- Up-to-date symlink: /root/ros2_ws/install/p9n_node/share/p9n_node/environment/ament_prefix_path.dsv
[0.112s] -- Up-to-date symlink: /root/ros2_ws/install/p9n_node/share/p9n_node/environment/path.sh
[0.112s] -- Up-to-date symlink: /root/ros2_ws/install/p9n_node/share/p9n_node/environment/path.dsv
[0.112s] -- Up-to-date symlink: /root/ros2_ws/install/p9n_node/share/p9n_node/local_setup.bash
[0.112s] -- Up-to-date symlink: /root/ros2_ws/install/p9n_node/share/p9n_node/local_setup.sh
[0.112s] -- Up-to-date symlink: /root/ros2_ws/install/p9n_node/share/p9n_node/local_setup.zsh
[0.113s] -- Up-to-date symlink: /root/ros2_ws/install/p9n_node/share/p9n_node/local_setup.dsv
[0.113s] -- Symlinking: /root/ros2_ws/install/p9n_node/share/p9n_node/package.dsv
[0.120s] -- Up-to-date symlink: /root/ros2_ws/install/p9n_node/share/ament_index/resource_index/packages/p9n_node
[0.121s] -- Up-to-date symlink: /root/ros2_ws/install/p9n_node/share/ament_index/resource_index/rclcpp_components/p9n_node
[0.121s] -- Up-to-date symlink: /root/ros2_ws/install/p9n_node/share/p9n_node/cmake/ament_cmake_export_dependencies-extras.cmake
[0.121s] -- Up-to-date symlink: /root/ros2_ws/install/p9n_node/share/p9n_node/cmake/ament_cmake_export_include_directories-extras.cmake
[0.122s] -- Up-to-date symlink: /root/ros2_ws/install/p9n_node/share/p9n_node/cmake/ament_cmake_export_libraries-extras.cmake
[0.122s] -- Up-to-date symlink: /root/ros2_ws/install/p9n_node/share/p9n_node/cmake/p9n_nodeConfig.cmake
[0.123s] -- Up-to-date symlink: /root/ros2_ws/install/p9n_node/share/p9n_node/cmake/p9n_nodeConfig-version.cmake
[0.123s] -- Up-to-date symlink: /root/ros2_ws/install/p9n_node/share/p9n_node/package.xml
[0.138s] Invoked command in '/root/ros2_ws/build/p9n_node' returned '0': AMENT_PREFIX_PATH=/root/ros2_ws/install/p9n_interface:${AMENT_PREFIX_PATH} CMAKE_PREFIX_PATH=/root/ros2_ws/install/p9n_interface:/opt/ros/humble LD_LIBRARY_PATH=/root/ros2_ws/install/p9n_interface/lib:${LD_LIBRARY_PATH} /usr/bin/cmake --install /root/ros2_ws/build/p9n_node
