-- Found ament_cmake: 1.3.14 (/opt/ros/humble/share/ament_cmake/cmake)
-- Override CMake install command with custom implementation using symlinks instead of copying resources
-- Found ament_lint_auto: 0.12.15 (/opt/ros/humble/share/ament_lint_auto/cmake)
-- Added test 'lint_cmake' to check CMake code style
-- Added test 'xmllint' to check XML markup files
-- Configuring done
-- Generating done
-- Build files have been written to: /root/ros2_ws/build/mg400
-- Install configuration: ""
-- Execute custom install script
-- Up-to-date symlink: /root/ros2_ws/install/mg400/share/ament_index/resource_index/package_run_dependencies/mg400
-- Up-to-date symlink: /root/ros2_ws/install/mg400/share/ament_index/resource_index/parent_prefix_path/mg400
-- Up-to-date symlink: /root/ros2_ws/install/mg400/share/mg400/environment/ament_prefix_path.sh
-- Up-to-date symlink: /root/ros2_ws/install/mg400/share/mg400/environment/ament_prefix_path.dsv
-- Up-to-date symlink: /root/ros2_ws/install/mg400/share/mg400/environment/path.sh
-- Up-to-date symlink: /root/ros2_ws/install/mg400/share/mg400/environment/path.dsv
-- Up-to-date symlink: /root/ros2_ws/install/mg400/share/mg400/local_setup.bash
-- Up-to-date symlink: /root/ros2_ws/install/mg400/share/mg400/local_setup.sh
-- Up-to-date symlink: /root/ros2_ws/install/mg400/share/mg400/local_setup.zsh
-- Up-to-date symlink: /root/ros2_ws/install/mg400/share/mg400/local_setup.dsv
-- Symlinking: /root/ros2_ws/install/mg400/share/mg400/package.dsv
-- Up-to-date symlink: /root/ros2_ws/install/mg400/share/ament_index/resource_index/packages/mg400
-- Up-to-date symlink: /root/ros2_ws/install/mg400/share/mg400/cmake/mg400Config.cmake
-- Up-to-date symlink: /root/ros2_ws/install/mg400/share/mg400/cmake/mg400Config-version.cmake
-- Up-to-date symlink: /root/ros2_ws/install/mg400/share/mg400/package.xml
