[35m[1mConsolidate compiler generated dependencies of target validate_kinematics_with_solutions[0m
[35m[1mConsolidate compiler generated dependencies of target command_queue_client[0m
[35m[1mConsolidate compiler generated dependencies of target mg400_kinematics_cli[0m
[ 33%] Built target mg400_kinematics_cli
[100%] Built target command_queue_client
[100%] Built target validate_kinematics_with_solutions
-- Install configuration: ""
-- Execute custom install script
-- Up-to-date symlink: /root/ros2_ws/install/mg400_tools/share/mg400_tools/config/commands.yaml
-- Up-to-date symlink: /root/ros2_ws/install/mg400_tools/include/mg400_tools/command_queue_client.hpp
-- Up-to-date symlink: /root/ros2_ws/install/mg400_tools/lib/mg400_tools/command_queue_client
-- Up-to-date symlink: /root/ros2_ws/install/mg400_tools/lib/mg400_tools/validate_kinematics_with_solutions
-- Up-to-date symlink: /root/ros2_ws/install/mg400_tools/lib/mg400_tools/mg400_kinematics_cli
-- Up-to-date symlink: /root/ros2_ws/install/mg400_tools/share/ament_index/resource_index/package_run_dependencies/mg400_tools
-- Up-to-date symlink: /root/ros2_ws/install/mg400_tools/share/ament_index/resource_index/parent_prefix_path/mg400_tools
-- Up-to-date symlink: /root/ros2_ws/install/mg400_tools/share/mg400_tools/environment/ament_prefix_path.sh
-- Up-to-date symlink: /root/ros2_ws/install/mg400_tools/share/mg400_tools/environment/ament_prefix_path.dsv
-- Up-to-date symlink: /root/ros2_ws/install/mg400_tools/share/mg400_tools/environment/path.sh
-- Up-to-date symlink: /root/ros2_ws/install/mg400_tools/share/mg400_tools/environment/path.dsv
-- Up-to-date symlink: /root/ros2_ws/install/mg400_tools/share/mg400_tools/local_setup.bash
-- Up-to-date symlink: /root/ros2_ws/install/mg400_tools/share/mg400_tools/local_setup.sh
-- Up-to-date symlink: /root/ros2_ws/install/mg400_tools/share/mg400_tools/local_setup.zsh
-- Up-to-date symlink: /root/ros2_ws/install/mg400_tools/share/mg400_tools/local_setup.dsv
-- Symlinking: /root/ros2_ws/install/mg400_tools/share/mg400_tools/package.dsv
-- Up-to-date symlink: /root/ros2_ws/install/mg400_tools/share/ament_index/resource_index/packages/mg400_tools
-- Up-to-date symlink: /root/ros2_ws/install/mg400_tools/share/mg400_tools/cmake/ament_cmake_export_dependencies-extras.cmake
-- Up-to-date symlink: /root/ros2_ws/install/mg400_tools/share/mg400_tools/cmake/ament_cmake_export_include_directories-extras.cmake
-- Up-to-date symlink: /root/ros2_ws/install/mg400_tools/share/mg400_tools/cmake/mg400_toolsConfig.cmake
-- Up-to-date symlink: /root/ros2_ws/install/mg400_tools/share/mg400_tools/cmake/mg400_toolsConfig-version.cmake
-- Up-to-date symlink: /root/ros2_ws/install/mg400_tools/share/mg400_tools/package.xml
