[0.018s] Invoking command in '/root/ros2_ws/build/mg400_joy': CMAKE_PREFIX_PATH=/root/ros2_ws/install/mg400_interface:/root/ros2_ws/install/p9n_interface:/root/ros2_ws/install/mg400_msgs:/root/ros2_ws/install/mg400_common:/root/ros2_ws/install/p9n:/root/ros2_ws/install/p9n_test:/root/ros2_ws/install/p9n_node:/root/ros2_ws/install/p9n_example:/root/ros2_ws/install/mg400:/root/ros2_ws/install/mg400_joy:/root/ros2_ws/install/mg400_tools:/root/ros2_ws/install/mg400_rviz_plugin:/root/ros2_ws/install/mg400_node:/root/ros2_ws/install/mg400_plugin:/root/ros2_ws/install/mg400_plugin_base:/root/ros2_ws/install/mg400_description:/root/ros2_ws/install/p9n_bringup:/root/ros2_ws/install/mg400_bringup:/opt/ros/humble LD_LIBRARY_PATH=/root/ros2_ws/install/mg400_msgs/lib:/root/ros2_ws/install/mg400_common/lib:/root/ros2_ws/install/p9n_test/lib:/root/ros2_ws/install/p9n_node/lib:/root/ros2_ws/install/p9n_example/lib:/root/ros2_ws/install/mg400_joy/lib:/root/ros2_ws/install/p9n_interface/lib:/root/ros2_ws/install/mg400_rviz_plugin/lib:/root/ros2_ws/install/mg400_node/lib:/root/ros2_ws/install/mg400_plugin/lib:/root/ros2_ws/install/mg400_interface/lib:/opt/ros/humble/opt/rviz_ogre_vendor/lib:/opt/ros/humble/lib/x86_64-linux-gnu:/opt/ros/humble/lib /usr/bin/cmake /root/ros2_ws/src/MG400_ROS2/mg400_joy -DCMAKE_INSTALL_PREFIX=/root/ros2_ws/install/mg400_joy
[0.030s] -- Found ament_cmake_auto: 1.3.14 (/opt/ros/humble/share/ament_cmake_auto/cmake)
[0.140s] -- Override CMake install command with custom implementation using symlinks instead of copying resources
[0.224s] -- Found rosidl_generator_c: 3.1.9 (/opt/ros/humble/share/rosidl_generator_c/cmake)
[0.226s] -- Found rosidl_adapter: 3.1.9 (/opt/ros/humble/share/rosidl_adapter/cmake)
[0.231s] -- Found rosidl_generator_cpp: 3.1.9 (/opt/ros/humble/share/rosidl_generator_cpp/cmake)
[0.238s] -- Using all available rosidl_typesupport_c: rosidl_typesupport_fastrtps_c;rosidl_typesupport_introspection_c
[0.248s] -- Using all available rosidl_typesupport_cpp: rosidl_typesupport_fastrtps_cpp;rosidl_typesupport_introspection_cpp
[0.272s] -- Found rmw_implementation_cmake: 6.1.3 (/opt/ros/humble/share/rmw_implementation_cmake/cmake)
[0.274s] -- Found rmw_fastrtps_cpp: 6.2.10 (/opt/ros/humble/share/rmw_fastrtps_cpp/cmake)
[0.383s] -- Using RMW implementation 'rmw_fastrtps_cpp' as default
[0.533s] -- Found eigen3_cmake_module: 0.1.1 (/opt/ros/humble/share/eigen3_cmake_module/cmake)
[0.534s] -- Ensuring Eigen3 include directory is part of orocos-kdl CMake target
[0.550s] -- Found ament_lint_auto: 0.12.15 (/opt/ros/humble/share/ament_lint_auto/cmake)
[0.556s] [0mIn this package, headers install destination is set to `include` by ament_auto_package. It is recommended to install `include/mg400_joy` instead and will be the default behavior of ament_auto_package from ROS 2 Kilted Kaiju. On distributions before Kilted, ament_auto_package behaves the same way when you use USE_SCOPED_HEADER_INSTALL_DIR option.[0m
[0.561s] -- Added test 'cppcheck' to perform static code analysis on C / C++ code
[0.562s] -- Configured cppcheck include dirs: /root/ros2_ws/src/MG400_ROS2/mg400_joy/include
[0.562s] -- Configured cppcheck exclude dirs and/or files: 
[0.562s] -- Added test 'lint_cmake' to check CMake code style
[0.564s] -- Added test 'uncrustify' to check C / C++ code style
[0.564s] -- Configured uncrustify additional arguments: 
[0.564s] -- Added test 'xmllint' to check XML markup files
[0.569s] -- Configuring done
[0.600s] -- Generating done
[0.605s] -- Build files have been written to: /root/ros2_ws/build/mg400_joy
[0.614s] Invoked command in '/root/ros2_ws/build/mg400_joy' returned '0': CMAKE_PREFIX_PATH=/root/ros2_ws/install/mg400_interface:/root/ros2_ws/install/p9n_interface:/root/ros2_ws/install/mg400_msgs:/root/ros2_ws/install/mg400_common:/root/ros2_ws/install/p9n:/root/ros2_ws/install/p9n_test:/root/ros2_ws/install/p9n_node:/root/ros2_ws/install/p9n_example:/root/ros2_ws/install/mg400:/root/ros2_ws/install/mg400_joy:/root/ros2_ws/install/mg400_tools:/root/ros2_ws/install/mg400_rviz_plugin:/root/ros2_ws/install/mg400_node:/root/ros2_ws/install/mg400_plugin:/root/ros2_ws/install/mg400_plugin_base:/root/ros2_ws/install/mg400_description:/root/ros2_ws/install/p9n_bringup:/root/ros2_ws/install/mg400_bringup:/opt/ros/humble LD_LIBRARY_PATH=/root/ros2_ws/install/mg400_msgs/lib:/root/ros2_ws/install/mg400_common/lib:/root/ros2_ws/install/p9n_test/lib:/root/ros2_ws/install/p9n_node/lib:/root/ros2_ws/install/p9n_example/lib:/root/ros2_ws/install/mg400_joy/lib:/root/ros2_ws/install/p9n_interface/lib:/root/ros2_ws/install/mg400_rviz_plugin/lib:/root/ros2_ws/install/mg400_node/lib:/root/ros2_ws/install/mg400_plugin/lib:/root/ros2_ws/install/mg400_interface/lib:/opt/ros/humble/opt/rviz_ogre_vendor/lib:/opt/ros/humble/lib/x86_64-linux-gnu:/opt/ros/humble/lib /usr/bin/cmake /root/ros2_ws/src/MG400_ROS2/mg400_joy -DCMAKE_INSTALL_PREFIX=/root/ros2_ws/install/mg400_joy
[0.615s] Invoking command in '/root/ros2_ws/build/mg400_joy': CMAKE_PREFIX_PATH=/root/ros2_ws/install/mg400_interface:/root/ros2_ws/install/p9n_interface:/root/ros2_ws/install/mg400_msgs:/root/ros2_ws/install/mg400_common:/root/ros2_ws/install/p9n:/root/ros2_ws/install/p9n_test:/root/ros2_ws/install/p9n_node:/root/ros2_ws/install/p9n_example:/root/ros2_ws/install/mg400:/root/ros2_ws/install/mg400_joy:/root/ros2_ws/install/mg400_tools:/root/ros2_ws/install/mg400_rviz_plugin:/root/ros2_ws/install/mg400_node:/root/ros2_ws/install/mg400_plugin:/root/ros2_ws/install/mg400_plugin_base:/root/ros2_ws/install/mg400_description:/root/ros2_ws/install/p9n_bringup:/root/ros2_ws/install/mg400_bringup:/opt/ros/humble LD_LIBRARY_PATH=/root/ros2_ws/install/mg400_msgs/lib:/root/ros2_ws/install/mg400_common/lib:/root/ros2_ws/install/p9n_test/lib:/root/ros2_ws/install/p9n_node/lib:/root/ros2_ws/install/p9n_example/lib:/root/ros2_ws/install/mg400_joy/lib:/root/ros2_ws/install/p9n_interface/lib:/root/ros2_ws/install/mg400_rviz_plugin/lib:/root/ros2_ws/install/mg400_node/lib:/root/ros2_ws/install/mg400_plugin/lib:/root/ros2_ws/install/mg400_interface/lib:/opt/ros/humble/opt/rviz_ogre_vendor/lib:/opt/ros/humble/lib/x86_64-linux-gnu:/opt/ros/humble/lib /usr/bin/cmake --build /root/ros2_ws/build/mg400_joy -- -j16 -l16
[0.662s] [35m[1mConsolidate compiler generated dependencies of target mg400_joy_interface_node_exec[0m
[0.662s] [35m[1mConsolidate compiler generated dependencies of target mg400_joy_interface_node[0m
[0.682s] [ 50%] Built target mg400_joy_interface_node_exec
[0.687s] [ 75%] [32mBuilding CXX object CMakeFiles/mg400_joy_interface_node.dir/src/mg400_joy_interface_node.cpp.o[0m
[11.703s] [100%] [32m[1mLinking CXX shared library libmg400_joy_interface_node.so[0m
[12.380s] [100%] Built target mg400_joy_interface_node
[12.393s] Invoked command in '/root/ros2_ws/build/mg400_joy' returned '0': CMAKE_PREFIX_PATH=/root/ros2_ws/install/mg400_interface:/root/ros2_ws/install/p9n_interface:/root/ros2_ws/install/mg400_msgs:/root/ros2_ws/install/mg400_common:/root/ros2_ws/install/p9n:/root/ros2_ws/install/p9n_test:/root/ros2_ws/install/p9n_node:/root/ros2_ws/install/p9n_example:/root/ros2_ws/install/mg400:/root/ros2_ws/install/mg400_joy:/root/ros2_ws/install/mg400_tools:/root/ros2_ws/install/mg400_rviz_plugin:/root/ros2_ws/install/mg400_node:/root/ros2_ws/install/mg400_plugin:/root/ros2_ws/install/mg400_plugin_base:/root/ros2_ws/install/mg400_description:/root/ros2_ws/install/p9n_bringup:/root/ros2_ws/install/mg400_bringup:/opt/ros/humble LD_LIBRARY_PATH=/root/ros2_ws/install/mg400_msgs/lib:/root/ros2_ws/install/mg400_common/lib:/root/ros2_ws/install/p9n_test/lib:/root/ros2_ws/install/p9n_node/lib:/root/ros2_ws/install/p9n_example/lib:/root/ros2_ws/install/mg400_joy/lib:/root/ros2_ws/install/p9n_interface/lib:/root/ros2_ws/install/mg400_rviz_plugin/lib:/root/ros2_ws/install/mg400_node/lib:/root/ros2_ws/install/mg400_plugin/lib:/root/ros2_ws/install/mg400_interface/lib:/opt/ros/humble/opt/rviz_ogre_vendor/lib:/opt/ros/humble/lib/x86_64-linux-gnu:/opt/ros/humble/lib /usr/bin/cmake --build /root/ros2_ws/build/mg400_joy -- -j16 -l16
[12.394s] Invoking command in '/root/ros2_ws/build/mg400_joy': CMAKE_PREFIX_PATH=/root/ros2_ws/install/mg400_interface:/root/ros2_ws/install/p9n_interface:/root/ros2_ws/install/mg400_msgs:/root/ros2_ws/install/mg400_common:/root/ros2_ws/install/p9n:/root/ros2_ws/install/p9n_test:/root/ros2_ws/install/p9n_node:/root/ros2_ws/install/p9n_example:/root/ros2_ws/install/mg400:/root/ros2_ws/install/mg400_joy:/root/ros2_ws/install/mg400_tools:/root/ros2_ws/install/mg400_rviz_plugin:/root/ros2_ws/install/mg400_node:/root/ros2_ws/install/mg400_plugin:/root/ros2_ws/install/mg400_plugin_base:/root/ros2_ws/install/mg400_description:/root/ros2_ws/install/p9n_bringup:/root/ros2_ws/install/mg400_bringup:/opt/ros/humble LD_LIBRARY_PATH=/root/ros2_ws/install/mg400_msgs/lib:/root/ros2_ws/install/mg400_common/lib:/root/ros2_ws/install/p9n_test/lib:/root/ros2_ws/install/p9n_node/lib:/root/ros2_ws/install/p9n_example/lib:/root/ros2_ws/install/mg400_joy/lib:/root/ros2_ws/install/p9n_interface/lib:/root/ros2_ws/install/mg400_rviz_plugin/lib:/root/ros2_ws/install/mg400_node/lib:/root/ros2_ws/install/mg400_plugin/lib:/root/ros2_ws/install/mg400_interface/lib:/opt/ros/humble/opt/rviz_ogre_vendor/lib:/opt/ros/humble/lib/x86_64-linux-gnu:/opt/ros/humble/lib /usr/bin/cmake --install /root/ros2_ws/build/mg400_joy
[12.402s] -- Install configuration: ""
[12.402s] -- Execute custom install script
[12.403s] -- Up-to-date symlink: /root/ros2_ws/install/mg400_joy/lib/mg400_joy/mg400_joy_interface_node_exec
[12.403s] -- Up-to-date symlink: /root/ros2_ws/install/mg400_joy/include/mg400_joy/mg400_joy_interface_node.hpp
[12.403s] -- Up-to-date symlink: /root/ros2_ws/install/mg400_joy/share/mg400_joy/environment/library_path.sh
[12.403s] -- Up-to-date symlink: /root/ros2_ws/install/mg400_joy/share/mg400_joy/environment/library_path.dsv
[12.403s] -- Up-to-date symlink: /root/ros2_ws/install/mg400_joy/lib/libmg400_joy_interface_node.so
[12.403s] -- Up-to-date symlink: /root/ros2_ws/install/mg400_joy/share/ament_index/resource_index/package_run_dependencies/mg400_joy
[12.403s] -- Up-to-date symlink: /root/ros2_ws/install/mg400_joy/share/ament_index/resource_index/parent_prefix_path/mg400_joy
[12.404s] -- Up-to-date symlink: /root/ros2_ws/install/mg400_joy/share/mg400_joy/environment/ament_prefix_path.sh
[12.404s] -- Up-to-date symlink: /root/ros2_ws/install/mg400_joy/share/mg400_joy/environment/ament_prefix_path.dsv
[12.404s] -- Up-to-date symlink: /root/ros2_ws/install/mg400_joy/share/mg400_joy/environment/path.sh
[12.404s] -- Up-to-date symlink: /root/ros2_ws/install/mg400_joy/share/mg400_joy/environment/path.dsv
[12.404s] -- Up-to-date symlink: /root/ros2_ws/install/mg400_joy/share/mg400_joy/local_setup.bash
[12.405s] -- Up-to-date symlink: /root/ros2_ws/install/mg400_joy/share/mg400_joy/local_setup.sh
[12.405s] -- Up-to-date symlink: /root/ros2_ws/install/mg400_joy/share/mg400_joy/local_setup.zsh
[12.405s] -- Up-to-date symlink: /root/ros2_ws/install/mg400_joy/share/mg400_joy/local_setup.dsv
[12.405s] -- Symlinking: /root/ros2_ws/install/mg400_joy/share/mg400_joy/package.dsv
[12.414s] -- Up-to-date symlink: /root/ros2_ws/install/mg400_joy/share/ament_index/resource_index/packages/mg400_joy
[12.414s] -- Up-to-date symlink: /root/ros2_ws/install/mg400_joy/share/ament_index/resource_index/rclcpp_components/mg400_joy
[12.414s] -- Up-to-date symlink: /root/ros2_ws/install/mg400_joy/share/mg400_joy/cmake/ament_cmake_export_dependencies-extras.cmake
[12.414s] -- Up-to-date symlink: /root/ros2_ws/install/mg400_joy/share/mg400_joy/cmake/ament_cmake_export_include_directories-extras.cmake
[12.415s] -- Up-to-date symlink: /root/ros2_ws/install/mg400_joy/share/mg400_joy/cmake/ament_cmake_export_libraries-extras.cmake
[12.415s] -- Up-to-date symlink: /root/ros2_ws/install/mg400_joy/share/mg400_joy/cmake/mg400_joyConfig.cmake
[12.415s] -- Up-to-date symlink: /root/ros2_ws/install/mg400_joy/share/mg400_joy/cmake/mg400_joyConfig-version.cmake
[12.415s] -- Up-to-date symlink: /root/ros2_ws/install/mg400_joy/share/mg400_joy/package.xml
[12.417s] Invoked command in '/root/ros2_ws/build/mg400_joy' returned '0': CMAKE_PREFIX_PATH=/root/ros2_ws/install/mg400_interface:/root/ros2_ws/install/p9n_interface:/root/ros2_ws/install/mg400_msgs:/root/ros2_ws/install/mg400_common:/root/ros2_ws/install/p9n:/root/ros2_ws/install/p9n_test:/root/ros2_ws/install/p9n_node:/root/ros2_ws/install/p9n_example:/root/ros2_ws/install/mg400:/root/ros2_ws/install/mg400_joy:/root/ros2_ws/install/mg400_tools:/root/ros2_ws/install/mg400_rviz_plugin:/root/ros2_ws/install/mg400_node:/root/ros2_ws/install/mg400_plugin:/root/ros2_ws/install/mg400_plugin_base:/root/ros2_ws/install/mg400_description:/root/ros2_ws/install/p9n_bringup:/root/ros2_ws/install/mg400_bringup:/opt/ros/humble LD_LIBRARY_PATH=/root/ros2_ws/install/mg400_msgs/lib:/root/ros2_ws/install/mg400_common/lib:/root/ros2_ws/install/p9n_test/lib:/root/ros2_ws/install/p9n_node/lib:/root/ros2_ws/install/p9n_example/lib:/root/ros2_ws/install/mg400_joy/lib:/root/ros2_ws/install/p9n_interface/lib:/root/ros2_ws/install/mg400_rviz_plugin/lib:/root/ros2_ws/install/mg400_node/lib:/root/ros2_ws/install/mg400_plugin/lib:/root/ros2_ws/install/mg400_interface/lib:/opt/ros/humble/opt/rviz_ogre_vendor/lib:/opt/ros/humble/lib/x86_64-linux-gnu:/opt/ros/humble/lib /usr/bin/cmake --install /root/ros2_ws/build/mg400_joy
