[35m[1mConsolidate compiler generated dependencies of target mg400_plugin_dashboard_api[0m
[ 75%] Built target mg400_plugin_dashboard_api
[35m[1mConsolidate compiler generated dependencies of target mg400_plugin_motion_api[0m
[100%] Built target mg400_plugin_motion_api
-- Install configuration: ""
-- Execute custom install script
-- Up-to-date symlink: /root/ros2_ws/install/mg400_plugin/share/mg400_plugin//dashboard_api_plugins.xml
-- Up-to-date symlink: /root/ros2_ws/install/mg400_plugin/share/mg400_plugin//motion_api_plugins.xml
-- Up-to-date symlink: /root/ros2_ws/install/mg400_plugin/include/mg400_plugin/dashboard_api/acc_j.hpp
-- Up-to-date symlink: /root/ros2_ws/install/mg400_plugin/include/mg400_plugin/dashboard_api/acc_l.hpp
-- Up-to-date symlink: /root/ros2_ws/install/mg400_plugin/include/mg400_plugin/dashboard_api/arch.hpp
-- Up-to-date symlink: /root/ros2_ws/install/mg400_plugin/include/mg400_plugin/dashboard_api/clear_error.hpp
-- Up-to-date symlink: /root/ros2_ws/install/mg400_plugin/include/mg400_plugin/dashboard_api/cp.hpp
-- Up-to-date symlink: /root/ros2_ws/install/mg400_plugin/include/mg400_plugin/dashboard_api/di.hpp
-- Up-to-date symlink: /root/ros2_ws/install/mg400_plugin/include/mg400_plugin/dashboard_api/disable_robot.hpp
-- Up-to-date symlink: /root/ros2_ws/install/mg400_plugin/include/mg400_plugin/dashboard_api/do.hpp
-- Up-to-date symlink: /root/ros2_ws/install/mg400_plugin/include/mg400_plugin/dashboard_api/emergency_stop.hpp
-- Up-to-date symlink: /root/ros2_ws/install/mg400_plugin/include/mg400_plugin/dashboard_api/enable_robot.hpp
-- Up-to-date symlink: /root/ros2_ws/install/mg400_plugin/include/mg400_plugin/dashboard_api/get_angle.hpp
-- Up-to-date symlink: /root/ros2_ws/install/mg400_plugin/include/mg400_plugin/dashboard_api/get_error_id.hpp
-- Up-to-date symlink: /root/ros2_ws/install/mg400_plugin/include/mg400_plugin/dashboard_api/get_pose.hpp
-- Up-to-date symlink: /root/ros2_ws/install/mg400_plugin/include/mg400_plugin/dashboard_api/inverse_solution.hpp
-- Up-to-date symlink: /root/ros2_ws/install/mg400_plugin/include/mg400_plugin/dashboard_api/pay_load.hpp
-- Up-to-date symlink: /root/ros2_ws/install/mg400_plugin/include/mg400_plugin/dashboard_api/positive_solution.hpp
-- Up-to-date symlink: /root/ros2_ws/install/mg400_plugin/include/mg400_plugin/dashboard_api/reset_robot.hpp
-- Up-to-date symlink: /root/ros2_ws/install/mg400_plugin/include/mg400_plugin/dashboard_api/robot_mode.hpp
-- Up-to-date symlink: /root/ros2_ws/install/mg400_plugin/include/mg400_plugin/dashboard_api/set_collision_level.hpp
-- Up-to-date symlink: /root/ros2_ws/install/mg400_plugin/include/mg400_plugin/dashboard_api/speed_factor.hpp
-- Up-to-date symlink: /root/ros2_ws/install/mg400_plugin/include/mg400_plugin/dashboard_api/speed_j.hpp
-- Up-to-date symlink: /root/ros2_ws/install/mg400_plugin/include/mg400_plugin/dashboard_api/speed_l.hpp
-- Up-to-date symlink: /root/ros2_ws/install/mg400_plugin/include/mg400_plugin/dashboard_api/tool.hpp
-- Up-to-date symlink: /root/ros2_ws/install/mg400_plugin/include/mg400_plugin/dashboard_api/tool_di.hpp
-- Up-to-date symlink: /root/ros2_ws/install/mg400_plugin/include/mg400_plugin/dashboard_api/tool_do_execute.hpp
-- Up-to-date symlink: /root/ros2_ws/install/mg400_plugin/include/mg400_plugin/dashboard_api/user.hpp
-- Up-to-date symlink: /root/ros2_ws/install/mg400_plugin/include/mg400_plugin/motion_api/command_queue.hpp
-- Up-to-date symlink: /root/ros2_ws/install/mg400_plugin/include/mg400_plugin/motion_api/joint_mov_j.hpp
-- Up-to-date symlink: /root/ros2_ws/install/mg400_plugin/include/mg400_plugin/motion_api/mov_j.hpp
-- Up-to-date symlink: /root/ros2_ws/install/mg400_plugin/include/mg400_plugin/motion_api/mov_jio.hpp
-- Up-to-date symlink: /root/ros2_ws/install/mg400_plugin/include/mg400_plugin/motion_api/mov_l.hpp
-- Up-to-date symlink: /root/ros2_ws/install/mg400_plugin/include/mg400_plugin/motion_api/mov_lio.hpp
-- Up-to-date symlink: /root/ros2_ws/install/mg400_plugin/include/mg400_plugin/motion_api/move_jog.hpp
-- Up-to-date symlink: /root/ros2_ws/install/mg400_plugin/include/mg400_plugin/plugin_utils.hpp
-- Up-to-date symlink: /root/ros2_ws/install/mg400_plugin/include/mg400_plugin/tf_manager.hpp
-- Up-to-date symlink: /root/ros2_ws/install/mg400_plugin/share/mg400_plugin/environment/library_path.sh
-- Up-to-date symlink: /root/ros2_ws/install/mg400_plugin/share/mg400_plugin/environment/library_path.dsv
-- Up-to-date symlink: /root/ros2_ws/install/mg400_plugin/lib/libmg400_plugin_dashboard_api.so
-- Up-to-date symlink: /root/ros2_ws/install/mg400_plugin/lib/libmg400_plugin_motion_api.so
-- Up-to-date symlink: /root/ros2_ws/install/mg400_plugin/share/ament_index/resource_index/package_run_dependencies/mg400_plugin
-- Up-to-date symlink: /root/ros2_ws/install/mg400_plugin/share/ament_index/resource_index/parent_prefix_path/mg400_plugin
-- Up-to-date symlink: /root/ros2_ws/install/mg400_plugin/share/mg400_plugin/environment/ament_prefix_path.sh
-- Up-to-date symlink: /root/ros2_ws/install/mg400_plugin/share/mg400_plugin/environment/ament_prefix_path.dsv
-- Up-to-date symlink: /root/ros2_ws/install/mg400_plugin/share/mg400_plugin/environment/path.sh
-- Up-to-date symlink: /root/ros2_ws/install/mg400_plugin/share/mg400_plugin/environment/path.dsv
-- Up-to-date symlink: /root/ros2_ws/install/mg400_plugin/share/mg400_plugin/local_setup.bash
-- Up-to-date symlink: /root/ros2_ws/install/mg400_plugin/share/mg400_plugin/local_setup.sh
-- Up-to-date symlink: /root/ros2_ws/install/mg400_plugin/share/mg400_plugin/local_setup.zsh
-- Up-to-date symlink: /root/ros2_ws/install/mg400_plugin/share/mg400_plugin/local_setup.dsv
-- Symlinking: /root/ros2_ws/install/mg400_plugin/share/mg400_plugin/package.dsv
-- Up-to-date symlink: /root/ros2_ws/install/mg400_plugin/share/ament_index/resource_index/packages/mg400_plugin
-- Up-to-date symlink: /root/ros2_ws/install/mg400_plugin/share/ament_index/resource_index/mg400_plugin_base__pluginlib__plugin/mg400_plugin
-- Up-to-date symlink: /root/ros2_ws/install/mg400_plugin/share/mg400_plugin/cmake/ament_cmake_export_dependencies-extras.cmake
-- Up-to-date symlink: /root/ros2_ws/install/mg400_plugin/share/mg400_plugin/cmake/ament_cmake_export_include_directories-extras.cmake
-- Up-to-date symlink: /root/ros2_ws/install/mg400_plugin/share/mg400_plugin/cmake/ament_cmake_export_libraries-extras.cmake
-- Up-to-date symlink: /root/ros2_ws/install/mg400_plugin/share/mg400_plugin/cmake/mg400_pluginConfig.cmake
-- Up-to-date symlink: /root/ros2_ws/install/mg400_plugin/share/mg400_plugin/cmake/mg400_pluginConfig-version.cmake
-- Up-to-date symlink: /root/ros2_ws/install/mg400_plugin/share/mg400_plugin/package.xml
