running develop
running egg_info
creating p9n_bringup.egg-info
writing p9n_bringup.egg-info/PKG-INFO
writing dependency_links to p9n_bringup.egg-info/dependency_links.txt
writing entry points to p9n_bringup.egg-info/entry_points.txt
writing requirements to p9n_bringup.egg-info/requires.txt
writing top-level names to p9n_bringup.egg-info/top_level.txt
writing manifest file 'p9n_bringup.egg-info/SOURCES.txt'
reading manifest file 'p9n_bringup.egg-info/SOURCES.txt'
writing manifest file 'p9n_bringup.egg-info/SOURCES.txt'
running build_ext
Creating /root/ros2_ws/install/p9n_bringup/lib/python3.10/site-packages/p9n-bringup.egg-link (link to .)

Installed /root/ros2_ws/build/p9n_bringup
running symlink_data
creating /root/ros2_ws/install/p9n_bringup/share/ament_index
creating /root/ros2_ws/install/p9n_bringup/share/ament_index/resource_index
creating /root/ros2_ws/install/p9n_bringup/share/ament_index/resource_index/packages
symbolically linking /root/ros2_ws/build/p9n_bringup/resource/p9n_bringup -> /root/ros2_ws/install/p9n_bringup/share/ament_index/resource_index/packages
symbolically linking /root/ros2_ws/build/p9n_bringup/package.xml -> /root/ros2_ws/install/p9n_bringup/share/p9n_bringup
creating /root/ros2_ws/install/p9n_bringup/share/p9n_bringup/launch
symbolically linking /root/ros2_ws/build/p9n_bringup/launch/teleop_turtlesim.launch.py -> /root/ros2_ws/install/p9n_bringup/share/p9n_bringup/launch
symbolically linking /root/ros2_ws/build/p9n_bringup/launch/teleop.launch.py -> /root/ros2_ws/install/p9n_bringup/share/p9n_bringup/launch
