[1.528s] Invoking command in '/root/ros2_ws/build/p9n_bringup': AMENT_PREFIX_PATH=/root/ros2_ws/install/p9n_node:/root/ros2_ws/install/p9n_interface:${AMENT_PREFIX_PATH} CMAKE_PREFIX_PATH=/root/ros2_ws/install/p9n_node:/root/ros2_ws/install/p9n_interface LD_LIBRARY_PATH=/root/ros2_ws/install/p9n_node/lib:/root/ros2_ws/install/p9n_interface/lib:${LD_LIBRARY_PATH} PYTHONPATH=/root/ros2_ws/build/p9n_bringup/prefix_override:/usr/lib/python3/dist-packages/colcon_core/task/python/colcon_distutils_commands:/root/ros2_ws/install/p9n_bringup/lib/python3.10/site-packages:${PYTHONPATH} /usr/bin/python3 -W ignore:setup.py install is deprecated -W ignore:easy_install command is deprecated setup.py develop --editable --build-directory /root/ros2_ws/build/p9n_bringup/build --no-deps symlink_data
[1.729s] running develop
[1.836s] running egg_info
[1.836s] creating p9n_bringup.egg-info
[1.836s] writing p9n_bringup.egg-info/PKG-INFO
[1.836s] writing dependency_links to p9n_bringup.egg-info/dependency_links.txt
[1.836s] writing entry points to p9n_bringup.egg-info/entry_points.txt
[1.836s] writing requirements to p9n_bringup.egg-info/requires.txt
[1.837s] writing top-level names to p9n_bringup.egg-info/top_level.txt
[1.837s] writing manifest file 'p9n_bringup.egg-info/SOURCES.txt'
[1.838s] reading manifest file 'p9n_bringup.egg-info/SOURCES.txt'
[1.839s] writing manifest file 'p9n_bringup.egg-info/SOURCES.txt'
[1.840s] running build_ext
[1.841s] Creating /root/ros2_ws/install/p9n_bringup/lib/python3.10/site-packages/p9n-bringup.egg-link (link to .)
[1.841s] 
[1.841s] Installed /root/ros2_ws/build/p9n_bringup
[1.841s] running symlink_data
[1.841s] creating /root/ros2_ws/install/p9n_bringup/share/ament_index
[1.842s] creating /root/ros2_ws/install/p9n_bringup/share/ament_index/resource_index
[1.842s] creating /root/ros2_ws/install/p9n_bringup/share/ament_index/resource_index/packages
[1.842s] symbolically linking /root/ros2_ws/build/p9n_bringup/resource/p9n_bringup -> /root/ros2_ws/install/p9n_bringup/share/ament_index/resource_index/packages
[1.842s] symbolically linking /root/ros2_ws/build/p9n_bringup/package.xml -> /root/ros2_ws/install/p9n_bringup/share/p9n_bringup
[1.842s] creating /root/ros2_ws/install/p9n_bringup/share/p9n_bringup/launch
[1.842s] symbolically linking /root/ros2_ws/build/p9n_bringup/launch/teleop_turtlesim.launch.py -> /root/ros2_ws/install/p9n_bringup/share/p9n_bringup/launch
[1.842s] symbolically linking /root/ros2_ws/build/p9n_bringup/launch/teleop.launch.py -> /root/ros2_ws/install/p9n_bringup/share/p9n_bringup/launch
[1.890s] Invoked command in '/root/ros2_ws/build/p9n_bringup' returned '0': AMENT_PREFIX_PATH=/root/ros2_ws/install/p9n_node:/root/ros2_ws/install/p9n_interface:${AMENT_PREFIX_PATH} CMAKE_PREFIX_PATH=/root/ros2_ws/install/p9n_node:/root/ros2_ws/install/p9n_interface LD_LIBRARY_PATH=/root/ros2_ws/install/p9n_node/lib:/root/ros2_ws/install/p9n_interface/lib:${LD_LIBRARY_PATH} PYTHONPATH=/root/ros2_ws/build/p9n_bringup/prefix_override:/usr/lib/python3/dist-packages/colcon_core/task/python/colcon_distutils_commands:/root/ros2_ws/install/p9n_bringup/lib/python3.10/site-packages:${PYTHONPATH} /usr/bin/python3 -W ignore:setup.py install is deprecated -W ignore:easy_install command is deprecated setup.py develop --editable --build-directory /root/ros2_ws/build/p9n_bringup/build --no-deps symlink_data
