-- Found ament_cmake_auto: 1.3.14 (/opt/ros/humble/share/ament_cmake_auto/cmake)
-- Override CMake install command with custom implementation using symlinks instead of copying resources
-- Found rosidl_generator_c: 3.1.9 (/opt/ros/humble/share/rosidl_generator_c/cmake)
-- Found rosidl_adapter: 3.1.9 (/opt/ros/humble/share/rosidl_adapter/cmake)
-- Found rosidl_generator_cpp: 3.1.9 (/opt/ros/humble/share/rosidl_generator_cpp/cmake)
-- Using all available rosidl_typesupport_c: rosidl_typesupport_fastrtps_c;rosidl_typesupport_introspection_c
-- Using all available rosidl_typesupport_cpp: rosidl_typesupport_fastrtps_cpp;rosidl_typesupport_introspection_cpp
-- Found rmw_implementation_cmake: 6.1.3 (/opt/ros/humble/share/rmw_implementation_cmake/cmake)
-- Found rmw_fastrtps_cpp: 6.2.10 (/opt/ros/humble/share/rmw_fastrtps_cpp/cmake)
-- Using RMW implementation 'rmw_fastrtps_cpp' as default
-- Found eigen3_cmake_module: 0.1.1 (/opt/ros/humble/share/eigen3_cmake_module/cmake)
-- Ensuring Eigen3 include directory is part of orocos-kdl CMake target
-- Found ament_lint_auto: 0.12.15 (/opt/ros/humble/share/ament_lint_auto/cmake)
[0mIn this package, headers install destination is set to `include` by ament_auto_package. It is recommended to install `include/mg400_plugin_base` instead and will be the default behavior of ament_auto_package from ROS 2 Kilted Kaiju. On distributions before Kilted, ament_auto_package behaves the same way when you use USE_SCOPED_HEADER_INSTALL_DIR option.[0m
-- Added test 'cppcheck' to perform static code analysis on C / C++ code
-- Configured cppcheck include dirs: 
-- Configured cppcheck exclude dirs and/or files: 
-- Added test 'lint_cmake' to check CMake code style
-- Added test 'uncrustify' to check C / C++ code style
-- Configured uncrustify additional arguments: 
-- Added test 'xmllint' to check XML markup files
-- Configuring done
-- Generating done
-- Build files have been written to: /root/ros2_ws/build/mg400_plugin_base
-- Install configuration: ""
-- Execute custom install script
-- Up-to-date symlink: /root/ros2_ws/install/mg400_plugin_base/include/mg400_plugin_base/api_loader_base.hpp
-- Up-to-date symlink: /root/ros2_ws/install/mg400_plugin_base/include/mg400_plugin_base/api_plugin_base.hpp
-- Up-to-date symlink: /root/ros2_ws/install/mg400_plugin_base/share/ament_index/resource_index/package_run_dependencies/mg400_plugin_base
-- Up-to-date symlink: /root/ros2_ws/install/mg400_plugin_base/share/ament_index/resource_index/parent_prefix_path/mg400_plugin_base
-- Up-to-date symlink: /root/ros2_ws/install/mg400_plugin_base/share/mg400_plugin_base/environment/ament_prefix_path.sh
-- Up-to-date symlink: /root/ros2_ws/install/mg400_plugin_base/share/mg400_plugin_base/environment/ament_prefix_path.dsv
-- Up-to-date symlink: /root/ros2_ws/install/mg400_plugin_base/share/mg400_plugin_base/environment/path.sh
-- Up-to-date symlink: /root/ros2_ws/install/mg400_plugin_base/share/mg400_plugin_base/environment/path.dsv
-- Up-to-date symlink: /root/ros2_ws/install/mg400_plugin_base/share/mg400_plugin_base/local_setup.bash
-- Up-to-date symlink: /root/ros2_ws/install/mg400_plugin_base/share/mg400_plugin_base/local_setup.sh
-- Up-to-date symlink: /root/ros2_ws/install/mg400_plugin_base/share/mg400_plugin_base/local_setup.zsh
-- Up-to-date symlink: /root/ros2_ws/install/mg400_plugin_base/share/mg400_plugin_base/local_setup.dsv
-- Symlinking: /root/ros2_ws/install/mg400_plugin_base/share/mg400_plugin_base/package.dsv
-- Up-to-date symlink: /root/ros2_ws/install/mg400_plugin_base/share/ament_index/resource_index/packages/mg400_plugin_base
-- Up-to-date symlink: /root/ros2_ws/install/mg400_plugin_base/share/mg400_plugin_base/cmake/ament_cmake_export_dependencies-extras.cmake
-- Up-to-date symlink: /root/ros2_ws/install/mg400_plugin_base/share/mg400_plugin_base/cmake/ament_cmake_export_include_directories-extras.cmake
-- Up-to-date symlink: /root/ros2_ws/install/mg400_plugin_base/share/mg400_plugin_base/cmake/mg400_plugin_baseConfig.cmake
-- Up-to-date symlink: /root/ros2_ws/install/mg400_plugin_base/share/mg400_plugin_base/cmake/mg400_plugin_baseConfig-version.cmake
-- Up-to-date symlink: /root/ros2_ws/install/mg400_plugin_base/share/mg400_plugin_base/package.xml
