[0.014s] Invoking command in '/root/ros2_ws/build/mg400_tools': CMAKE_PREFIX_PATH=/root/ros2_ws/install/mg400_msgs:/root/ros2_ws/install/mg400_common:/root/ros2_ws/install/p9n:/root/ros2_ws/install/p9n_test:/root/ros2_ws/install/p9n_node:/root/ros2_ws/install/p9n_example:/root/ros2_ws/install/mg400:/root/ros2_ws/install/mg400_joy:/root/ros2_ws/install/p9n_interface:/root/ros2_ws/install/mg400_tools:/root/ros2_ws/install/mg400_rviz_plugin:/root/ros2_ws/install/mg400_node:/root/ros2_ws/install/mg400_plugin:/root/ros2_ws/install/mg400_plugin_base:/root/ros2_ws/install/mg400_interface:/root/ros2_ws/install/mg400_description:/root/ros2_ws/install/p9n_bringup:/root/ros2_ws/install/mg400_bringup:/opt/ros/humble LD_LIBRARY_PATH=/root/ros2_ws/install/mg400_msgs/lib:/root/ros2_ws/install/mg400_common/lib:/root/ros2_ws/install/p9n_test/lib:/root/ros2_ws/install/p9n_node/lib:/root/ros2_ws/install/p9n_example/lib:/root/ros2_ws/install/mg400_joy/lib:/root/ros2_ws/install/p9n_interface/lib:/root/ros2_ws/install/mg400_rviz_plugin/lib:/root/ros2_ws/install/mg400_node/lib:/root/ros2_ws/install/mg400_plugin/lib:/root/ros2_ws/install/mg400_interface/lib:/opt/ros/humble/opt/rviz_ogre_vendor/lib:/opt/ros/humble/lib/x86_64-linux-gnu:/opt/ros/humble/lib /usr/bin/cmake --build /root/ros2_ws/build/mg400_tools -- -j16 -l16
[0.079s] [ 66%] Built target validate_kinematics_with_solutions
[0.079s] [ 66%] Built target mg400_kinematics_cli
[0.079s] [100%] Built target command_queue_client
[0.092s] Invoked command in '/root/ros2_ws/build/mg400_tools' returned '0': CMAKE_PREFIX_PATH=/root/ros2_ws/install/mg400_msgs:/root/ros2_ws/install/mg400_common:/root/ros2_ws/install/p9n:/root/ros2_ws/install/p9n_test:/root/ros2_ws/install/p9n_node:/root/ros2_ws/install/p9n_example:/root/ros2_ws/install/mg400:/root/ros2_ws/install/mg400_joy:/root/ros2_ws/install/p9n_interface:/root/ros2_ws/install/mg400_tools:/root/ros2_ws/install/mg400_rviz_plugin:/root/ros2_ws/install/mg400_node:/root/ros2_ws/install/mg400_plugin:/root/ros2_ws/install/mg400_plugin_base:/root/ros2_ws/install/mg400_interface:/root/ros2_ws/install/mg400_description:/root/ros2_ws/install/p9n_bringup:/root/ros2_ws/install/mg400_bringup:/opt/ros/humble LD_LIBRARY_PATH=/root/ros2_ws/install/mg400_msgs/lib:/root/ros2_ws/install/mg400_common/lib:/root/ros2_ws/install/p9n_test/lib:/root/ros2_ws/install/p9n_node/lib:/root/ros2_ws/install/p9n_example/lib:/root/ros2_ws/install/mg400_joy/lib:/root/ros2_ws/install/p9n_interface/lib:/root/ros2_ws/install/mg400_rviz_plugin/lib:/root/ros2_ws/install/mg400_node/lib:/root/ros2_ws/install/mg400_plugin/lib:/root/ros2_ws/install/mg400_interface/lib:/opt/ros/humble/opt/rviz_ogre_vendor/lib:/opt/ros/humble/lib/x86_64-linux-gnu:/opt/ros/humble/lib /usr/bin/cmake --build /root/ros2_ws/build/mg400_tools -- -j16 -l16
[0.093s] Invoking command in '/root/ros2_ws/build/mg400_tools': CMAKE_PREFIX_PATH=/root/ros2_ws/install/mg400_msgs:/root/ros2_ws/install/mg400_common:/root/ros2_ws/install/p9n:/root/ros2_ws/install/p9n_test:/root/ros2_ws/install/p9n_node:/root/ros2_ws/install/p9n_example:/root/ros2_ws/install/mg400:/root/ros2_ws/install/mg400_joy:/root/ros2_ws/install/p9n_interface:/root/ros2_ws/install/mg400_tools:/root/ros2_ws/install/mg400_rviz_plugin:/root/ros2_ws/install/mg400_node:/root/ros2_ws/install/mg400_plugin:/root/ros2_ws/install/mg400_plugin_base:/root/ros2_ws/install/mg400_interface:/root/ros2_ws/install/mg400_description:/root/ros2_ws/install/p9n_bringup:/root/ros2_ws/install/mg400_bringup:/opt/ros/humble LD_LIBRARY_PATH=/root/ros2_ws/install/mg400_msgs/lib:/root/ros2_ws/install/mg400_common/lib:/root/ros2_ws/install/p9n_test/lib:/root/ros2_ws/install/p9n_node/lib:/root/ros2_ws/install/p9n_example/lib:/root/ros2_ws/install/mg400_joy/lib:/root/ros2_ws/install/p9n_interface/lib:/root/ros2_ws/install/mg400_rviz_plugin/lib:/root/ros2_ws/install/mg400_node/lib:/root/ros2_ws/install/mg400_plugin/lib:/root/ros2_ws/install/mg400_interface/lib:/opt/ros/humble/opt/rviz_ogre_vendor/lib:/opt/ros/humble/lib/x86_64-linux-gnu:/opt/ros/humble/lib /usr/bin/cmake --install /root/ros2_ws/build/mg400_tools
[0.101s] -- Install configuration: ""
[0.101s] -- Execute custom install script
[0.101s] -- Up-to-date symlink: /root/ros2_ws/install/mg400_tools/share/mg400_tools/config/commands.yaml
[0.102s] -- Up-to-date symlink: /root/ros2_ws/install/mg400_tools/include/mg400_tools/command_queue_client.hpp
[0.102s] -- Up-to-date symlink: /root/ros2_ws/install/mg400_tools/lib/mg400_tools/command_queue_client
[0.102s] -- Up-to-date symlink: /root/ros2_ws/install/mg400_tools/lib/mg400_tools/validate_kinematics_with_solutions
[0.102s] -- Up-to-date symlink: /root/ros2_ws/install/mg400_tools/lib/mg400_tools/mg400_kinematics_cli
[0.103s] -- Up-to-date symlink: /root/ros2_ws/install/mg400_tools/share/ament_index/resource_index/package_run_dependencies/mg400_tools
[0.103s] -- Up-to-date symlink: /root/ros2_ws/install/mg400_tools/share/ament_index/resource_index/parent_prefix_path/mg400_tools
[0.103s] -- Up-to-date symlink: /root/ros2_ws/install/mg400_tools/share/mg400_tools/environment/ament_prefix_path.sh
[0.103s] -- Up-to-date symlink: /root/ros2_ws/install/mg400_tools/share/mg400_tools/environment/ament_prefix_path.dsv
[0.103s] -- Up-to-date symlink: /root/ros2_ws/install/mg400_tools/share/mg400_tools/environment/path.sh
[0.104s] -- Up-to-date symlink: /root/ros2_ws/install/mg400_tools/share/mg400_tools/environment/path.dsv
[0.104s] -- Up-to-date symlink: /root/ros2_ws/install/mg400_tools/share/mg400_tools/local_setup.bash
[0.104s] -- Up-to-date symlink: /root/ros2_ws/install/mg400_tools/share/mg400_tools/local_setup.sh
[0.104s] -- Up-to-date symlink: /root/ros2_ws/install/mg400_tools/share/mg400_tools/local_setup.zsh
[0.104s] -- Up-to-date symlink: /root/ros2_ws/install/mg400_tools/share/mg400_tools/local_setup.dsv
[0.104s] -- Symlinking: /root/ros2_ws/install/mg400_tools/share/mg400_tools/package.dsv
[0.116s] -- Up-to-date symlink: /root/ros2_ws/install/mg400_tools/share/ament_index/resource_index/packages/mg400_tools
[0.116s] -- Up-to-date symlink: /root/ros2_ws/install/mg400_tools/share/mg400_tools/cmake/ament_cmake_export_dependencies-extras.cmake
[0.116s] -- Up-to-date symlink: /root/ros2_ws/install/mg400_tools/share/mg400_tools/cmake/ament_cmake_export_include_directories-extras.cmake
[0.117s] -- Up-to-date symlink: /root/ros2_ws/install/mg400_tools/share/mg400_tools/cmake/mg400_toolsConfig.cmake
[0.117s] -- Up-to-date symlink: /root/ros2_ws/install/mg400_tools/share/mg400_tools/cmake/mg400_toolsConfig-version.cmake
[0.117s] -- Up-to-date symlink: /root/ros2_ws/install/mg400_tools/share/mg400_tools/package.xml
[0.120s] Invoked command in '/root/ros2_ws/build/mg400_tools' returned '0': CMAKE_PREFIX_PATH=/root/ros2_ws/install/mg400_msgs:/root/ros2_ws/install/mg400_common:/root/ros2_ws/install/p9n:/root/ros2_ws/install/p9n_test:/root/ros2_ws/install/p9n_node:/root/ros2_ws/install/p9n_example:/root/ros2_ws/install/mg400:/root/ros2_ws/install/mg400_joy:/root/ros2_ws/install/p9n_interface:/root/ros2_ws/install/mg400_tools:/root/ros2_ws/install/mg400_rviz_plugin:/root/ros2_ws/install/mg400_node:/root/ros2_ws/install/mg400_plugin:/root/ros2_ws/install/mg400_plugin_base:/root/ros2_ws/install/mg400_interface:/root/ros2_ws/install/mg400_description:/root/ros2_ws/install/p9n_bringup:/root/ros2_ws/install/mg400_bringup:/opt/ros/humble LD_LIBRARY_PATH=/root/ros2_ws/install/mg400_msgs/lib:/root/ros2_ws/install/mg400_common/lib:/root/ros2_ws/install/p9n_test/lib:/root/ros2_ws/install/p9n_node/lib:/root/ros2_ws/install/p9n_example/lib:/root/ros2_ws/install/mg400_joy/lib:/root/ros2_ws/install/p9n_interface/lib:/root/ros2_ws/install/mg400_rviz_plugin/lib:/root/ros2_ws/install/mg400_node/lib:/root/ros2_ws/install/mg400_plugin/lib:/root/ros2_ws/install/mg400_interface/lib:/opt/ros/humble/opt/rviz_ogre_vendor/lib:/opt/ros/humble/lib/x86_64-linux-gnu:/opt/ros/humble/lib /usr/bin/cmake --install /root/ros2_ws/build/mg400_tools
