[0.018s] Invoking command in '/root/ros2_ws/build/p9n_interface': CMAKE_PREFIX_PATH=${CMAKE_PREFIX_PATH}:/root/ros2_ws/install/p9n_bringup:/root/ros2_ws/install/mg400_bringup:/opt/ros/humble /usr/bin/cmake --build /root/ros2_ws/build/p9n_interface -- -j16 -l16
[0.078s] [100%] Built target p9n_interface
[0.091s] Invoked command in '/root/ros2_ws/build/p9n_interface' returned '0': CMAKE_PREFIX_PATH=${CMAKE_PREFIX_PATH}:/root/ros2_ws/install/p9n_bringup:/root/ros2_ws/install/mg400_bringup:/opt/ros/humble /usr/bin/cmake --build /root/ros2_ws/build/p9n_interface -- -j16 -l16
[0.092s] Invoking command in '/root/ros2_ws/build/p9n_interface': CMAKE_PREFIX_PATH=${CMAKE_PREFIX_PATH}:/root/ros2_ws/install/p9n_bringup:/root/ros2_ws/install/mg400_bringup:/opt/ros/humble /usr/bin/cmake --install /root/ros2_ws/build/p9n_interface
[0.101s] -- Install configuration: ""
[0.101s] -- Execute custom install script
[0.102s] -- Up-to-date symlink: /root/ros2_ws/install/p9n_interface/include/p9n_interface/hw_types.hpp
[0.102s] -- Up-to-date symlink: /root/ros2_ws/install/p9n_interface/include/p9n_interface/p9n_interface.hpp
[0.103s] -- Up-to-date symlink: /root/ros2_ws/install/p9n_interface/include/p9n_interface/ps3_dualshock3.hpp
[0.103s] -- Up-to-date symlink: /root/ros2_ws/install/p9n_interface/include/p9n_interface/ps4_dualshock4.hpp
[0.103s] -- Up-to-date symlink: /root/ros2_ws/install/p9n_interface/include/p9n_interface/ps5_dualsense.hpp
[0.103s] -- Up-to-date symlink: /root/ros2_ws/install/p9n_interface/share/p9n_interface/environment/library_path.sh
[0.104s] -- Up-to-date symlink: /root/ros2_ws/install/p9n_interface/share/p9n_interface/environment/library_path.dsv
[0.106s] -- Up-to-date symlink: /root/ros2_ws/install/p9n_interface/lib/libp9n_interface.a
[0.106s] -- Up-to-date symlink: /root/ros2_ws/install/p9n_interface/share/ament_index/resource_index/package_run_dependencies/p9n_interface
[0.107s] -- Up-to-date symlink: /root/ros2_ws/install/p9n_interface/share/ament_index/resource_index/parent_prefix_path/p9n_interface
[0.107s] -- Up-to-date symlink: /root/ros2_ws/install/p9n_interface/share/p9n_interface/environment/ament_prefix_path.sh
[0.108s] -- Up-to-date symlink: /root/ros2_ws/install/p9n_interface/share/p9n_interface/environment/ament_prefix_path.dsv
[0.108s] -- Up-to-date symlink: /root/ros2_ws/install/p9n_interface/share/p9n_interface/environment/path.sh
[0.108s] -- Up-to-date symlink: /root/ros2_ws/install/p9n_interface/share/p9n_interface/environment/path.dsv
[0.108s] -- Up-to-date symlink: /root/ros2_ws/install/p9n_interface/share/p9n_interface/local_setup.bash
[0.108s] -- Up-to-date symlink: /root/ros2_ws/install/p9n_interface/share/p9n_interface/local_setup.sh
[0.109s] -- Up-to-date symlink: /root/ros2_ws/install/p9n_interface/share/p9n_interface/local_setup.zsh
[0.109s] -- Up-to-date symlink: /root/ros2_ws/install/p9n_interface/share/p9n_interface/local_setup.dsv
[0.109s] -- Symlinking: /root/ros2_ws/install/p9n_interface/share/p9n_interface/package.dsv
[0.115s] -- Up-to-date symlink: /root/ros2_ws/install/p9n_interface/share/ament_index/resource_index/packages/p9n_interface
[0.116s] -- Up-to-date symlink: /root/ros2_ws/install/p9n_interface/share/p9n_interface/cmake/ament_cmake_export_dependencies-extras.cmake
[0.116s] -- Up-to-date symlink: /root/ros2_ws/install/p9n_interface/share/p9n_interface/cmake/ament_cmake_export_include_directories-extras.cmake
[0.116s] -- Up-to-date symlink: /root/ros2_ws/install/p9n_interface/share/p9n_interface/cmake/ament_cmake_export_libraries-extras.cmake
[0.117s] -- Up-to-date symlink: /root/ros2_ws/install/p9n_interface/share/p9n_interface/cmake/p9n_interfaceConfig.cmake
[0.117s] -- Up-to-date symlink: /root/ros2_ws/install/p9n_interface/share/p9n_interface/cmake/p9n_interfaceConfig-version.cmake
[0.117s] -- Up-to-date symlink: /root/ros2_ws/install/p9n_interface/share/p9n_interface/package.xml
[0.124s] Invoked command in '/root/ros2_ws/build/p9n_interface' returned '0': CMAKE_PREFIX_PATH=${CMAKE_PREFIX_PATH}:/root/ros2_ws/install/p9n_bringup:/root/ros2_ws/install/mg400_bringup:/opt/ros/humble /usr/bin/cmake --install /root/ros2_ws/build/p9n_interface
