-- The C compiler identification is GNU 11.4.0
-- The CXX compiler identification is GNU 11.4.0
-- Detecting C compiler ABI info
-- Detecting C compiler ABI info - done
-- Check for working C compiler: /usr/bin/cc - skipped
-- Detecting C compile features
-- Detecting C compile features - done
-- Detecting CXX compiler ABI info
-- Detecting CXX compiler ABI info - done
-- Check for working CXX compiler: /usr/bin/c++ - skipped
-- Detecting CXX compile features
-- Detecting CXX compile features - done
-- Found ament_cmake_auto: 1.3.14 (/opt/ros/humble/share/ament_cmake_auto/cmake)
-- Found Python3: /usr/bin/python3 (found version "3.10.12") found components: Interpreter 
-- Override CMake install command with custom implementation using symlinks instead of copying resources
-- Found rosidl_generator_c: 3.1.9 (/opt/ros/humble/share/rosidl_generator_c/cmake)
-- Found rosidl_adapter: 3.1.9 (/opt/ros/humble/share/rosidl_adapter/cmake)
-- Found rosidl_generator_cpp: 3.1.9 (/opt/ros/humble/share/rosidl_generator_cpp/cmake)
-- Using all available rosidl_typesupport_c: rosidl_typesupport_fastrtps_c;rosidl_typesupport_introspection_c
-- Using all available rosidl_typesupport_cpp: rosidl_typesupport_fastrtps_cpp;rosidl_typesupport_introspection_cpp
-- Found rmw_implementation_cmake: 6.1.3 (/opt/ros/humble/share/rmw_implementation_cmake/cmake)
-- Found rmw_fastrtps_cpp: 6.2.10 (/opt/ros/humble/share/rmw_fastrtps_cpp/cmake)
-- Found OpenSSL: /usr/lib/x86_64-linux-gnu/libcrypto.so (found version "3.0.2")  
-- Found FastRTPS: /opt/ros/humble/include  
-- Using RMW implementation 'rmw_fastrtps_cpp' as default
-- Looking for pthread.h
-- Looking for pthread.h - found
-- Performing Test CMAKE_HAVE_LIBC_PTHREAD
-- Performing Test CMAKE_HAVE_LIBC_PTHREAD - Success
-- Found Threads: TRUE  
-- Found eigen3_cmake_module: 0.1.1 (/opt/ros/humble/share/eigen3_cmake_module/cmake)
-- Found Eigen3: TRUE (found version "3.4.0") 
-- Ensuring Eigen3 include directory is part of orocos-kdl CMake target
-- Found ament_lint_auto: 0.12.15 (/opt/ros/humble/share/ament_lint_auto/cmake)
[0mIn this package, headers install destination is set to `include` by ament_auto_package. It is recommended to install `include/mg400_plugin` instead and will be the default behavior of ament_auto_package from ROS 2 Kilted Kaiju. On distributions before Kilted, ament_auto_package behaves the same way when you use USE_SCOPED_HEADER_INSTALL_DIR option.[0m
-- Added test 'cppcheck' to perform static code analysis on C / C++ code
-- Configured cppcheck include dirs: /root/ros2_ws/src/MG400_ROS2/mg400_plugin/include
-- Configured cppcheck exclude dirs and/or files: 
-- Added test 'lint_cmake' to check CMake code style
-- Added test 'uncrustify' to check C / C++ code style
-- Configured uncrustify additional arguments: 
-- Added test 'xmllint' to check XML markup files
-- Configuring done
-- Generating done
-- Build files have been written to: /root/ros2_ws/build/mg400_plugin
[ 10%] [32mBuilding CXX object CMakeFiles/mg400_plugin_dashboard_api.dir/src/dashboard_api/acc_j.cpp.o[0m
[ 10%] [32mBuilding CXX object CMakeFiles/mg400_plugin_dashboard_api.dir/src/dashboard_api/arch.cpp.o[0m
[ 16%] [32mBuilding CXX object CMakeFiles/mg400_plugin_dashboard_api.dir/src/dashboard_api/do.cpp.o[0m
[ 16%] [32mBuilding CXX object CMakeFiles/mg400_plugin_dashboard_api.dir/src/dashboard_api/emergency_stop.cpp.o[0m
[ 16%] [32mBuilding CXX object CMakeFiles/mg400_plugin_dashboard_api.dir/src/dashboard_api/clear_error.cpp.o[0m
[ 16%] [32mBuilding CXX object CMakeFiles/mg400_plugin_dashboard_api.dir/src/dashboard_api/di.cpp.o[0m
[ 21%] [32mBuilding CXX object CMakeFiles/mg400_plugin_dashboard_api.dir/src/dashboard_api/get_angle.cpp.o[0m
[ 24%] [32mBuilding CXX object CMakeFiles/mg400_plugin_dashboard_api.dir/src/dashboard_api/disable_robot.cpp.o[0m
[ 27%] [32mBuilding CXX object CMakeFiles/mg400_plugin_dashboard_api.dir/src/dashboard_api/cp.cpp.o[0m
[ 27%] [32mBuilding CXX object CMakeFiles/mg400_plugin_dashboard_api.dir/src/dashboard_api/get_error_id.cpp.o[0m
[ 29%] [32mBuilding CXX object CMakeFiles/mg400_plugin_dashboard_api.dir/src/dashboard_api/acc_l.cpp.o[0m
[ 32%] [32mBuilding CXX object CMakeFiles/mg400_plugin_dashboard_api.dir/src/dashboard_api/pay_load.cpp.o[0m
[ 35%] [32mBuilding CXX object CMakeFiles/mg400_plugin_dashboard_api.dir/src/dashboard_api/inverse_solution.cpp.o[0m
[ 37%] [32mBuilding CXX object CMakeFiles/mg400_plugin_dashboard_api.dir/src/dashboard_api/enable_robot.cpp.o[0m
[ 40%] [32mBuilding CXX object CMakeFiles/mg400_plugin_dashboard_api.dir/src/dashboard_api/get_pose.cpp.o[0m
[ 43%] [32mBuilding CXX object CMakeFiles/mg400_plugin_dashboard_api.dir/src/dashboard_api/positive_solution.cpp.o[0m
[ 48%] [32mBuilding CXX object CMakeFiles/mg400_plugin_dashboard_api.dir/src/dashboard_api/reset_robot.cpp.o[0m
[ 48%] [32mBuilding CXX object CMakeFiles/mg400_plugin_dashboard_api.dir/src/dashboard_api/robot_mode.cpp.o[0m
[ 51%] [32mBuilding CXX object CMakeFiles/mg400_plugin_dashboard_api.dir/src/dashboard_api/set_collision_level.cpp.o[0m
[ 54%] [32mBuilding CXX object CMakeFiles/mg400_plugin_dashboard_api.dir/src/dashboard_api/speed_factor.cpp.o[0m
[ 56%] [32mBuilding CXX object CMakeFiles/mg400_plugin_dashboard_api.dir/src/dashboard_api/speed_j.cpp.o[0m
[ 59%] [32mBuilding CXX object CMakeFiles/mg400_plugin_dashboard_api.dir/src/dashboard_api/speed_l.cpp.o[0m
[ 62%] [32mBuilding CXX object CMakeFiles/mg400_plugin_dashboard_api.dir/src/dashboard_api/tool.cpp.o[0m
[ 64%] [32mBuilding CXX object CMakeFiles/mg400_plugin_dashboard_api.dir/src/dashboard_api/tool_di.cpp.o[0m
[ 67%] [32mBuilding CXX object CMakeFiles/mg400_plugin_dashboard_api.dir/src/dashboard_api/tool_do_execute.cpp.o[0m
[ 70%] [32mBuilding CXX object CMakeFiles/mg400_plugin_dashboard_api.dir/src/dashboard_api/user.cpp.o[0m
[ 72%] [32mBuilding CXX object CMakeFiles/mg400_plugin_dashboard_api.dir/src/tf_manager.cpp.o[0m
[ 75%] [32m[1mLinking CXX shared library libmg400_plugin_dashboard_api.so[0m
[ 75%] Built target mg400_plugin_dashboard_api
[ 89%] [32mBuilding CXX object CMakeFiles/mg400_plugin_motion_api.dir/src/motion_api/mov_jio.cpp.o[0m
[ 89%] [32mBuilding CXX object CMakeFiles/mg400_plugin_motion_api.dir/src/motion_api/joint_mov_j.cpp.o[0m
[ 89%] [32mBuilding CXX object CMakeFiles/mg400_plugin_motion_api.dir/src/motion_api/command_queue.cpp.o[0m
[ 89%] [32mBuilding CXX object CMakeFiles/mg400_plugin_motion_api.dir/src/motion_api/mov_l.cpp.o[0m
[ 89%] [32mBuilding CXX object CMakeFiles/mg400_plugin_motion_api.dir/src/motion_api/mov_j.cpp.o[0m
[ 91%] [32mBuilding CXX object CMakeFiles/mg400_plugin_motion_api.dir/src/motion_api/mov_lio.cpp.o[0m
[ 94%] [32mBuilding CXX object CMakeFiles/mg400_plugin_motion_api.dir/src/motion_api/move_jog.cpp.o[0m
[ 97%] [32mBuilding CXX object CMakeFiles/mg400_plugin_motion_api.dir/src/tf_manager.cpp.o[0m
[100%] [32m[1mLinking CXX shared library libmg400_plugin_motion_api.so[0m
[100%] Built target mg400_plugin_motion_api
-- Install configuration: ""
-- Execute custom install script
-- Symlinking: /root/ros2_ws/install/mg400_plugin/share/mg400_plugin//dashboard_api_plugins.xml
-- Symlinking: /root/ros2_ws/install/mg400_plugin/share/mg400_plugin//motion_api_plugins.xml
-- Symlinking: /root/ros2_ws/install/mg400_plugin/include/mg400_plugin/dashboard_api/acc_j.hpp
-- Symlinking: /root/ros2_ws/install/mg400_plugin/include/mg400_plugin/dashboard_api/acc_l.hpp
-- Symlinking: /root/ros2_ws/install/mg400_plugin/include/mg400_plugin/dashboard_api/arch.hpp
-- Symlinking: /root/ros2_ws/install/mg400_plugin/include/mg400_plugin/dashboard_api/clear_error.hpp
-- Symlinking: /root/ros2_ws/install/mg400_plugin/include/mg400_plugin/dashboard_api/cp.hpp
-- Symlinking: /root/ros2_ws/install/mg400_plugin/include/mg400_plugin/dashboard_api/di.hpp
-- Symlinking: /root/ros2_ws/install/mg400_plugin/include/mg400_plugin/dashboard_api/disable_robot.hpp
-- Symlinking: /root/ros2_ws/install/mg400_plugin/include/mg400_plugin/dashboard_api/do.hpp
-- Symlinking: /root/ros2_ws/install/mg400_plugin/include/mg400_plugin/dashboard_api/emergency_stop.hpp
-- Symlinking: /root/ros2_ws/install/mg400_plugin/include/mg400_plugin/dashboard_api/enable_robot.hpp
-- Symlinking: /root/ros2_ws/install/mg400_plugin/include/mg400_plugin/dashboard_api/get_angle.hpp
-- Symlinking: /root/ros2_ws/install/mg400_plugin/include/mg400_plugin/dashboard_api/get_error_id.hpp
-- Symlinking: /root/ros2_ws/install/mg400_plugin/include/mg400_plugin/dashboard_api/get_pose.hpp
-- Symlinking: /root/ros2_ws/install/mg400_plugin/include/mg400_plugin/dashboard_api/inverse_solution.hpp
-- Symlinking: /root/ros2_ws/install/mg400_plugin/include/mg400_plugin/dashboard_api/pay_load.hpp
-- Symlinking: /root/ros2_ws/install/mg400_plugin/include/mg400_plugin/dashboard_api/positive_solution.hpp
-- Symlinking: /root/ros2_ws/install/mg400_plugin/include/mg400_plugin/dashboard_api/reset_robot.hpp
-- Symlinking: /root/ros2_ws/install/mg400_plugin/include/mg400_plugin/dashboard_api/robot_mode.hpp
-- Symlinking: /root/ros2_ws/install/mg400_plugin/include/mg400_plugin/dashboard_api/set_collision_level.hpp
-- Symlinking: /root/ros2_ws/install/mg400_plugin/include/mg400_plugin/dashboard_api/speed_factor.hpp
-- Symlinking: /root/ros2_ws/install/mg400_plugin/include/mg400_plugin/dashboard_api/speed_j.hpp
-- Symlinking: /root/ros2_ws/install/mg400_plugin/include/mg400_plugin/dashboard_api/speed_l.hpp
-- Symlinking: /root/ros2_ws/install/mg400_plugin/include/mg400_plugin/dashboard_api/tool.hpp
-- Symlinking: /root/ros2_ws/install/mg400_plugin/include/mg400_plugin/dashboard_api/tool_di.hpp
-- Symlinking: /root/ros2_ws/install/mg400_plugin/include/mg400_plugin/dashboard_api/tool_do_execute.hpp
-- Symlinking: /root/ros2_ws/install/mg400_plugin/include/mg400_plugin/dashboard_api/user.hpp
-- Symlinking: /root/ros2_ws/install/mg400_plugin/include/mg400_plugin/motion_api/command_queue.hpp
-- Symlinking: /root/ros2_ws/install/mg400_plugin/include/mg400_plugin/motion_api/joint_mov_j.hpp
-- Symlinking: /root/ros2_ws/install/mg400_plugin/include/mg400_plugin/motion_api/mov_j.hpp
-- Symlinking: /root/ros2_ws/install/mg400_plugin/include/mg400_plugin/motion_api/mov_jio.hpp
-- Symlinking: /root/ros2_ws/install/mg400_plugin/include/mg400_plugin/motion_api/mov_l.hpp
-- Symlinking: /root/ros2_ws/install/mg400_plugin/include/mg400_plugin/motion_api/mov_lio.hpp
-- Symlinking: /root/ros2_ws/install/mg400_plugin/include/mg400_plugin/motion_api/move_jog.hpp
-- Symlinking: /root/ros2_ws/install/mg400_plugin/include/mg400_plugin/plugin_utils.hpp
-- Symlinking: /root/ros2_ws/install/mg400_plugin/include/mg400_plugin/tf_manager.hpp
-- Symlinking: /root/ros2_ws/install/mg400_plugin/share/mg400_plugin/environment/library_path.sh
-- Symlinking: /root/ros2_ws/install/mg400_plugin/share/mg400_plugin/environment/library_path.dsv
-- Symlinking: /root/ros2_ws/install/mg400_plugin/lib/libmg400_plugin_dashboard_api.so
-- Symlinking: /root/ros2_ws/install/mg400_plugin/lib/libmg400_plugin_motion_api.so
-- Symlinking: /root/ros2_ws/install/mg400_plugin/share/ament_index/resource_index/package_run_dependencies/mg400_plugin
-- Symlinking: /root/ros2_ws/install/mg400_plugin/share/ament_index/resource_index/parent_prefix_path/mg400_plugin
-- Symlinking: /root/ros2_ws/install/mg400_plugin/share/mg400_plugin/environment/ament_prefix_path.sh
-- Symlinking: /root/ros2_ws/install/mg400_plugin/share/mg400_plugin/environment/ament_prefix_path.dsv
-- Symlinking: /root/ros2_ws/install/mg400_plugin/share/mg400_plugin/environment/path.sh
-- Symlinking: /root/ros2_ws/install/mg400_plugin/share/mg400_plugin/environment/path.dsv
-- Symlinking: /root/ros2_ws/install/mg400_plugin/share/mg400_plugin/local_setup.bash
-- Symlinking: /root/ros2_ws/install/mg400_plugin/share/mg400_plugin/local_setup.sh
-- Symlinking: /root/ros2_ws/install/mg400_plugin/share/mg400_plugin/local_setup.zsh
-- Symlinking: /root/ros2_ws/install/mg400_plugin/share/mg400_plugin/local_setup.dsv
-- Symlinking: /root/ros2_ws/install/mg400_plugin/share/mg400_plugin/package.dsv
-- Symlinking: /root/ros2_ws/install/mg400_plugin/share/ament_index/resource_index/packages/mg400_plugin
-- Symlinking: /root/ros2_ws/install/mg400_plugin/share/ament_index/resource_index/mg400_plugin_base__pluginlib__plugin/mg400_plugin
-- Symlinking: /root/ros2_ws/install/mg400_plugin/share/mg400_plugin/cmake/ament_cmake_export_dependencies-extras.cmake
-- Symlinking: /root/ros2_ws/install/mg400_plugin/share/mg400_plugin/cmake/ament_cmake_export_include_directories-extras.cmake
-- Symlinking: /root/ros2_ws/install/mg400_plugin/share/mg400_plugin/cmake/ament_cmake_export_libraries-extras.cmake
-- Symlinking: /root/ros2_ws/install/mg400_plugin/share/mg400_plugin/cmake/mg400_pluginConfig.cmake
-- Symlinking: /root/ros2_ws/install/mg400_plugin/share/mg400_plugin/cmake/mg400_pluginConfig-version.cmake
-- Symlinking: /root/ros2_ws/install/mg400_plugin/share/mg400_plugin/package.xml
