[0.013s] Invoking command in '/root/ros2_ws/build/mg400_plugin': AMENT_PREFIX_PATH=/root/ros2_ws/install/mg400_plugin_base:/root/ros2_ws/install/mg400_interface:/root/ros2_ws/install/mg400_msgs:/root/ros2_ws/install/mg400_common:${AMENT_PREFIX_PATH} CMAKE_PREFIX_PATH=/root/ros2_ws/install/mg400_plugin_base:/root/ros2_ws/install/mg400_interface:/root/ros2_ws/install/mg400_msgs:/root/ros2_ws/install/mg400_common:/opt/ros/humble LD_LIBRARY_PATH=/root/ros2_ws/install/mg400_interface/lib:/root/ros2_ws/install/mg400_msgs/lib:/root/ros2_ws/install/mg400_common/lib:${LD_LIBRARY_PATH} PYTHONPATH=/root/ros2_ws/install/mg400_msgs/local/lib/python3.10/dist-packages:${PYTHONPATH} /usr/bin/cmake /root/ros2_ws/src/MG400_ROS2/mg400_plugin -DAMENT_CMAKE_SYMLINK_INSTALL=1 -DCMAKE_INSTALL_PREFIX=/root/ros2_ws/install/mg400_plugin
[0.064s] -- The C compiler identification is GNU 11.4.0
[0.121s] -- The CXX compiler identification is GNU 11.4.0
[0.128s] -- Detecting C compiler ABI info
[0.195s] -- Detecting C compiler ABI info - done
[0.200s] -- Check for working C compiler: /usr/bin/cc - skipped
[0.201s] -- Detecting C compile features
[0.201s] -- Detecting C compile features - done
[0.204s] -- Detecting CXX compiler ABI info
[0.286s] -- Detecting CXX compiler ABI info - done
[0.292s] -- Check for working CXX compiler: /usr/bin/c++ - skipped
[0.292s] -- Detecting CXX compile features
[0.292s] -- Detecting CXX compile features - done
[0.295s] -- Found ament_cmake_auto: 1.3.14 (/opt/ros/humble/share/ament_cmake_auto/cmake)
[0.478s] -- Found Python3: /usr/bin/python3 (found version "3.10.12") found components: Interpreter 
[0.547s] -- Override CMake install command with custom implementation using symlinks instead of copying resources
[0.691s] -- Found rosidl_generator_c: 3.1.9 (/opt/ros/humble/share/rosidl_generator_c/cmake)
[0.698s] -- Found rosidl_adapter: 3.1.9 (/opt/ros/humble/share/rosidl_adapter/cmake)
[0.708s] -- Found rosidl_generator_cpp: 3.1.9 (/opt/ros/humble/share/rosidl_generator_cpp/cmake)
[0.721s] -- Using all available rosidl_typesupport_c: rosidl_typesupport_fastrtps_c;rosidl_typesupport_introspection_c
[0.743s] -- Using all available rosidl_typesupport_cpp: rosidl_typesupport_fastrtps_cpp;rosidl_typesupport_introspection_cpp
[0.899s] -- Found rmw_implementation_cmake: 6.1.3 (/opt/ros/humble/share/rmw_implementation_cmake/cmake)
[0.903s] -- Found rmw_fastrtps_cpp: 6.2.10 (/opt/ros/humble/share/rmw_fastrtps_cpp/cmake)
[1.025s] -- Found OpenSSL: /usr/lib/x86_64-linux-gnu/libcrypto.so (found version "3.0.2")  
[1.057s] -- Found FastRTPS: /opt/ros/humble/include  
[1.107s] -- Using RMW implementation 'rmw_fastrtps_cpp' as default
[1.118s] -- Looking for pthread.h
[1.201s] -- Looking for pthread.h - found
[1.201s] -- Performing Test CMAKE_HAVE_LIBC_PTHREAD
[1.278s] -- Performing Test CMAKE_HAVE_LIBC_PTHREAD - Success
[1.279s] -- Found Threads: TRUE  
[1.446s] -- Found eigen3_cmake_module: 0.1.1 (/opt/ros/humble/share/eigen3_cmake_module/cmake)
[1.447s] -- Found Eigen3: TRUE (found version "3.4.0") 
[1.448s] -- Ensuring Eigen3 include directory is part of orocos-kdl CMake target
[1.512s] -- Found ament_lint_auto: 0.12.15 (/opt/ros/humble/share/ament_lint_auto/cmake)
[1.532s] [0mIn this package, headers install destination is set to `include` by ament_auto_package. It is recommended to install `include/mg400_plugin` instead and will be the default behavior of ament_auto_package from ROS 2 Kilted Kaiju. On distributions before Kilted, ament_auto_package behaves the same way when you use USE_SCOPED_HEADER_INSTALL_DIR option.[0m
[1.543s] -- Added test 'cppcheck' to perform static code analysis on C / C++ code
[1.543s] -- Configured cppcheck include dirs: /root/ros2_ws/src/MG400_ROS2/mg400_plugin/include
[1.543s] -- Configured cppcheck exclude dirs and/or files: 
[1.546s] -- Added test 'lint_cmake' to check CMake code style
[1.552s] -- Added test 'uncrustify' to check C / C++ code style
[1.552s] -- Configured uncrustify additional arguments: 
[1.553s] -- Added test 'xmllint' to check XML markup files
[1.557s] -- Configuring done
[1.627s] -- Generating done
[1.635s] -- Build files have been written to: /root/ros2_ws/build/mg400_plugin
[1.650s] Invoked command in '/root/ros2_ws/build/mg400_plugin' returned '0': AMENT_PREFIX_PATH=/root/ros2_ws/install/mg400_plugin_base:/root/ros2_ws/install/mg400_interface:/root/ros2_ws/install/mg400_msgs:/root/ros2_ws/install/mg400_common:${AMENT_PREFIX_PATH} CMAKE_PREFIX_PATH=/root/ros2_ws/install/mg400_plugin_base:/root/ros2_ws/install/mg400_interface:/root/ros2_ws/install/mg400_msgs:/root/ros2_ws/install/mg400_common:/opt/ros/humble LD_LIBRARY_PATH=/root/ros2_ws/install/mg400_interface/lib:/root/ros2_ws/install/mg400_msgs/lib:/root/ros2_ws/install/mg400_common/lib:${LD_LIBRARY_PATH} PYTHONPATH=/root/ros2_ws/install/mg400_msgs/local/lib/python3.10/dist-packages:${PYTHONPATH} /usr/bin/cmake /root/ros2_ws/src/MG400_ROS2/mg400_plugin -DAMENT_CMAKE_SYMLINK_INSTALL=1 -DCMAKE_INSTALL_PREFIX=/root/ros2_ws/install/mg400_plugin
[1.651s] Invoking command in '/root/ros2_ws/build/mg400_plugin': AMENT_PREFIX_PATH=/root/ros2_ws/install/mg400_plugin_base:/root/ros2_ws/install/mg400_interface:/root/ros2_ws/install/mg400_msgs:/root/ros2_ws/install/mg400_common:${AMENT_PREFIX_PATH} CMAKE_PREFIX_PATH=/root/ros2_ws/install/mg400_plugin_base:/root/ros2_ws/install/mg400_interface:/root/ros2_ws/install/mg400_msgs:/root/ros2_ws/install/mg400_common:/opt/ros/humble LD_LIBRARY_PATH=/root/ros2_ws/install/mg400_interface/lib:/root/ros2_ws/install/mg400_msgs/lib:/root/ros2_ws/install/mg400_common/lib:${LD_LIBRARY_PATH} PYTHONPATH=/root/ros2_ws/install/mg400_msgs/local/lib/python3.10/dist-packages:${PYTHONPATH} /usr/bin/cmake --build /root/ros2_ws/build/mg400_plugin -- -j16 -l16
[1.713s] [ 10%] [32mBuilding CXX object CMakeFiles/mg400_plugin_dashboard_api.dir/src/dashboard_api/acc_j.cpp.o[0m
[1.713s] [ 10%] [32mBuilding CXX object CMakeFiles/mg400_plugin_dashboard_api.dir/src/dashboard_api/arch.cpp.o[0m
[1.713s] [ 16%] [32mBuilding CXX object CMakeFiles/mg400_plugin_dashboard_api.dir/src/dashboard_api/do.cpp.o[0m
[1.713s] [ 16%] [32mBuilding CXX object CMakeFiles/mg400_plugin_dashboard_api.dir/src/dashboard_api/emergency_stop.cpp.o[0m
[1.714s] [ 16%] [32mBuilding CXX object CMakeFiles/mg400_plugin_dashboard_api.dir/src/dashboard_api/clear_error.cpp.o[0m
[1.714s] [ 16%] [32mBuilding CXX object CMakeFiles/mg400_plugin_dashboard_api.dir/src/dashboard_api/di.cpp.o[0m
[1.714s] [ 21%] [32mBuilding CXX object CMakeFiles/mg400_plugin_dashboard_api.dir/src/dashboard_api/get_angle.cpp.o[0m
[1.714s] [ 24%] [32mBuilding CXX object CMakeFiles/mg400_plugin_dashboard_api.dir/src/dashboard_api/disable_robot.cpp.o[0m
[1.716s] [ 27%] [32mBuilding CXX object CMakeFiles/mg400_plugin_dashboard_api.dir/src/dashboard_api/cp.cpp.o[0m
[1.716s] [ 27%] [32mBuilding CXX object CMakeFiles/mg400_plugin_dashboard_api.dir/src/dashboard_api/get_error_id.cpp.o[0m
[1.717s] [ 29%] [32mBuilding CXX object CMakeFiles/mg400_plugin_dashboard_api.dir/src/dashboard_api/acc_l.cpp.o[0m
[1.717s] [ 32%] [32mBuilding CXX object CMakeFiles/mg400_plugin_dashboard_api.dir/src/dashboard_api/pay_load.cpp.o[0m
[1.718s] [ 35%] [32mBuilding CXX object CMakeFiles/mg400_plugin_dashboard_api.dir/src/dashboard_api/inverse_solution.cpp.o[0m
[1.721s] [ 37%] [32mBuilding CXX object CMakeFiles/mg400_plugin_dashboard_api.dir/src/dashboard_api/enable_robot.cpp.o[0m
[1.721s] [ 40%] [32mBuilding CXX object CMakeFiles/mg400_plugin_dashboard_api.dir/src/dashboard_api/get_pose.cpp.o[0m
[1.722s] [ 43%] [32mBuilding CXX object CMakeFiles/mg400_plugin_dashboard_api.dir/src/dashboard_api/positive_solution.cpp.o[0m
[11.600s] [ 48%] [32mBuilding CXX object CMakeFiles/mg400_plugin_dashboard_api.dir/src/dashboard_api/reset_robot.cpp.o[0m
[11.607s] [ 48%] [32mBuilding CXX object CMakeFiles/mg400_plugin_dashboard_api.dir/src/dashboard_api/robot_mode.cpp.o[0m
[11.802s] [ 51%] [32mBuilding CXX object CMakeFiles/mg400_plugin_dashboard_api.dir/src/dashboard_api/set_collision_level.cpp.o[0m
[12.035s] [ 54%] [32mBuilding CXX object CMakeFiles/mg400_plugin_dashboard_api.dir/src/dashboard_api/speed_factor.cpp.o[0m
[12.323s] [ 56%] [32mBuilding CXX object CMakeFiles/mg400_plugin_dashboard_api.dir/src/dashboard_api/speed_j.cpp.o[0m
[12.439s] [ 59%] [32mBuilding CXX object CMakeFiles/mg400_plugin_dashboard_api.dir/src/dashboard_api/speed_l.cpp.o[0m
[12.669s] [ 62%] [32mBuilding CXX object CMakeFiles/mg400_plugin_dashboard_api.dir/src/dashboard_api/tool.cpp.o[0m
[12.755s] [ 64%] [32mBuilding CXX object CMakeFiles/mg400_plugin_dashboard_api.dir/src/dashboard_api/tool_di.cpp.o[0m
[12.830s] [ 67%] [32mBuilding CXX object CMakeFiles/mg400_plugin_dashboard_api.dir/src/dashboard_api/tool_do_execute.cpp.o[0m
[12.949s] [ 70%] [32mBuilding CXX object CMakeFiles/mg400_plugin_dashboard_api.dir/src/dashboard_api/user.cpp.o[0m
[13.194s] [ 72%] [32mBuilding CXX object CMakeFiles/mg400_plugin_dashboard_api.dir/src/tf_manager.cpp.o[0m
[20.316s] [ 75%] [32m[1mLinking CXX shared library libmg400_plugin_dashboard_api.so[0m
[21.972s] [ 75%] Built target mg400_plugin_dashboard_api
[22.005s] [ 89%] [32mBuilding CXX object CMakeFiles/mg400_plugin_motion_api.dir/src/motion_api/mov_jio.cpp.o[0m
[22.005s] [ 89%] [32mBuilding CXX object CMakeFiles/mg400_plugin_motion_api.dir/src/motion_api/joint_mov_j.cpp.o[0m
[22.005s] [ 89%] [32mBuilding CXX object CMakeFiles/mg400_plugin_motion_api.dir/src/motion_api/command_queue.cpp.o[0m
[22.005s] [ 89%] [32mBuilding CXX object CMakeFiles/mg400_plugin_motion_api.dir/src/motion_api/mov_l.cpp.o[0m
[22.006s] [ 89%] [32mBuilding CXX object CMakeFiles/mg400_plugin_motion_api.dir/src/motion_api/mov_j.cpp.o[0m
[22.006s] [ 91%] [32mBuilding CXX object CMakeFiles/mg400_plugin_motion_api.dir/src/motion_api/mov_lio.cpp.o[0m
[22.006s] [ 94%] [32mBuilding CXX object CMakeFiles/mg400_plugin_motion_api.dir/src/motion_api/move_jog.cpp.o[0m
[22.006s] [ 97%] [32mBuilding CXX object CMakeFiles/mg400_plugin_motion_api.dir/src/tf_manager.cpp.o[0m
[28.844s] [100%] [32m[1mLinking CXX shared library libmg400_plugin_motion_api.so[0m
[29.874s] [100%] Built target mg400_plugin_motion_api
[29.905s] Invoked command in '/root/ros2_ws/build/mg400_plugin' returned '0': AMENT_PREFIX_PATH=/root/ros2_ws/install/mg400_plugin_base:/root/ros2_ws/install/mg400_interface:/root/ros2_ws/install/mg400_msgs:/root/ros2_ws/install/mg400_common:${AMENT_PREFIX_PATH} CMAKE_PREFIX_PATH=/root/ros2_ws/install/mg400_plugin_base:/root/ros2_ws/install/mg400_interface:/root/ros2_ws/install/mg400_msgs:/root/ros2_ws/install/mg400_common:/opt/ros/humble LD_LIBRARY_PATH=/root/ros2_ws/install/mg400_interface/lib:/root/ros2_ws/install/mg400_msgs/lib:/root/ros2_ws/install/mg400_common/lib:${LD_LIBRARY_PATH} PYTHONPATH=/root/ros2_ws/install/mg400_msgs/local/lib/python3.10/dist-packages:${PYTHONPATH} /usr/bin/cmake --build /root/ros2_ws/build/mg400_plugin -- -j16 -l16
[29.907s] Invoking command in '/root/ros2_ws/build/mg400_plugin': AMENT_PREFIX_PATH=/root/ros2_ws/install/mg400_plugin_base:/root/ros2_ws/install/mg400_interface:/root/ros2_ws/install/mg400_msgs:/root/ros2_ws/install/mg400_common:${AMENT_PREFIX_PATH} CMAKE_PREFIX_PATH=/root/ros2_ws/install/mg400_plugin_base:/root/ros2_ws/install/mg400_interface:/root/ros2_ws/install/mg400_msgs:/root/ros2_ws/install/mg400_common:/opt/ros/humble LD_LIBRARY_PATH=/root/ros2_ws/install/mg400_interface/lib:/root/ros2_ws/install/mg400_msgs/lib:/root/ros2_ws/install/mg400_common/lib:${LD_LIBRARY_PATH} PYTHONPATH=/root/ros2_ws/install/mg400_msgs/local/lib/python3.10/dist-packages:${PYTHONPATH} /usr/bin/cmake --install /root/ros2_ws/build/mg400_plugin
[29.913s] -- Install configuration: ""
[29.913s] -- Execute custom install script
[29.914s] -- Symlinking: /root/ros2_ws/install/mg400_plugin/share/mg400_plugin//dashboard_api_plugins.xml
[29.922s] -- Symlinking: /root/ros2_ws/install/mg400_plugin/share/mg400_plugin//motion_api_plugins.xml
[29.931s] -- Symlinking: /root/ros2_ws/install/mg400_plugin/include/mg400_plugin/dashboard_api/acc_j.hpp
[29.940s] -- Symlinking: /root/ros2_ws/install/mg400_plugin/include/mg400_plugin/dashboard_api/acc_l.hpp
[29.947s] -- Symlinking: /root/ros2_ws/install/mg400_plugin/include/mg400_plugin/dashboard_api/arch.hpp
[29.954s] -- Symlinking: /root/ros2_ws/install/mg400_plugin/include/mg400_plugin/dashboard_api/clear_error.hpp
[29.961s] -- Symlinking: /root/ros2_ws/install/mg400_plugin/include/mg400_plugin/dashboard_api/cp.hpp
[29.968s] -- Symlinking: /root/ros2_ws/install/mg400_plugin/include/mg400_plugin/dashboard_api/di.hpp
[29.975s] -- Symlinking: /root/ros2_ws/install/mg400_plugin/include/mg400_plugin/dashboard_api/disable_robot.hpp
[29.982s] -- Symlinking: /root/ros2_ws/install/mg400_plugin/include/mg400_plugin/dashboard_api/do.hpp
[29.988s] -- Symlinking: /root/ros2_ws/install/mg400_plugin/include/mg400_plugin/dashboard_api/emergency_stop.hpp
[29.995s] -- Symlinking: /root/ros2_ws/install/mg400_plugin/include/mg400_plugin/dashboard_api/enable_robot.hpp
[30.002s] -- Symlinking: /root/ros2_ws/install/mg400_plugin/include/mg400_plugin/dashboard_api/get_angle.hpp
[30.009s] -- Symlinking: /root/ros2_ws/install/mg400_plugin/include/mg400_plugin/dashboard_api/get_error_id.hpp
[30.016s] -- Symlinking: /root/ros2_ws/install/mg400_plugin/include/mg400_plugin/dashboard_api/get_pose.hpp
[30.022s] -- Symlinking: /root/ros2_ws/install/mg400_plugin/include/mg400_plugin/dashboard_api/inverse_solution.hpp
[30.029s] -- Symlinking: /root/ros2_ws/install/mg400_plugin/include/mg400_plugin/dashboard_api/pay_load.hpp
[30.036s] -- Symlinking: /root/ros2_ws/install/mg400_plugin/include/mg400_plugin/dashboard_api/positive_solution.hpp
[30.042s] -- Symlinking: /root/ros2_ws/install/mg400_plugin/include/mg400_plugin/dashboard_api/reset_robot.hpp
[30.050s] -- Symlinking: /root/ros2_ws/install/mg400_plugin/include/mg400_plugin/dashboard_api/robot_mode.hpp
[30.058s] -- Symlinking: /root/ros2_ws/install/mg400_plugin/include/mg400_plugin/dashboard_api/set_collision_level.hpp
[30.067s] -- Symlinking: /root/ros2_ws/install/mg400_plugin/include/mg400_plugin/dashboard_api/speed_factor.hpp
[30.074s] -- Symlinking: /root/ros2_ws/install/mg400_plugin/include/mg400_plugin/dashboard_api/speed_j.hpp
[30.083s] -- Symlinking: /root/ros2_ws/install/mg400_plugin/include/mg400_plugin/dashboard_api/speed_l.hpp
[30.090s] -- Symlinking: /root/ros2_ws/install/mg400_plugin/include/mg400_plugin/dashboard_api/tool.hpp
[30.098s] -- Symlinking: /root/ros2_ws/install/mg400_plugin/include/mg400_plugin/dashboard_api/tool_di.hpp
[30.106s] -- Symlinking: /root/ros2_ws/install/mg400_plugin/include/mg400_plugin/dashboard_api/tool_do_execute.hpp
[30.113s] -- Symlinking: /root/ros2_ws/install/mg400_plugin/include/mg400_plugin/dashboard_api/user.hpp
[30.120s] -- Symlinking: /root/ros2_ws/install/mg400_plugin/include/mg400_plugin/motion_api/command_queue.hpp
[30.129s] -- Symlinking: /root/ros2_ws/install/mg400_plugin/include/mg400_plugin/motion_api/joint_mov_j.hpp
[30.135s] -- Symlinking: /root/ros2_ws/install/mg400_plugin/include/mg400_plugin/motion_api/mov_j.hpp
[30.143s] -- Symlinking: /root/ros2_ws/install/mg400_plugin/include/mg400_plugin/motion_api/mov_jio.hpp
[30.150s] -- Symlinking: /root/ros2_ws/install/mg400_plugin/include/mg400_plugin/motion_api/mov_l.hpp
[30.157s] -- Symlinking: /root/ros2_ws/install/mg400_plugin/include/mg400_plugin/motion_api/mov_lio.hpp
[30.164s] -- Symlinking: /root/ros2_ws/install/mg400_plugin/include/mg400_plugin/motion_api/move_jog.hpp
[30.171s] -- Symlinking: /root/ros2_ws/install/mg400_plugin/include/mg400_plugin/plugin_utils.hpp
[30.178s] -- Symlinking: /root/ros2_ws/install/mg400_plugin/include/mg400_plugin/tf_manager.hpp
[30.185s] -- Symlinking: /root/ros2_ws/install/mg400_plugin/share/mg400_plugin/environment/library_path.sh
[30.191s] -- Symlinking: /root/ros2_ws/install/mg400_plugin/share/mg400_plugin/environment/library_path.dsv
[30.203s] -- Symlinking: /root/ros2_ws/install/mg400_plugin/lib/libmg400_plugin_dashboard_api.so
[30.211s] -- Symlinking: /root/ros2_ws/install/mg400_plugin/lib/libmg400_plugin_motion_api.so
[30.219s] -- Symlinking: /root/ros2_ws/install/mg400_plugin/share/ament_index/resource_index/package_run_dependencies/mg400_plugin
[30.226s] -- Symlinking: /root/ros2_ws/install/mg400_plugin/share/ament_index/resource_index/parent_prefix_path/mg400_plugin
[30.234s] -- Symlinking: /root/ros2_ws/install/mg400_plugin/share/mg400_plugin/environment/ament_prefix_path.sh
[30.241s] -- Symlinking: /root/ros2_ws/install/mg400_plugin/share/mg400_plugin/environment/ament_prefix_path.dsv
[30.250s] -- Symlinking: /root/ros2_ws/install/mg400_plugin/share/mg400_plugin/environment/path.sh
[30.258s] -- Symlinking: /root/ros2_ws/install/mg400_plugin/share/mg400_plugin/environment/path.dsv
[30.267s] -- Symlinking: /root/ros2_ws/install/mg400_plugin/share/mg400_plugin/local_setup.bash
[30.275s] -- Symlinking: /root/ros2_ws/install/mg400_plugin/share/mg400_plugin/local_setup.sh
[30.283s] -- Symlinking: /root/ros2_ws/install/mg400_plugin/share/mg400_plugin/local_setup.zsh
[30.291s] -- Symlinking: /root/ros2_ws/install/mg400_plugin/share/mg400_plugin/local_setup.dsv
[30.299s] -- Symlinking: /root/ros2_ws/install/mg400_plugin/share/mg400_plugin/package.dsv
[30.307s] -- Symlinking: /root/ros2_ws/install/mg400_plugin/share/ament_index/resource_index/packages/mg400_plugin
[30.315s] -- Symlinking: /root/ros2_ws/install/mg400_plugin/share/ament_index/resource_index/mg400_plugin_base__pluginlib__plugin/mg400_plugin
[30.323s] -- Symlinking: /root/ros2_ws/install/mg400_plugin/share/mg400_plugin/cmake/ament_cmake_export_dependencies-extras.cmake
[30.332s] -- Symlinking: /root/ros2_ws/install/mg400_plugin/share/mg400_plugin/cmake/ament_cmake_export_include_directories-extras.cmake
[30.339s] -- Symlinking: /root/ros2_ws/install/mg400_plugin/share/mg400_plugin/cmake/ament_cmake_export_libraries-extras.cmake
[30.347s] -- Symlinking: /root/ros2_ws/install/mg400_plugin/share/mg400_plugin/cmake/mg400_pluginConfig.cmake
[30.355s] -- Symlinking: /root/ros2_ws/install/mg400_plugin/share/mg400_plugin/cmake/mg400_pluginConfig-version.cmake
[30.364s] -- Symlinking: /root/ros2_ws/install/mg400_plugin/share/mg400_plugin/package.xml
[30.374s] Invoked command in '/root/ros2_ws/build/mg400_plugin' returned '0': AMENT_PREFIX_PATH=/root/ros2_ws/install/mg400_plugin_base:/root/ros2_ws/install/mg400_interface:/root/ros2_ws/install/mg400_msgs:/root/ros2_ws/install/mg400_common:${AMENT_PREFIX_PATH} CMAKE_PREFIX_PATH=/root/ros2_ws/install/mg400_plugin_base:/root/ros2_ws/install/mg400_interface:/root/ros2_ws/install/mg400_msgs:/root/ros2_ws/install/mg400_common:/opt/ros/humble LD_LIBRARY_PATH=/root/ros2_ws/install/mg400_interface/lib:/root/ros2_ws/install/mg400_msgs/lib:/root/ros2_ws/install/mg400_common/lib:${LD_LIBRARY_PATH} PYTHONPATH=/root/ros2_ws/install/mg400_msgs/local/lib/python3.10/dist-packages:${PYTHONPATH} /usr/bin/cmake --install /root/ros2_ws/build/mg400_plugin
