[0.015s] Invoking command in '/root/ros2_ws/build/mg400_plugin_base': AMENT_PREFIX_PATH=/root/ros2_ws/install/mg400_interface:/root/ros2_ws/install/mg400_msgs:/root/ros2_ws/install/mg400_common:${AMENT_PREFIX_PATH} CMAKE_PREFIX_PATH=/root/ros2_ws/install/mg400_interface:/root/ros2_ws/install/mg400_msgs:/root/ros2_ws/install/mg400_common:/opt/ros/humble LD_LIBRARY_PATH=/root/ros2_ws/install/mg400_interface/lib:/root/ros2_ws/install/mg400_msgs/lib:/root/ros2_ws/install/mg400_common/lib:${LD_LIBRARY_PATH} PYTHONPATH=/root/ros2_ws/install/mg400_msgs/local/lib/python3.10/dist-packages:${PYTHONPATH} /usr/bin/cmake --build /root/ros2_ws/build/mg400_plugin_base -- -j16 -l16
[0.058s] Invoked command in '/root/ros2_ws/build/mg400_plugin_base' returned '0': AMENT_PREFIX_PATH=/root/ros2_ws/install/mg400_interface:/root/ros2_ws/install/mg400_msgs:/root/ros2_ws/install/mg400_common:${AMENT_PREFIX_PATH} CMAKE_PREFIX_PATH=/root/ros2_ws/install/mg400_interface:/root/ros2_ws/install/mg400_msgs:/root/ros2_ws/install/mg400_common:/opt/ros/humble LD_LIBRARY_PATH=/root/ros2_ws/install/mg400_interface/lib:/root/ros2_ws/install/mg400_msgs/lib:/root/ros2_ws/install/mg400_common/lib:${LD_LIBRARY_PATH} PYTHONPATH=/root/ros2_ws/install/mg400_msgs/local/lib/python3.10/dist-packages:${PYTHONPATH} /usr/bin/cmake --build /root/ros2_ws/build/mg400_plugin_base -- -j16 -l16
[0.059s] Invoking command in '/root/ros2_ws/build/mg400_plugin_base': AMENT_PREFIX_PATH=/root/ros2_ws/install/mg400_interface:/root/ros2_ws/install/mg400_msgs:/root/ros2_ws/install/mg400_common:${AMENT_PREFIX_PATH} CMAKE_PREFIX_PATH=/root/ros2_ws/install/mg400_interface:/root/ros2_ws/install/mg400_msgs:/root/ros2_ws/install/mg400_common:/opt/ros/humble LD_LIBRARY_PATH=/root/ros2_ws/install/mg400_interface/lib:/root/ros2_ws/install/mg400_msgs/lib:/root/ros2_ws/install/mg400_common/lib:${LD_LIBRARY_PATH} PYTHONPATH=/root/ros2_ws/install/mg400_msgs/local/lib/python3.10/dist-packages:${PYTHONPATH} /usr/bin/cmake --install /root/ros2_ws/build/mg400_plugin_base
[0.066s] -- Install configuration: ""
[0.066s] -- Execute custom install script
[0.066s] -- Up-to-date symlink: /root/ros2_ws/install/mg400_plugin_base/include/mg400_plugin_base/api_loader_base.hpp
[0.067s] -- Up-to-date symlink: /root/ros2_ws/install/mg400_plugin_base/include/mg400_plugin_base/api_plugin_base.hpp
[0.067s] -- Up-to-date symlink: /root/ros2_ws/install/mg400_plugin_base/share/ament_index/resource_index/package_run_dependencies/mg400_plugin_base
[0.067s] -- Up-to-date symlink: /root/ros2_ws/install/mg400_plugin_base/share/ament_index/resource_index/parent_prefix_path/mg400_plugin_base
[0.067s] -- Up-to-date symlink: /root/ros2_ws/install/mg400_plugin_base/share/mg400_plugin_base/environment/ament_prefix_path.sh
[0.068s] -- Up-to-date symlink: /root/ros2_ws/install/mg400_plugin_base/share/mg400_plugin_base/environment/ament_prefix_path.dsv
[0.068s] -- Up-to-date symlink: /root/ros2_ws/install/mg400_plugin_base/share/mg400_plugin_base/environment/path.sh
[0.068s] -- Up-to-date symlink: /root/ros2_ws/install/mg400_plugin_base/share/mg400_plugin_base/environment/path.dsv
[0.068s] -- Up-to-date symlink: /root/ros2_ws/install/mg400_plugin_base/share/mg400_plugin_base/local_setup.bash
[0.068s] -- Up-to-date symlink: /root/ros2_ws/install/mg400_plugin_base/share/mg400_plugin_base/local_setup.sh
[0.069s] -- Up-to-date symlink: /root/ros2_ws/install/mg400_plugin_base/share/mg400_plugin_base/local_setup.zsh
[0.069s] -- Up-to-date symlink: /root/ros2_ws/install/mg400_plugin_base/share/mg400_plugin_base/local_setup.dsv
[0.069s] -- Symlinking: /root/ros2_ws/install/mg400_plugin_base/share/mg400_plugin_base/package.dsv
[0.077s] -- Up-to-date symlink: /root/ros2_ws/install/mg400_plugin_base/share/ament_index/resource_index/packages/mg400_plugin_base
[0.077s] -- Up-to-date symlink: /root/ros2_ws/install/mg400_plugin_base/share/mg400_plugin_base/cmake/ament_cmake_export_dependencies-extras.cmake
[0.077s] -- Up-to-date symlink: /root/ros2_ws/install/mg400_plugin_base/share/mg400_plugin_base/cmake/ament_cmake_export_include_directories-extras.cmake
[0.078s] -- Up-to-date symlink: /root/ros2_ws/install/mg400_plugin_base/share/mg400_plugin_base/cmake/mg400_plugin_baseConfig.cmake
[0.078s] -- Up-to-date symlink: /root/ros2_ws/install/mg400_plugin_base/share/mg400_plugin_base/cmake/mg400_plugin_baseConfig-version.cmake
[0.078s] -- Up-to-date symlink: /root/ros2_ws/install/mg400_plugin_base/share/mg400_plugin_base/package.xml
[0.080s] Invoked command in '/root/ros2_ws/build/mg400_plugin_base' returned '0': AMENT_PREFIX_PATH=/root/ros2_ws/install/mg400_interface:/root/ros2_ws/install/mg400_msgs:/root/ros2_ws/install/mg400_common:${AMENT_PREFIX_PATH} CMAKE_PREFIX_PATH=/root/ros2_ws/install/mg400_interface:/root/ros2_ws/install/mg400_msgs:/root/ros2_ws/install/mg400_common:/opt/ros/humble LD_LIBRARY_PATH=/root/ros2_ws/install/mg400_interface/lib:/root/ros2_ws/install/mg400_msgs/lib:/root/ros2_ws/install/mg400_common/lib:${LD_LIBRARY_PATH} PYTHONPATH=/root/ros2_ws/install/mg400_msgs/local/lib/python3.10/dist-packages:${PYTHONPATH} /usr/bin/cmake --install /root/ros2_ws/build/mg400_plugin_base
