-- The C compiler identification is GNU 11.4.0
-- The CXX compiler identification is GNU 11.4.0
-- Detecting C compiler ABI info
-- Detecting C compiler ABI info - done
-- Check for working C compiler: /usr/bin/cc - skipped
-- Detecting C compile features
-- Detecting C compile features - done
-- Detecting CXX compiler ABI info
-- Detecting CXX compiler ABI info - done
-- Check for working CXX compiler: /usr/bin/c++ - skipped
-- Detecting CXX compile features
-- Detecting CXX compile features - done
-- Found ament_cmake_auto: 1.3.14 (/opt/ros/humble/share/ament_cmake_auto/cmake)
-- Found Python3: /usr/bin/python3 (found version "3.10.12") found components: Interpreter 
-- Override CMake install command with custom implementation using symlinks instead of copying resources
-- Found rosidl_generator_c: 3.1.9 (/opt/ros/humble/share/rosidl_generator_c/cmake)
-- Found rosidl_adapter: 3.1.9 (/opt/ros/humble/share/rosidl_adapter/cmake)
-- Found rosidl_generator_cpp: 3.1.9 (/opt/ros/humble/share/rosidl_generator_cpp/cmake)
-- Using all available rosidl_typesupport_c: rosidl_typesupport_fastrtps_c;rosidl_typesupport_introspection_c
-- Using all available rosidl_typesupport_cpp: rosidl_typesupport_fastrtps_cpp;rosidl_typesupport_introspection_cpp
-- Found rmw_implementation_cmake: 6.1.3 (/opt/ros/humble/share/rmw_implementation_cmake/cmake)
-- Found rmw_fastrtps_cpp: 6.2.10 (/opt/ros/humble/share/rmw_fastrtps_cpp/cmake)
-- Found OpenSSL: /usr/lib/x86_64-linux-gnu/libcrypto.so (found version "3.0.2")  
-- Found FastRTPS: /opt/ros/humble/include  
-- Using RMW implementation 'rmw_fastrtps_cpp' as default
-- Looking for pthread.h
-- Looking for pthread.h - found
-- Performing Test CMAKE_HAVE_LIBC_PTHREAD
-- Performing Test CMAKE_HAVE_LIBC_PTHREAD - Success
-- Found Threads: TRUE  
-- Found eigen3_cmake_module: 0.1.1 (/opt/ros/humble/share/eigen3_cmake_module/cmake)
-- Found Eigen3: TRUE (found version "3.4.0") 
-- Ensuring Eigen3 include directory is part of orocos-kdl CMake target
-- Found ament_lint_auto: 0.12.15 (/opt/ros/humble/share/ament_lint_auto/cmake)
[0mIn this package, headers install destination is set to `include` by ament_auto_package. It is recommended to install `include/mg400_tools` instead and will be the default behavior of ament_auto_package from ROS 2 Kilted Kaiju. On distributions before Kilted, ament_auto_package behaves the same way when you use USE_SCOPED_HEADER_INSTALL_DIR option.[0m
-- Added test 'cppcheck' to perform static code analysis on C / C++ code
-- Configured cppcheck include dirs: /root/ros2_ws/src/MG400_ROS2/mg400_tools/include;/root/ros2_ws/src/MG400_ROS2/mg400_tools/../mg400_common/include;/root/ros2_ws/src/MG400_ROS2/mg400_tools/../install/mg400_msgs/include/mg400_msgs
-- Configured cppcheck exclude dirs and/or files: 
-- Added test 'cpplint' to check C / C++ code against the Google style
-- Configured cpplint exclude dirs and/or files: 
-- Added test 'lint_cmake' to check CMake code style
-- Added test 'xmllint' to check XML markup files
-- Configuring done
-- Generating done
-- Build files have been written to: /root/ros2_ws/build/mg400_tools
[ 50%] [32mBuilding CXX object CMakeFiles/command_queue_client.dir/src/command_queue_client.cpp.o[0m
[ 50%] [32mBuilding CXX object CMakeFiles/mg400_kinematics_cli.dir/src/mg400_kinematics_cli.cpp.o[0m
[ 50%] [32mBuilding CXX object CMakeFiles/validate_kinematics_with_solutions.dir/src/validate_kinematics_with_solutions.cpp.o[0m
[ 66%] [32m[1mLinking CXX executable mg400_kinematics_cli[0m
[ 66%] Built target mg400_kinematics_cli
[ 83%] [32m[1mLinking CXX executable command_queue_client[0m
[ 83%] Built target command_queue_client
[100%] [32m[1mLinking CXX executable validate_kinematics_with_solutions[0m
[100%] Built target validate_kinematics_with_solutions
-- Install configuration: ""
-- Execute custom install script
-- Symlinking: /root/ros2_ws/install/mg400_tools/share/mg400_tools/config/commands.yaml
-- Symlinking: /root/ros2_ws/install/mg400_tools/include/mg400_tools/command_queue_client.hpp
-- Symlinking: /root/ros2_ws/install/mg400_tools/lib/mg400_tools/command_queue_client
-- Symlinking: /root/ros2_ws/install/mg400_tools/lib/mg400_tools/validate_kinematics_with_solutions
-- Symlinking: /root/ros2_ws/install/mg400_tools/lib/mg400_tools/mg400_kinematics_cli
-- Symlinking: /root/ros2_ws/install/mg400_tools/share/ament_index/resource_index/package_run_dependencies/mg400_tools
-- Symlinking: /root/ros2_ws/install/mg400_tools/share/ament_index/resource_index/parent_prefix_path/mg400_tools
-- Symlinking: /root/ros2_ws/install/mg400_tools/share/mg400_tools/environment/ament_prefix_path.sh
-- Symlinking: /root/ros2_ws/install/mg400_tools/share/mg400_tools/environment/ament_prefix_path.dsv
-- Symlinking: /root/ros2_ws/install/mg400_tools/share/mg400_tools/environment/path.sh
-- Symlinking: /root/ros2_ws/install/mg400_tools/share/mg400_tools/environment/path.dsv
-- Symlinking: /root/ros2_ws/install/mg400_tools/share/mg400_tools/local_setup.bash
-- Symlinking: /root/ros2_ws/install/mg400_tools/share/mg400_tools/local_setup.sh
-- Symlinking: /root/ros2_ws/install/mg400_tools/share/mg400_tools/local_setup.zsh
-- Symlinking: /root/ros2_ws/install/mg400_tools/share/mg400_tools/local_setup.dsv
-- Symlinking: /root/ros2_ws/install/mg400_tools/share/mg400_tools/package.dsv
-- Symlinking: /root/ros2_ws/install/mg400_tools/share/ament_index/resource_index/packages/mg400_tools
-- Symlinking: /root/ros2_ws/install/mg400_tools/share/mg400_tools/cmake/ament_cmake_export_dependencies-extras.cmake
-- Symlinking: /root/ros2_ws/install/mg400_tools/share/mg400_tools/cmake/ament_cmake_export_include_directories-extras.cmake
-- Symlinking: /root/ros2_ws/install/mg400_tools/share/mg400_tools/cmake/mg400_toolsConfig.cmake
-- Symlinking: /root/ros2_ws/install/mg400_tools/share/mg400_tools/cmake/mg400_toolsConfig-version.cmake
-- Symlinking: /root/ros2_ws/install/mg400_tools/share/mg400_tools/package.xml
