[0.013s] Invoking command in '/root/ros2_ws/build/mg400_tools': AMENT_PREFIX_PATH=/root/ros2_ws/install/mg400_msgs:/root/ros2_ws/install/mg400_common:${AMENT_PREFIX_PATH} CMAKE_PREFIX_PATH=/root/ros2_ws/install/mg400_msgs:/root/ros2_ws/install/mg400_common:/opt/ros/humble LD_LIBRARY_PATH=/root/ros2_ws/install/mg400_msgs/lib:/root/ros2_ws/install/mg400_common/lib:${LD_LIBRARY_PATH} PYTHONPATH=/root/ros2_ws/install/mg400_msgs/local/lib/python3.10/dist-packages:${PYTHONPATH} /usr/bin/cmake /root/ros2_ws/src/MG400_ROS2/mg400_tools -DAMENT_CMAKE_SYMLINK_INSTALL=1 -DCMAKE_INSTALL_PREFIX=/root/ros2_ws/install/mg400_tools
[0.066s] -- The C compiler identification is GNU 11.4.0
[0.126s] -- The CXX compiler identification is GNU 11.4.0
[0.133s] -- Detecting C compiler ABI info
[0.201s] -- Detecting C compiler ABI info - done
[0.207s] -- Check for working C compiler: /usr/bin/cc - skipped
[0.207s] -- Detecting C compile features
[0.207s] -- Detecting C compile features - done
[0.210s] -- Detecting CXX compiler ABI info
[0.286s] -- Detecting CXX compiler ABI info - done
[0.292s] -- Check for working CXX compiler: /usr/bin/c++ - skipped
[0.292s] -- Detecting CXX compile features
[0.292s] -- Detecting CXX compile features - done
[0.295s] -- Found ament_cmake_auto: 1.3.14 (/opt/ros/humble/share/ament_cmake_auto/cmake)
[0.439s] -- Found Python3: /usr/bin/python3 (found version "3.10.12") found components: Interpreter 
[0.493s] -- Override CMake install command with custom implementation using symlinks instead of copying resources
[0.623s] -- Found rosidl_generator_c: 3.1.9 (/opt/ros/humble/share/rosidl_generator_c/cmake)
[0.628s] -- Found rosidl_adapter: 3.1.9 (/opt/ros/humble/share/rosidl_adapter/cmake)
[0.636s] -- Found rosidl_generator_cpp: 3.1.9 (/opt/ros/humble/share/rosidl_generator_cpp/cmake)
[0.647s] -- Using all available rosidl_typesupport_c: rosidl_typesupport_fastrtps_c;rosidl_typesupport_introspection_c
[0.662s] -- Using all available rosidl_typesupport_cpp: rosidl_typesupport_fastrtps_cpp;rosidl_typesupport_introspection_cpp
[0.778s] -- Found rmw_implementation_cmake: 6.1.3 (/opt/ros/humble/share/rmw_implementation_cmake/cmake)
[0.780s] -- Found rmw_fastrtps_cpp: 6.2.10 (/opt/ros/humble/share/rmw_fastrtps_cpp/cmake)
[0.874s] -- Found OpenSSL: /usr/lib/x86_64-linux-gnu/libcrypto.so (found version "3.0.2")  
[0.902s] -- Found FastRTPS: /opt/ros/humble/include  
[0.946s] -- Using RMW implementation 'rmw_fastrtps_cpp' as default
[0.954s] -- Looking for pthread.h
[1.027s] -- Looking for pthread.h - found
[1.027s] -- Performing Test CMAKE_HAVE_LIBC_PTHREAD
[1.107s] -- Performing Test CMAKE_HAVE_LIBC_PTHREAD - Success
[1.108s] -- Found Threads: TRUE  
[1.184s] -- Found eigen3_cmake_module: 0.1.1 (/opt/ros/humble/share/eigen3_cmake_module/cmake)
[1.185s] -- Found Eigen3: TRUE (found version "3.4.0") 
[1.185s] -- Ensuring Eigen3 include directory is part of orocos-kdl CMake target
[1.247s] -- Found ament_lint_auto: 0.12.15 (/opt/ros/humble/share/ament_lint_auto/cmake)
[1.282s] [0mIn this package, headers install destination is set to `include` by ament_auto_package. It is recommended to install `include/mg400_tools` instead and will be the default behavior of ament_auto_package from ROS 2 Kilted Kaiju. On distributions before Kilted, ament_auto_package behaves the same way when you use USE_SCOPED_HEADER_INSTALL_DIR option.[0m
[1.287s] -- Added test 'cppcheck' to perform static code analysis on C / C++ code
[1.287s] -- Configured cppcheck include dirs: /root/ros2_ws/src/MG400_ROS2/mg400_tools/include;/root/ros2_ws/src/MG400_ROS2/mg400_tools/../mg400_common/include;/root/ros2_ws/src/MG400_ROS2/mg400_tools/../install/mg400_msgs/include/mg400_msgs
[1.287s] -- Configured cppcheck exclude dirs and/or files: 
[1.288s] -- Added test 'cpplint' to check C / C++ code against the Google style
[1.288s] -- Configured cpplint exclude dirs and/or files: 
[1.289s] -- Added test 'lint_cmake' to check CMake code style
[1.289s] -- Added test 'xmllint' to check XML markup files
[1.292s] -- Configuring done
[1.316s] -- Generating done
[1.323s] -- Build files have been written to: /root/ros2_ws/build/mg400_tools
[1.334s] Invoked command in '/root/ros2_ws/build/mg400_tools' returned '0': AMENT_PREFIX_PATH=/root/ros2_ws/install/mg400_msgs:/root/ros2_ws/install/mg400_common:${AMENT_PREFIX_PATH} CMAKE_PREFIX_PATH=/root/ros2_ws/install/mg400_msgs:/root/ros2_ws/install/mg400_common:/opt/ros/humble LD_LIBRARY_PATH=/root/ros2_ws/install/mg400_msgs/lib:/root/ros2_ws/install/mg400_common/lib:${LD_LIBRARY_PATH} PYTHONPATH=/root/ros2_ws/install/mg400_msgs/local/lib/python3.10/dist-packages:${PYTHONPATH} /usr/bin/cmake /root/ros2_ws/src/MG400_ROS2/mg400_tools -DAMENT_CMAKE_SYMLINK_INSTALL=1 -DCMAKE_INSTALL_PREFIX=/root/ros2_ws/install/mg400_tools
[1.336s] Invoking command in '/root/ros2_ws/build/mg400_tools': AMENT_PREFIX_PATH=/root/ros2_ws/install/mg400_msgs:/root/ros2_ws/install/mg400_common:${AMENT_PREFIX_PATH} CMAKE_PREFIX_PATH=/root/ros2_ws/install/mg400_msgs:/root/ros2_ws/install/mg400_common:/opt/ros/humble LD_LIBRARY_PATH=/root/ros2_ws/install/mg400_msgs/lib:/root/ros2_ws/install/mg400_common/lib:${LD_LIBRARY_PATH} PYTHONPATH=/root/ros2_ws/install/mg400_msgs/local/lib/python3.10/dist-packages:${PYTHONPATH} /usr/bin/cmake --build /root/ros2_ws/build/mg400_tools -- -j16 -l16
[1.387s] [ 50%] [32mBuilding CXX object CMakeFiles/command_queue_client.dir/src/command_queue_client.cpp.o[0m
[1.388s] [ 50%] [32mBuilding CXX object CMakeFiles/mg400_kinematics_cli.dir/src/mg400_kinematics_cli.cpp.o[0m
[1.388s] [ 50%] [32mBuilding CXX object CMakeFiles/validate_kinematics_with_solutions.dir/src/validate_kinematics_with_solutions.cpp.o[0m
[8.395s] [ 66%] [32m[1mLinking CXX executable mg400_kinematics_cli[0m
[8.649s] [ 66%] Built target mg400_kinematics_cli
[9.052s] [ 83%] [32m[1mLinking CXX executable command_queue_client[0m
[9.310s] [ 83%] Built target command_queue_client
[9.780s] [100%] [32m[1mLinking CXX executable validate_kinematics_with_solutions[0m
[10.103s] [100%] Built target validate_kinematics_with_solutions
[10.115s] Invoked command in '/root/ros2_ws/build/mg400_tools' returned '0': AMENT_PREFIX_PATH=/root/ros2_ws/install/mg400_msgs:/root/ros2_ws/install/mg400_common:${AMENT_PREFIX_PATH} CMAKE_PREFIX_PATH=/root/ros2_ws/install/mg400_msgs:/root/ros2_ws/install/mg400_common:/opt/ros/humble LD_LIBRARY_PATH=/root/ros2_ws/install/mg400_msgs/lib:/root/ros2_ws/install/mg400_common/lib:${LD_LIBRARY_PATH} PYTHONPATH=/root/ros2_ws/install/mg400_msgs/local/lib/python3.10/dist-packages:${PYTHONPATH} /usr/bin/cmake --build /root/ros2_ws/build/mg400_tools -- -j16 -l16
[10.117s] Invoking command in '/root/ros2_ws/build/mg400_tools': AMENT_PREFIX_PATH=/root/ros2_ws/install/mg400_msgs:/root/ros2_ws/install/mg400_common:${AMENT_PREFIX_PATH} CMAKE_PREFIX_PATH=/root/ros2_ws/install/mg400_msgs:/root/ros2_ws/install/mg400_common:/opt/ros/humble LD_LIBRARY_PATH=/root/ros2_ws/install/mg400_msgs/lib:/root/ros2_ws/install/mg400_common/lib:${LD_LIBRARY_PATH} PYTHONPATH=/root/ros2_ws/install/mg400_msgs/local/lib/python3.10/dist-packages:${PYTHONPATH} /usr/bin/cmake --install /root/ros2_ws/build/mg400_tools
[10.126s] -- Install configuration: ""
[10.126s] -- Execute custom install script
[10.126s] -- Symlinking: /root/ros2_ws/install/mg400_tools/share/mg400_tools/config/commands.yaml
[10.138s] -- Symlinking: /root/ros2_ws/install/mg400_tools/include/mg400_tools/command_queue_client.hpp
[10.149s] -- Symlinking: /root/ros2_ws/install/mg400_tools/lib/mg400_tools/command_queue_client
[10.160s] -- Symlinking: /root/ros2_ws/install/mg400_tools/lib/mg400_tools/validate_kinematics_with_solutions
[10.171s] -- Symlinking: /root/ros2_ws/install/mg400_tools/lib/mg400_tools/mg400_kinematics_cli
[10.181s] -- Symlinking: /root/ros2_ws/install/mg400_tools/share/ament_index/resource_index/package_run_dependencies/mg400_tools
[10.191s] -- Symlinking: /root/ros2_ws/install/mg400_tools/share/ament_index/resource_index/parent_prefix_path/mg400_tools
[10.202s] -- Symlinking: /root/ros2_ws/install/mg400_tools/share/mg400_tools/environment/ament_prefix_path.sh
[10.212s] -- Symlinking: /root/ros2_ws/install/mg400_tools/share/mg400_tools/environment/ament_prefix_path.dsv
[10.222s] -- Symlinking: /root/ros2_ws/install/mg400_tools/share/mg400_tools/environment/path.sh
[10.232s] -- Symlinking: /root/ros2_ws/install/mg400_tools/share/mg400_tools/environment/path.dsv
[10.242s] -- Symlinking: /root/ros2_ws/install/mg400_tools/share/mg400_tools/local_setup.bash
[10.252s] -- Symlinking: /root/ros2_ws/install/mg400_tools/share/mg400_tools/local_setup.sh
[10.262s] -- Symlinking: /root/ros2_ws/install/mg400_tools/share/mg400_tools/local_setup.zsh
[10.271s] -- Symlinking: /root/ros2_ws/install/mg400_tools/share/mg400_tools/local_setup.dsv
[10.280s] -- Symlinking: /root/ros2_ws/install/mg400_tools/share/mg400_tools/package.dsv
[10.290s] -- Symlinking: /root/ros2_ws/install/mg400_tools/share/ament_index/resource_index/packages/mg400_tools
[10.299s] -- Symlinking: /root/ros2_ws/install/mg400_tools/share/mg400_tools/cmake/ament_cmake_export_dependencies-extras.cmake
[10.308s] -- Symlinking: /root/ros2_ws/install/mg400_tools/share/mg400_tools/cmake/ament_cmake_export_include_directories-extras.cmake
[10.317s] -- Symlinking: /root/ros2_ws/install/mg400_tools/share/mg400_tools/cmake/mg400_toolsConfig.cmake
[10.327s] -- Symlinking: /root/ros2_ws/install/mg400_tools/share/mg400_tools/cmake/mg400_toolsConfig-version.cmake
[10.337s] -- Symlinking: /root/ros2_ws/install/mg400_tools/share/mg400_tools/package.xml
[10.349s] Invoked command in '/root/ros2_ws/build/mg400_tools' returned '0': AMENT_PREFIX_PATH=/root/ros2_ws/install/mg400_msgs:/root/ros2_ws/install/mg400_common:${AMENT_PREFIX_PATH} CMAKE_PREFIX_PATH=/root/ros2_ws/install/mg400_msgs:/root/ros2_ws/install/mg400_common:/opt/ros/humble LD_LIBRARY_PATH=/root/ros2_ws/install/mg400_msgs/lib:/root/ros2_ws/install/mg400_common/lib:${LD_LIBRARY_PATH} PYTHONPATH=/root/ros2_ws/install/mg400_msgs/local/lib/python3.10/dist-packages:${PYTHONPATH} /usr/bin/cmake --install /root/ros2_ws/build/mg400_tools
