[0.012s] Invoking command in '/root/ros2_ws/build/mg400_plugin_base': AMENT_PREFIX_PATH=/root/ros2_ws/install/mg400_interface:/root/ros2_ws/install/mg400_msgs:/root/ros2_ws/install/mg400_common:${AMENT_PREFIX_PATH} CMAKE_PREFIX_PATH=/root/ros2_ws/install/mg400_interface:/root/ros2_ws/install/mg400_msgs:/root/ros2_ws/install/mg400_common:/opt/ros/humble LD_LIBRARY_PATH=/root/ros2_ws/install/mg400_interface/lib:/root/ros2_ws/install/mg400_msgs/lib:/root/ros2_ws/install/mg400_common/lib:${LD_LIBRARY_PATH} PYTHONPATH=/root/ros2_ws/install/mg400_msgs/local/lib/python3.10/dist-packages:${PYTHONPATH} /usr/bin/cmake /root/ros2_ws/src/MG400_ROS2/mg400_plugin_base -DAMENT_CMAKE_SYMLINK_INSTALL=1 -DCMAKE_INSTALL_PREFIX=/root/ros2_ws/install/mg400_plugin_base
[0.059s] -- The C compiler identification is GNU 11.4.0
[0.106s] -- The CXX compiler identification is GNU 11.4.0
[0.112s] -- Detecting C compiler ABI info
[0.173s] -- Detecting C compiler ABI info - done
[0.179s] -- Check for working C compiler: /usr/bin/cc - skipped
[0.179s] -- Detecting C compile features
[0.179s] -- Detecting C compile features - done
[0.181s] -- Detecting CXX compiler ABI info
[0.250s] -- Detecting CXX compiler ABI info - done
[0.255s] -- Check for working CXX compiler: /usr/bin/c++ - skipped
[0.255s] -- Detecting CXX compile features
[0.255s] -- Detecting CXX compile features - done
[0.258s] -- Found ament_cmake_auto: 1.3.14 (/opt/ros/humble/share/ament_cmake_auto/cmake)
[0.393s] -- Found Python3: /usr/bin/python3 (found version "3.10.12") found components: Interpreter 
[0.451s] -- Override CMake install command with custom implementation using symlinks instead of copying resources
[0.576s] -- Found rosidl_generator_c: 3.1.9 (/opt/ros/humble/share/rosidl_generator_c/cmake)
[0.582s] -- Found rosidl_adapter: 3.1.9 (/opt/ros/humble/share/rosidl_adapter/cmake)
[0.590s] -- Found rosidl_generator_cpp: 3.1.9 (/opt/ros/humble/share/rosidl_generator_cpp/cmake)
[0.601s] -- Using all available rosidl_typesupport_c: rosidl_typesupport_fastrtps_c;rosidl_typesupport_introspection_c
[0.616s] -- Using all available rosidl_typesupport_cpp: rosidl_typesupport_fastrtps_cpp;rosidl_typesupport_introspection_cpp
[0.658s] -- Found rmw_implementation_cmake: 6.1.3 (/opt/ros/humble/share/rmw_implementation_cmake/cmake)
[0.660s] -- Found rmw_fastrtps_cpp: 6.2.10 (/opt/ros/humble/share/rmw_fastrtps_cpp/cmake)
[0.749s] -- Found OpenSSL: /usr/lib/x86_64-linux-gnu/libcrypto.so (found version "3.0.2")  
[0.775s] -- Found FastRTPS: /opt/ros/humble/include  
[0.817s] -- Using RMW implementation 'rmw_fastrtps_cpp' as default
[0.830s] -- Looking for pthread.h
[0.899s] -- Looking for pthread.h - found
[0.899s] -- Performing Test CMAKE_HAVE_LIBC_PTHREAD
[0.963s] -- Performing Test CMAKE_HAVE_LIBC_PTHREAD - Success
[0.964s] -- Found Threads: TRUE  
[1.198s] -- Found eigen3_cmake_module: 0.1.1 (/opt/ros/humble/share/eigen3_cmake_module/cmake)
[1.199s] -- Found Eigen3: TRUE (found version "3.4.0") 
[1.199s] -- Ensuring Eigen3 include directory is part of orocos-kdl CMake target
[1.203s] -- Found ament_lint_auto: 0.12.15 (/opt/ros/humble/share/ament_lint_auto/cmake)
[1.221s] [0mIn this package, headers install destination is set to `include` by ament_auto_package. It is recommended to install `include/mg400_plugin_base` instead and will be the default behavior of ament_auto_package from ROS 2 Kilted Kaiju. On distributions before Kilted, ament_auto_package behaves the same way when you use USE_SCOPED_HEADER_INSTALL_DIR option.[0m
[1.228s] -- Added test 'cppcheck' to perform static code analysis on C / C++ code
[1.228s] -- Configured cppcheck include dirs: 
[1.228s] -- Configured cppcheck exclude dirs and/or files: 
[1.229s] -- Added test 'lint_cmake' to check CMake code style
[1.230s] -- Added test 'uncrustify' to check C / C++ code style
[1.230s] -- Configured uncrustify additional arguments: 
[1.230s] -- Added test 'xmllint' to check XML markup files
[1.233s] -- Configuring done
[1.240s] -- Generating done
[1.243s] -- Build files have been written to: /root/ros2_ws/build/mg400_plugin_base
[1.260s] Invoked command in '/root/ros2_ws/build/mg400_plugin_base' returned '0': AMENT_PREFIX_PATH=/root/ros2_ws/install/mg400_interface:/root/ros2_ws/install/mg400_msgs:/root/ros2_ws/install/mg400_common:${AMENT_PREFIX_PATH} CMAKE_PREFIX_PATH=/root/ros2_ws/install/mg400_interface:/root/ros2_ws/install/mg400_msgs:/root/ros2_ws/install/mg400_common:/opt/ros/humble LD_LIBRARY_PATH=/root/ros2_ws/install/mg400_interface/lib:/root/ros2_ws/install/mg400_msgs/lib:/root/ros2_ws/install/mg400_common/lib:${LD_LIBRARY_PATH} PYTHONPATH=/root/ros2_ws/install/mg400_msgs/local/lib/python3.10/dist-packages:${PYTHONPATH} /usr/bin/cmake /root/ros2_ws/src/MG400_ROS2/mg400_plugin_base -DAMENT_CMAKE_SYMLINK_INSTALL=1 -DCMAKE_INSTALL_PREFIX=/root/ros2_ws/install/mg400_plugin_base
[1.262s] Invoking command in '/root/ros2_ws/build/mg400_plugin_base': AMENT_PREFIX_PATH=/root/ros2_ws/install/mg400_interface:/root/ros2_ws/install/mg400_msgs:/root/ros2_ws/install/mg400_common:${AMENT_PREFIX_PATH} CMAKE_PREFIX_PATH=/root/ros2_ws/install/mg400_interface:/root/ros2_ws/install/mg400_msgs:/root/ros2_ws/install/mg400_common:/opt/ros/humble LD_LIBRARY_PATH=/root/ros2_ws/install/mg400_interface/lib:/root/ros2_ws/install/mg400_msgs/lib:/root/ros2_ws/install/mg400_common/lib:${LD_LIBRARY_PATH} PYTHONPATH=/root/ros2_ws/install/mg400_msgs/local/lib/python3.10/dist-packages:${PYTHONPATH} /usr/bin/cmake --build /root/ros2_ws/build/mg400_plugin_base -- -j16 -l16
[1.311s] Invoked command in '/root/ros2_ws/build/mg400_plugin_base' returned '0': AMENT_PREFIX_PATH=/root/ros2_ws/install/mg400_interface:/root/ros2_ws/install/mg400_msgs:/root/ros2_ws/install/mg400_common:${AMENT_PREFIX_PATH} CMAKE_PREFIX_PATH=/root/ros2_ws/install/mg400_interface:/root/ros2_ws/install/mg400_msgs:/root/ros2_ws/install/mg400_common:/opt/ros/humble LD_LIBRARY_PATH=/root/ros2_ws/install/mg400_interface/lib:/root/ros2_ws/install/mg400_msgs/lib:/root/ros2_ws/install/mg400_common/lib:${LD_LIBRARY_PATH} PYTHONPATH=/root/ros2_ws/install/mg400_msgs/local/lib/python3.10/dist-packages:${PYTHONPATH} /usr/bin/cmake --build /root/ros2_ws/build/mg400_plugin_base -- -j16 -l16
[1.312s] Invoking command in '/root/ros2_ws/build/mg400_plugin_base': AMENT_PREFIX_PATH=/root/ros2_ws/install/mg400_interface:/root/ros2_ws/install/mg400_msgs:/root/ros2_ws/install/mg400_common:${AMENT_PREFIX_PATH} CMAKE_PREFIX_PATH=/root/ros2_ws/install/mg400_interface:/root/ros2_ws/install/mg400_msgs:/root/ros2_ws/install/mg400_common:/opt/ros/humble LD_LIBRARY_PATH=/root/ros2_ws/install/mg400_interface/lib:/root/ros2_ws/install/mg400_msgs/lib:/root/ros2_ws/install/mg400_common/lib:${LD_LIBRARY_PATH} PYTHONPATH=/root/ros2_ws/install/mg400_msgs/local/lib/python3.10/dist-packages:${PYTHONPATH} /usr/bin/cmake --install /root/ros2_ws/build/mg400_plugin_base
[1.319s] -- Install configuration: ""
[1.319s] -- Execute custom install script
[1.320s] -- Symlinking: /root/ros2_ws/install/mg400_plugin_base/include/mg400_plugin_base/api_loader_base.hpp
[1.327s] -- Symlinking: /root/ros2_ws/install/mg400_plugin_base/include/mg400_plugin_base/api_plugin_base.hpp
[1.336s] -- Symlinking: /root/ros2_ws/install/mg400_plugin_base/share/ament_index/resource_index/package_run_dependencies/mg400_plugin_base
[1.345s] -- Symlinking: /root/ros2_ws/install/mg400_plugin_base/share/ament_index/resource_index/parent_prefix_path/mg400_plugin_base
[1.353s] -- Symlinking: /root/ros2_ws/install/mg400_plugin_base/share/mg400_plugin_base/environment/ament_prefix_path.sh
[1.361s] -- Symlinking: /root/ros2_ws/install/mg400_plugin_base/share/mg400_plugin_base/environment/ament_prefix_path.dsv
[1.369s] -- Symlinking: /root/ros2_ws/install/mg400_plugin_base/share/mg400_plugin_base/environment/path.sh
[1.377s] -- Symlinking: /root/ros2_ws/install/mg400_plugin_base/share/mg400_plugin_base/environment/path.dsv
[1.386s] -- Symlinking: /root/ros2_ws/install/mg400_plugin_base/share/mg400_plugin_base/local_setup.bash
[1.394s] -- Symlinking: /root/ros2_ws/install/mg400_plugin_base/share/mg400_plugin_base/local_setup.sh
[1.403s] -- Symlinking: /root/ros2_ws/install/mg400_plugin_base/share/mg400_plugin_base/local_setup.zsh
[1.411s] -- Symlinking: /root/ros2_ws/install/mg400_plugin_base/share/mg400_plugin_base/local_setup.dsv
[1.420s] -- Symlinking: /root/ros2_ws/install/mg400_plugin_base/share/mg400_plugin_base/package.dsv
[1.430s] -- Symlinking: /root/ros2_ws/install/mg400_plugin_base/share/ament_index/resource_index/packages/mg400_plugin_base
[1.439s] -- Symlinking: /root/ros2_ws/install/mg400_plugin_base/share/mg400_plugin_base/cmake/ament_cmake_export_dependencies-extras.cmake
[1.448s] -- Symlinking: /root/ros2_ws/install/mg400_plugin_base/share/mg400_plugin_base/cmake/ament_cmake_export_include_directories-extras.cmake
[1.459s] -- Symlinking: /root/ros2_ws/install/mg400_plugin_base/share/mg400_plugin_base/cmake/mg400_plugin_baseConfig.cmake
[1.467s] -- Symlinking: /root/ros2_ws/install/mg400_plugin_base/share/mg400_plugin_base/cmake/mg400_plugin_baseConfig-version.cmake
[1.475s] -- Symlinking: /root/ros2_ws/install/mg400_plugin_base/share/mg400_plugin_base/package.xml
[1.486s] Invoked command in '/root/ros2_ws/build/mg400_plugin_base' returned '0': AMENT_PREFIX_PATH=/root/ros2_ws/install/mg400_interface:/root/ros2_ws/install/mg400_msgs:/root/ros2_ws/install/mg400_common:${AMENT_PREFIX_PATH} CMAKE_PREFIX_PATH=/root/ros2_ws/install/mg400_interface:/root/ros2_ws/install/mg400_msgs:/root/ros2_ws/install/mg400_common:/opt/ros/humble LD_LIBRARY_PATH=/root/ros2_ws/install/mg400_interface/lib:/root/ros2_ws/install/mg400_msgs/lib:/root/ros2_ws/install/mg400_common/lib:${LD_LIBRARY_PATH} PYTHONPATH=/root/ros2_ws/install/mg400_msgs/local/lib/python3.10/dist-packages:${PYTHONPATH} /usr/bin/cmake --install /root/ros2_ws/build/mg400_plugin_base
